Archive member included to satisfy reference by file (symbol)

c:/st/stm32cubeide_1.4.0/stm32cubeide/plugins/com.st.stm32cube.ide.mcu.externaltools.gnu-tools-for-stm32.10.3-2021.10.win32_1.0.0.202111181127/tools/bin/../lib/gcc/arm-none-eabi/10.3.1/../../../../arm-none-eabi/lib/thumb/v7e-m+fp/hard\libc_nano.a(lib_a-errno.o)
                              ./Core/Src/syscalls.o (__errno)
c:/st/stm32cubeide_1.4.0/stm32cubeide/plugins/com.st.stm32cube.ide.mcu.externaltools.gnu-tools-for-stm32.10.3-2021.10.win32_1.0.0.202111181127/tools/bin/../lib/gcc/arm-none-eabi/10.3.1/../../../../arm-none-eabi/lib/thumb/v7e-m+fp/hard\libc_nano.a(lib_a-exit.o)
                              c:/st/stm32cubeide_1.4.0/stm32cubeide/plugins/com.st.stm32cube.ide.mcu.externaltools.gnu-tools-for-stm32.10.3-2021.10.win32_1.0.0.202111181127/tools/bin/../lib/gcc/arm-none-eabi/10.3.1/../../../../arm-none-eabi/lib/thumb/v7e-m+fp/hard/crt0.o (exit)
c:/st/stm32cubeide_1.4.0/stm32cubeide/plugins/com.st.stm32cube.ide.mcu.externaltools.gnu-tools-for-stm32.10.3-2021.10.win32_1.0.0.202111181127/tools/bin/../lib/gcc/arm-none-eabi/10.3.1/../../../../arm-none-eabi/lib/thumb/v7e-m+fp/hard\libc_nano.a(lib_a-impure.o)
                              c:/st/stm32cubeide_1.4.0/stm32cubeide/plugins/com.st.stm32cube.ide.mcu.externaltools.gnu-tools-for-stm32.10.3-2021.10.win32_1.0.0.202111181127/tools/bin/../lib/gcc/arm-none-eabi/10.3.1/../../../../arm-none-eabi/lib/thumb/v7e-m+fp/hard\libc_nano.a(lib_a-exit.o) (_global_impure_ptr)
c:/st/stm32cubeide_1.4.0/stm32cubeide/plugins/com.st.stm32cube.ide.mcu.externaltools.gnu-tools-for-stm32.10.3-2021.10.win32_1.0.0.202111181127/tools/bin/../lib/gcc/arm-none-eabi/10.3.1/../../../../arm-none-eabi/lib/thumb/v7e-m+fp/hard\libc_nano.a(lib_a-init.o)
                              c:/st/stm32cubeide_1.4.0/stm32cubeide/plugins/com.st.stm32cube.ide.mcu.externaltools.gnu-tools-for-stm32.10.3-2021.10.win32_1.0.0.202111181127/tools/bin/../lib/gcc/arm-none-eabi/10.3.1/../../../../arm-none-eabi/lib/thumb/v7e-m+fp/hard/crt0.o (__libc_init_array)
c:/st/stm32cubeide_1.4.0/stm32cubeide/plugins/com.st.stm32cube.ide.mcu.externaltools.gnu-tools-for-stm32.10.3-2021.10.win32_1.0.0.202111181127/tools/bin/../lib/gcc/arm-none-eabi/10.3.1/../../../../arm-none-eabi/lib/thumb/v7e-m+fp/hard\libc_nano.a(lib_a-memset.o)
                              c:/st/stm32cubeide_1.4.0/stm32cubeide/plugins/com.st.stm32cube.ide.mcu.externaltools.gnu-tools-for-stm32.10.3-2021.10.win32_1.0.0.202111181127/tools/bin/../lib/gcc/arm-none-eabi/10.3.1/../../../../arm-none-eabi/lib/thumb/v7e-m+fp/hard/crt0.o (memset)
c:/st/stm32cubeide_1.4.0/stm32cubeide/plugins/com.st.stm32cube.ide.mcu.externaltools.gnu-tools-for-stm32.10.3-2021.10.win32_1.0.0.202111181127/tools/bin/../lib/gcc/arm-none-eabi/10.3.1/../../../../arm-none-eabi/lib/thumb/v7e-m+fp/hard\libc_nano.a(lib_a-nano-vfprintf.o)
                              ./Core/Src/log.o (vfprintf)
c:/st/stm32cubeide_1.4.0/stm32cubeide/plugins/com.st.stm32cube.ide.mcu.externaltools.gnu-tools-for-stm32.10.3-2021.10.win32_1.0.0.202111181127/tools/bin/../lib/gcc/arm-none-eabi/10.3.1/../../../../arm-none-eabi/lib/thumb/v7e-m+fp/hard\libc_nano.a(lib_a-nano-vfprintf_i.o)
                              c:/st/stm32cubeide_1.4.0/stm32cubeide/plugins/com.st.stm32cube.ide.mcu.externaltools.gnu-tools-for-stm32.10.3-2021.10.win32_1.0.0.202111181127/tools/bin/../lib/gcc/arm-none-eabi/10.3.1/../../../../arm-none-eabi/lib/thumb/v7e-m+fp/hard\libc_nano.a(lib_a-nano-vfprintf.o) (_printf_i)
c:/st/stm32cubeide_1.4.0/stm32cubeide/plugins/com.st.stm32cube.ide.mcu.externaltools.gnu-tools-for-stm32.10.3-2021.10.win32_1.0.0.202111181127/tools/bin/../lib/gcc/arm-none-eabi/10.3.1/../../../../arm-none-eabi/lib/thumb/v7e-m+fp/hard\libc_nano.a(lib_a-printf.o)
                              ./Core/Src/log.o (printf)
c:/st/stm32cubeide_1.4.0/stm32cubeide/plugins/com.st.stm32cube.ide.mcu.externaltools.gnu-tools-for-stm32.10.3-2021.10.win32_1.0.0.202111181127/tools/bin/../lib/gcc/arm-none-eabi/10.3.1/../../../../arm-none-eabi/lib/thumb/v7e-m+fp/hard\libc_nano.a(lib_a-putchar.o)
                              ./Core/Src/log.o (putchar)
c:/st/stm32cubeide_1.4.0/stm32cubeide/plugins/com.st.stm32cube.ide.mcu.externaltools.gnu-tools-for-stm32.10.3-2021.10.win32_1.0.0.202111181127/tools/bin/../lib/gcc/arm-none-eabi/10.3.1/../../../../arm-none-eabi/lib/thumb/v7e-m+fp/hard\libc_nano.a(lib_a-wbuf.o)
                              c:/st/stm32cubeide_1.4.0/stm32cubeide/plugins/com.st.stm32cube.ide.mcu.externaltools.gnu-tools-for-stm32.10.3-2021.10.win32_1.0.0.202111181127/tools/bin/../lib/gcc/arm-none-eabi/10.3.1/../../../../arm-none-eabi/lib/thumb/v7e-m+fp/hard\libc_nano.a(lib_a-nano-vfprintf.o) (__swbuf_r)
c:/st/stm32cubeide_1.4.0/stm32cubeide/plugins/com.st.stm32cube.ide.mcu.externaltools.gnu-tools-for-stm32.10.3-2021.10.win32_1.0.0.202111181127/tools/bin/../lib/gcc/arm-none-eabi/10.3.1/../../../../arm-none-eabi/lib/thumb/v7e-m+fp/hard\libc_nano.a(lib_a-wsetup.o)
[...]
Memory Configuration

Name             Origin             Length             Attributes
RAM              0x0000000020000000 0x0000000000020000 xrw
FLASH            0x0000000008000000 0x0000000000080000 xr
*default*        0x0000000000000000 0xffffffffffffffff

Linker script and memory map

LOAD c:/st/stm32cubeide_1.4.0/stm32cubeide/plugins/com.st.stm32cube.ide.mcu.externaltools.gnu-tools-for-stm32.10.3-2021.10.win32_1.0.0.202111181127/tools/bin/../lib/gcc/arm-none-eabi/10.3.1/thumb/v7e-m+fp/hard/crti.o
LOAD c:/st/stm32cubeide_1.4.0/stm32cubeide/plugins/com.st.stm32cube.ide.mcu.externaltools.gnu-tools-for-stm32.10.3-2021.10.win32_1.0.0.202111181127/tools/bin/../lib/gcc/arm-none-eabi/10.3.1/thumb/v7e-m+fp/hard/crtbegin.o
LOAD c:/st/stm32cubeide_1.4.0/stm32cubeide/plugins/com.st.stm32cube.ide.mcu.externaltools.gnu-tools-for-stm32.10.3-2021.10.win32_1.0.0.202111181127/tools/bin/../lib/gcc/arm-none-eabi/10.3.1/../../../../arm-none-eabi/lib/thumb/v7e-m+fp/hard/crt0.o
LOAD ./Core/Src/IC_Drivers/FT6206.o
LOAD ./Core/Src/IC_Drivers/FT6206_Hardware.o
LOAD ./Core/Src/IC_Drivers/ILI9341.o
LOAD ./Core/Src/IC_Drivers/ILI9341_Hardware.o
LOAD ./Core/Src/IC_Drivers/MCP23017.o
LOAD ./Core/Src/IC_Drivers/MCP23017_Hardware.o
LOAD ./Core/Src/KeyPadParts/Button.o
LOAD ./Core/Src/KeyPadParts/Button_Hardware.o
LOAD ./Core/Src/KeyPadParts/Joystick.o
LOAD ./Core/Src/KeyPadParts/Joystick_Hardware.o
LOAD ./Core/Src/KeyPadParts/KeyFunctions.o
LOAD ./Core/Src/KeyPadParts/SerialLED.o
LOAD ./Core/Src/KeyPadParts/SerialLED_Hardware.o
LOAD ./Core/Src/KeyPadParts/TouchButton.o
LOAD ./Core/Src/KeyPadParts/TouchButton_Hardware.o
LOAD ./Core/Src/adc.o
LOAD ./Core/Src/dma.o
LOAD ./Core/Src/gpio.o
LOAD ./Core/Src/i2c.o
LOAD ./Core/Src/log.o
LOAD ./Core/Src/main.o
LOAD ./Core/Src/spi.o
LOAD ./Core/Src/stm32f4xx_hal_msp.o
LOAD ./Core/Src/stm32f4xx_it.o
LOAD ./Core/Src/syscalls.o
LOAD ./Core/Src/sysmem.o
LOAD ./Core/Src/system_stm32f4xx.o
LOAD ./Core/Src/tim.o
LOAD ./Core/Src/usart.o
LOAD ./Core/Src/art_assets/art.o
LOAD ./Core/Startup/startup_stm32f411ceux.o
LOAD ./Drivers/STM32F4xx_HAL_Driver/Src/stm32f4xx_hal.o
LOAD ./Drivers/STM32F4xx_HAL_Driver/Src/stm32f4xx_hal_adc.o
LOAD ./Drivers/STM32F4xx_HAL_Driver/Src/stm32f4xx_hal_adc_ex.o
LOAD ./Drivers/STM32F4xx_HAL_Driver/Src/stm32f4xx_hal_cortex.o
LOAD ./Drivers/STM32F4xx_HAL_Driver/Src/stm32f4xx_hal_dma.o
LOAD ./Drivers/STM32F4xx_HAL_Driver/Src/stm32f4xx_hal_dma_ex.o
LOAD ./Drivers/STM32F4xx_HAL_Driver/Src/stm32f4xx_hal_exti.o
LOAD ./Drivers/STM32F4xx_HAL_Driver/Src/stm32f4xx_hal_flash.o
LOAD ./Drivers/STM32F4xx_HAL_Driver/Src/stm32f4xx_hal_flash_ex.o
LOAD ./Drivers/STM32F4xx_HAL_Driver/Src/stm32f4xx_hal_flash_ramfunc.o
LOAD ./Drivers/STM32F4xx_HAL_Driver/Src/stm32f4xx_hal_gpio.o
LOAD ./Drivers/STM32F4xx_HAL_Driver/Src/stm32f4xx_hal_i2c.o
LOAD ./Drivers/STM32F4xx_HAL_Driver/Src/stm32f4xx_hal_i2c_ex.o
LOAD ./Drivers/STM32F4xx_HAL_Driver/Src/stm32f4xx_hal_pcd.o
LOAD ./Drivers/STM32F4xx_HAL_Driver/Src/stm32f4xx_hal_pcd_ex.o
LOAD ./Drivers/STM32F4xx_HAL_Driver/Src/stm32f4xx_hal_pwr.o
LOAD ./Drivers/STM32F4xx_HAL_Driver/Src/stm32f4xx_hal_pwr_ex.o
LOAD ./Drivers/STM32F4xx_HAL_Driver/Src/stm32f4xx_hal_rcc.o
LOAD ./Drivers/STM32F4xx_HAL_Driver/Src/stm32f4xx_hal_rcc_ex.o
LOAD ./Drivers/STM32F4xx_HAL_Driver/Src/stm32f4xx_hal_spi.o
LOAD ./Drivers/STM32F4xx_HAL_Driver/Src/stm32f4xx_hal_tim.o
LOAD ./Drivers/STM32F4xx_HAL_Driver/Src/stm32f4xx_hal_tim_ex.o
LOAD ./Drivers/STM32F4xx_HAL_Driver/Src/stm32f4xx_hal_uart.o
LOAD ./Drivers/STM32F4xx_HAL_Driver/Src/stm32f4xx_ll_adc.o
LOAD ./Drivers/STM32F4xx_HAL_Driver/Src/stm32f4xx_ll_usb.o
LOAD ./Middlewares/ST/STM32_USB_Device_Library/Class/CustomHID/Src/usbd_customhid.o
LOAD ./Middlewares/ST/STM32_USB_Device_Library/Core/Src/usbd_core.o
LOAD ./Middlewares/ST/STM32_USB_Device_Library/Core/Src/usbd_ctlreq.o
LOAD ./Middlewares/ST/STM32_USB_Device_Library/Core/Src/usbd_ioreq.o
LOAD ./USB_DEVICE/App/usb_device.o
LOAD ./USB_DEVICE/App/usbd_custom_hid_if.o
LOAD ./USB_DEVICE/App/usbd_desc.o
LOAD ./USB_DEVICE/Target/usbd_conf.o
START GROUP
LOAD c:/st/stm32cubeide_1.4.0/stm32cubeide/plugins/com.st.stm32cube.ide.mcu.externaltools.gnu-tools-for-stm32.10.3-2021.10.win32_1.0.0.202111181127/tools/bin/../lib/gcc/arm-none-eabi/10.3.1/../../../../arm-none-eabi/lib/thumb/v7e-m+fp/hard\libc_nano.a
LOAD c:/st/stm32cubeide_1.4.0/stm32cubeide/plugins/com.st.stm32cube.ide.mcu.externaltools.gnu-tools-for-stm32.10.3-2021.10.win32_1.0.0.202111181127/tools/bin/../lib/gcc/arm-none-eabi/10.3.1/../../../../arm-none-eabi/lib/thumb/v7e-m+fp/hard\libm.a
END GROUP
START GROUP
LOAD c:/st/stm32cubeide_1.4.0/stm32cubeide/plugins/com.st.stm32cube.ide.mcu.externaltools.gnu-tools-for-stm32.10.3-2021.10.win32_1.0.0.202111181127/tools/bin/../lib/gcc/arm-none-eabi/10.3.1/thumb/v7e-m+fp/hard\libgcc.a
LOAD c:/st/stm32cubeide_1.4.0/stm32cubeide/plugins/com.st.stm32cube.ide.mcu.externaltools.gnu-tools-for-stm32.10.3-2021.10.win32_1.0.0.202111181127/tools/bin/../lib/gcc/arm-none-eabi/10.3.1/../../../../arm-none-eabi/lib/thumb/v7e-m+fp/hard\libc_nano.a
END GROUP
START GROUP
LOAD c:/st/stm32cubeide_1.4.0/stm32cubeide/plugins/com.st.stm32cube.ide.mcu.externaltools.gnu-tools-for-stm32.10.3-2021.10.win32_1.0.0.202111181127/tools/bin/../lib/gcc/arm-none-eabi/10.3.1/thumb/v7e-m+fp/hard\libgcc.a
LOAD c:/st/stm32cubeide_1.4.0/stm32cubeide/plugins/com.st.stm32cube.ide.mcu.externaltools.gnu-tools-for-stm32.10.3-2021.10.win32_1.0.0.202111181127/tools/bin/../lib/gcc/arm-none-eabi/10.3.1/../../../../arm-none-eabi/lib/thumb/v7e-m+fp/hard\libc_nano.a
LOAD c:/st/stm32cubeide_1.4.0/stm32cubeide/plugins/com.st.stm32cube.ide.mcu.externaltools.gnu-tools-for-stm32.10.3-2021.10.win32_1.0.0.202111181127/tools/bin/../lib/gcc/arm-none-eabi/10.3.1/../../../../arm-none-eabi/lib/thumb/v7e-m+fp/hard\libnosys.a
END GROUP
START GROUP
LOAD c:/st/stm32cubeide_1.4.0/stm32cubeide/plugins/com.st.stm32cube.ide.mcu.externaltools.gnu-tools-for-stm32.10.3-2021.10.win32_1.0.0.202111181127/tools/bin/../lib/gcc/arm-none-eabi/10.3.1/thumb/v7e-m+fp/hard\libgcc.a
LOAD c:/st/stm32cubeide_1.4.0/stm32cubeide/plugins/com.st.stm32cube.ide.mcu.externaltools.gnu-tools-for-stm32.10.3-2021.10.win32_1.0.0.202111181127/tools/bin/../lib/gcc/arm-none-eabi/10.3.1/../../../../arm-none-eabi/lib/thumb/v7e-m+fp/hard\libc_nano.a
LOAD c:/st/stm32cubeide_1.4.0/stm32cubeide/plugins/com.st.stm32cube.ide.mcu.externaltools.gnu-tools-for-stm32.10.3-2021.10.win32_1.0.0.202111181127/tools/bin/../lib/gcc/arm-none-eabi/10.3.1/../../../../arm-none-eabi/lib/thumb/v7e-m+fp/hard\libnosys.a
END GROUP
LOAD c:/st/stm32cubeide_1.4.0/stm32cubeide/plugins/com.st.stm32cube.ide.mcu.externaltools.gnu-tools-for-stm32.10.3-2021.10.win32_1.0.0.202111181127/tools/bin/../lib/gcc/arm-none-eabi/10.3.1/thumb/v7e-m+fp/hard/crtend.o
LOAD c:/st/stm32cubeide_1.4.0/stm32cubeide/plugins/com.st.stm32cube.ide.mcu.externaltools.gnu-tools-for-stm32.10.3-2021.10.win32_1.0.0.202111181127/tools/bin/../lib/gcc/arm-none-eabi/10.3.1/thumb/v7e-m+fp/hard/crtn.o
                0x0000000020020000                _estack = (ORIGIN (RAM) + LENGTH (RAM))
                0x0000000000000200                _Min_Heap_Size = 0x200
                0x0000000000000400                _Min_Stack_Size = 0x400

.isr_vector     0x0000000008000000      0x198
                0x0000000008000000                . = ALIGN (0x4)
 *(.isr_vector)
 .isr_vector    0x0000000008000000      0x198 ./Core/Startup/startup_stm32f411ceux.o
                0x0000000008000000                g_pfnVectors
                0x0000000008000198                . = ALIGN (0x4)

.text           0x00000000080001a0     0xe344
                0x00000000080001a0                . = ALIGN (0x4)
 *(.text)
 .text          0x00000000080001a0       0x40 c:/st/stm32cubeide_1.4.0/stm32cubeide/plugins/com.st.stm32cube.ide.mcu.externaltools.gnu-tools-for-stm32.10.3-2021.10.win32_1.0.0.202111181127/tools/bin/../lib/gcc/arm-none-eabi/10.3.1/thumb/v7e-m+fp/hard/crtbegin.o
 .text          0x00000000080001e0       0xa0 c:/st/stm32cubeide_1.4.0/stm32cubeide/plugins/com.st.stm32cube.ide.mcu.externaltools.gnu-tools-for-stm32.10.3-2021.10.win32_1.0.0.202111181127/tools/bin/../lib/gcc/arm-none-eabi/10.3.1/../../../../arm-none-eabi/lib/thumb/v7e-m+fp/hard\libc_nano.a(lib_a-memchr.o)
                0x00000000080001e0                memchr
 .text          0x0000000008000280       0x30 c:/st/stm32cubeide_1.4.0/stm32cubeide/plugins/com.st.stm32cube.ide.mcu.externaltools.gnu-tools-for-stm32.10.3-2021.10.win32_1.0.0.202111181127/tools/bin/../lib/gcc/arm-none-eabi/10.3.1/thumb/v7e-m+fp/hard\libgcc.a(_aeabi_uldivmod.o)
                0x0000000008000280                __aeabi_uldivmod
 .text          0x00000000080002b0      0x2d0 c:/st/stm32cubeide_1.4.0/stm32cubeide/plugins/com.st.stm32cube.ide.mcu.externaltools.gnu-tools-for-stm32.10.3-2021.10.win32_1.0.0.202111181127/tools/bin/../lib/gcc/arm-none-eabi/10.3.1/thumb/v7e-m+fp/hard\libgcc.a(_udivmoddi4.o)
                0x00000000080002b0                __udivmoddi4
 .text          0x0000000008000580        0x4 c:/st/stm32cubeide_1.4.0/stm32cubeide/plugins/com.st.stm32cube.ide.mcu.externaltools.gnu-tools-for-stm32.10.3-2021.10.win32_1.0.0.202111181127/tools/bin/../lib/gcc/arm-none-eabi/10.3.1/thumb/v7e-m+fp/hard\libgcc.a(_dvmd_tls.o)
                0x0000000008000580                __aeabi_idiv0
                0x0000000008000580                __aeabi_ldiv0
 *(.text*)
 .text.FT6206_Init
                0x0000000008000584       0x5c ./Core/Src/IC_Drivers/FT6206.o
                0x0000000008000584                FT6206_Init
 .text.FT6206_DeInit
                0x00000000080005e0       0x34 ./Core/Src/IC_Drivers/FT6206.o
                0x00000000080005e0                FT6206_DeInit
 .text.FT6206_ReadScreen
                0x0000000008000614       0x70 ./Core/Src/IC_Drivers/FT6206.o
                0x0000000008000614                FT6206_ReadScreen
 .text.FT6206_IO_Init
                0x0000000008000684       0x14 ./Core/Src/IC_Drivers/FT6206_Hardware.o
 .text.FT6206_IO_DeInit
                0x0000000008000698       0x14 ./Core/Src/IC_Drivers/FT6206_Hardware.o
 .text.FT6206_IO_Write
                0x00000000080006ac       0x48 ./Core/Src/IC_Drivers/FT6206_Hardware.o
 .text.FT6206_IO_Read
                0x00000000080006f4       0x44 ./Core/Src/IC_Drivers/FT6206_Hardware.o
 .text.FT6206_IO_ioctl
                0x0000000008000738       0x18 ./Core/Src/IC_Drivers/FT6206_Hardware.o
 .text.ILI9341_Init
                0x0000000008000750      0x292 ./Core/Src/IC_Drivers/ILI9341.o
                0x0000000008000750                ILI9341_Init
 .text.ILI9341_FillSceen
                0x00000000080009e2       0x5a ./Core/Src/IC_Drivers/ILI9341.o
                0x00000000080009e2                ILI9341_FillSceen
 .text.ILI9341_SetCoordinates
                0x0000000008000a3c       0x80 ./Core/Src/IC_Drivers/ILI9341.o
 .text.ILI9341_DisplayImage
                0x0000000008000abc       0x72 ./Core/Src/IC_Drivers/ILI9341.o
                0x0000000008000abc                ILI9341_DisplayImage
 .text.ILI9341_IO_Init
                0x0000000008000b2e       0x10 ./Core/Src/IC_Drivers/ILI9341_Hardware.o
 .text.ILI9341_IO_DeInit
                0x0000000008000b3e        0xc ./Core/Src/IC_Drivers/ILI9341_Hardware.o
 .text.ILI9341_IO_ioctl
                0x0000000008000b4a       0x36 ./Core/Src/IC_Drivers/ILI9341_Hardware.o
 .text.ILI9341_IO_WriteReg
                0x0000000008000b80      0x100 ./Core/Src/IC_Drivers/ILI9341_Hardware.o
 .text.ILI9341_IO_ReadReg
                0x0000000008000c80       0x70 ./Core/Src/IC_Drivers/ILI9341_Hardware.o
 .text.ILI9341_CSState
                0x0000000008000cf0       0x34 ./Core/Src/IC_Drivers/ILI9341_Hardware.o
 .text.ILI9341_DCRSState
                0x0000000008000d24       0x34 ./Core/Src/IC_Drivers/ILI9341_Hardware.o
 .text.MCP23017_Init
                0x0000000008000d58      0x11c ./Core/Src/IC_Drivers/MCP23017.o
                0x0000000008000d58                MCP23017_Init
 .text.MCP23017_DeInit
                0x0000000008000e74       0x34 ./Core/Src/IC_Drivers/MCP23017.o
                0x0000000008000e74                MCP23017_DeInit
 .text.MCP23017_Reset
                0x0000000008000ea8      0x104 ./Core/Src/IC_Drivers/MCP23017.o
                0x0000000008000ea8                MCP23017_Reset
 .text.MCP23017_ReadPins
                0x0000000008000fac       0x34 ./Core/Src/IC_Drivers/MCP23017.o
                0x0000000008000fac                MCP23017_ReadPins
 .text.MCP23017_IO_Init
                0x0000000008000fe0       0x14 ./Core/Src/IC_Drivers/MCP23017_Hardware.o
 .text.MCP23017_IO_DeInit
                0x0000000008000ff4       0x14 ./Core/Src/IC_Drivers/MCP23017_Hardware.o
 .text.MCP23017_IO_WriteReg
                0x0000000008001008       0x5c ./Core/Src/IC_Drivers/MCP23017_Hardware.o
 .text.MCP23017_IO_ReadReg
                0x0000000008001064       0x58 ./Core/Src/IC_Drivers/MCP23017_Hardware.o
 .text.MCP23017_IO_ioctl
                0x00000000080010bc       0x18 ./Core/Src/IC_Drivers/MCP23017_Hardware.o
 .text.MCP23017_IO1_WriteReg
                0x00000000080010d4       0x2c ./Core/Src/IC_Drivers/MCP23017_Hardware.o
 .text.MCP23017_IO1_ReadReg
                0x0000000008001100       0x2c ./Core/Src/IC_Drivers/MCP23017_Hardware.o
 .text.MCP23017_IO2_WriteReg
                0x000000000800112c       0x2c ./Core/Src/IC_Drivers/MCP23017_Hardware.o
 .text.MCP23017_IO2_ReadReg
                0x0000000008001158       0x2c ./Core/Src/IC_Drivers/MCP23017_Hardware.o
 .text.MCP23017_IO3_WriteReg
                0x0000000008001184       0x2c ./Core/Src/IC_Drivers/MCP23017_Hardware.o
 .text.MCP23017_IO3_ReadReg
                0x00000000080011b0       0x2c ./Core/Src/IC_Drivers/MCP23017_Hardware.o
 .text.MCP23017_IO4_WriteReg
                0x00000000080011dc       0x2c ./Core/Src/IC_Drivers/MCP23017_Hardware.o
 .text.MCP23017_IO4_ReadReg
                0x0000000008001208       0x2c ./Core/Src/IC_Drivers/MCP23017_Hardware.o
 .text.ButtonInit
                0x0000000008001234       0x64 ./Core/Src/KeyPadParts/Button.o
                0x0000000008001234                ButtonInit
 .text.ButtonRead
                0x0000000008001298       0x3a ./Core/Src/KeyPadParts/Button.o
                0x0000000008001298                ButtonRead
 *fill*         0x00000000080012d2        0x2 
 .text.Button_IO_init
                0x00000000080012d4       0xe0 ./Core/Src/KeyPadParts/Button_Hardware.o
 .text.Button_IO_deinit
                0x00000000080013b4       0x44 ./Core/Src/KeyPadParts/Button_Hardware.o
 .text.Button_IO_Read
                0x00000000080013f8       0x5c ./Core/Src/KeyPadParts/Button_Hardware.o
 .text.ButtonIRQCallback
                0x0000000008001454       0x38 ./Core/Src/KeyPadParts/Button_Hardware.o
                0x0000000008001454                ButtonIRQCallback
 .text.JoystickInit
                0x000000000800148c       0xbc ./Core/Src/KeyPadParts/Joystick.o
                0x000000000800148c                JoystickInit
 .text.JoystickRead
                0x0000000008001548       0x7e ./Core/Src/KeyPadParts/Joystick.o
                0x0000000008001548                JoystickRead
 *fill*         0x00000000080015c6        0x2 
 .text.JoystickIOInit
                0x00000000080015c8       0x28 ./Core/Src/KeyPadParts/Joystick_Hardware.o
 .text.JoystickIODeInit
                0x00000000080015f0       0x20 ./Core/Src/KeyPadParts/Joystick_Hardware.o
 .text.JoystickIORead
                0x0000000008001610      0x1c4 ./Core/Src/KeyPadParts/Joystick_Hardware.o
 .text.SerialLEDInit
                0x00000000080017d4       0x68 ./Core/Src/KeyPadParts/SerialLED.o
                0x00000000080017d4                SerialLEDInit
 .text.SerialLED_IO_Init
                0x000000000800183c       0x50 ./Core/Src/KeyPadParts/SerialLED_Hardware.o
 .text.SerialLED_IO_DeInit
                0x000000000800188c       0x14 ./Core/Src/KeyPadParts/SerialLED_Hardware.o
 .text.SerialLED_IO_Write
                0x00000000080018a0       0xec ./Core/Src/KeyPadParts/SerialLED_Hardware.o
 .text.TouchButtonInit
                0x000000000800198c       0x5a ./Core/Src/KeyPadParts/TouchButton.o
                0x000000000800198c                TouchButtonInit
 .text.TouchButtonRead
                0x00000000080019e6       0x3c ./Core/Src/KeyPadParts/TouchButton.o
                0x00000000080019e6                TouchButtonRead
 *fill*         0x0000000008001a22        0x2 
 .text.TouchButton_IO_Init
                0x0000000008001a24       0x40 ./Core/Src/KeyPadParts/TouchButton_Hardware.o
 .text.TouchButton_IO_DeInit
                0x0000000008001a64       0x24 ./Core/Src/KeyPadParts/TouchButton_Hardware.o
 .text.TouchButton_IO_Read
                0x0000000008001a88       0x60 ./Core/Src/KeyPadParts/TouchButton_Hardware.o
 .text.TouchScreenIRQCallback
                0x0000000008001ae8       0x14 ./Core/Src/KeyPadParts/TouchButton_Hardware.o
                0x0000000008001ae8                TouchScreenIRQCallback
 .text.HAL_ADC_MspInit
                0x0000000008001afc       0xf0 ./Core/Src/adc.o
                0x0000000008001afc                HAL_ADC_MspInit
 .text.ADC1_Init
                0x0000000008001bec       0xc0 ./Core/Src/adc.o
                0x0000000008001bec                ADC1_Init
 .text.I2C1_DMA_Init
                0x0000000008001cac       0x40 ./Core/Src/dma.o
                0x0000000008001cac                I2C1_DMA_Init
 .text.ADC_DMA_Init
                0x0000000008001cec       0x38 ./Core/Src/dma.o
                0x0000000008001cec                ADC_DMA_Init
 .text.TIM_DMA_Init
                0x0000000008001d24       0x38 ./Core/Src/dma.o
                0x0000000008001d24                TIM_DMA_Init
 .text.I2C2_DMA_Init
                0x0000000008001d5c       0x40 ./Core/Src/dma.o
                0x0000000008001d5c                I2C2_DMA_Init
 .text.I2C_GPIO_Init
                0x0000000008001d9c       0x34 ./Core/Src/gpio.o
                0x0000000008001d9c                I2C_GPIO_Init
 .text.ADC_GPIO_Init
                0x0000000008001dd0       0x34 ./Core/Src/gpio.o
                0x0000000008001dd0                ADC_GPIO_Init
 .text.TIM3_GPIO_Init
                0x0000000008001e04       0x34 ./Core/Src/gpio.o
                0x0000000008001e04                TIM3_GPIO_Init
 .text.ILI9341_GPIO_Init
                0x0000000008001e38       0x84 ./Core/Src/gpio.o
                0x0000000008001e38                ILI9341_GPIO_Init
 .text.ILI9341_GPIO_DeInit
                0x0000000008001ebc       0x14 ./Core/Src/gpio.o
                0x0000000008001ebc                ILI9341_GPIO_DeInit
 .text.HAL_I2C_MspInit
                0x0000000008001ed0      0x1e0 ./Core/Src/i2c.o
                0x0000000008001ed0                HAL_I2C_MspInit
 .text.I2C1_Init
                0x00000000080020b0       0x5c ./Core/Src/i2c.o
                0x00000000080020b0                I2C1_Init
 .text.I2C2_Init
                0x000000000800210c       0x5c ./Core/Src/i2c.o
                0x000000000800210c                I2C2_Init
 .text.__io_putchar
                0x0000000008002168       0x2c ./Core/Src/log.o
                0x0000000008002168                __io_putchar
 .text._log     0x0000000008002194       0xb4 ./Core/Src/log.o
                0x0000000008002194                _log
 .text.main     0x0000000008002248       0x88 ./Core/Src/main.o
                0x0000000008002248                main
 .text.SystemClock_Config
                0x00000000080022d0       0xd0 ./Core/Src/main.o
                0x00000000080022d0                SystemClock_Config
 .text.InitButtons
                0x00000000080023a0       0x5c ./Core/Src/main.o
                0x00000000080023a0                InitButtons
 .text.InitJoystick
                0x00000000080023fc       0x54 ./Core/Src/main.o
                0x00000000080023fc                InitJoystick
 .text.InitLEDs
                0x0000000008002450       0x68 ./Core/Src/main.o
                0x0000000008002450                InitLEDs
 .text.InitScreen
                0x00000000080024b8      0x31c ./Core/Src/main.o
                0x00000000080024b8                InitScreen
 .text.InitTouchButtons
                0x00000000080027d4      0x1e0 ./Core/Src/main.o
                0x00000000080027d4                InitTouchButtons
 .text.Error_Handler
                0x00000000080029b4        0xa ./Core/Src/main.o
                0x00000000080029b4                Error_Handler
 *fill*         0x00000000080029be        0x2 
 .text.HAL_SPI_MspInit
                0x00000000080029c0       0x90 ./Core/Src/spi.o
                0x00000000080029c0                HAL_SPI_MspInit
 .text.ILI9341_SPI_Init
                0x0000000008002a50       0x6c ./Core/Src/spi.o
                0x0000000008002a50                ILI9341_SPI_Init
 .text.HAL_MspInit
                0x0000000008002abc       0x50 ./Core/Src/stm32f4xx_hal_msp.o
                0x0000000008002abc                HAL_MspInit
 .text.NMI_Handler
                0x0000000008002b0c        0x6 ./Core/Src/stm32f4xx_it.o
                0x0000000008002b0c                NMI_Handler
 .text.HardFault_Handler
                0x0000000008002b12        0x6 ./Core/Src/stm32f4xx_it.o
                0x0000000008002b12                HardFault_Handler
 .text.MemManage_Handler
                0x0000000008002b18        0x6 ./Core/Src/stm32f4xx_it.o
                0x0000000008002b18                MemManage_Handler
 .text.BusFault_Handler
                0x0000000008002b1e        0x6 ./Core/Src/stm32f4xx_it.o
                0x0000000008002b1e                BusFault_Handler
 .text.UsageFault_Handler
                0x0000000008002b24        0x6 ./Core/Src/stm32f4xx_it.o
                0x0000000008002b24                UsageFault_Handler
 .text.SVC_Handler
                0x0000000008002b2a        0xe ./Core/Src/stm32f4xx_it.o
                0x0000000008002b2a                SVC_Handler
 .text.DebugMon_Handler
                0x0000000008002b38        0xe ./Core/Src/stm32f4xx_it.o
                0x0000000008002b38                DebugMon_Handler
 .text.PendSV_Handler
                0x0000000008002b46        0xe ./Core/Src/stm32f4xx_it.o
                0x0000000008002b46                PendSV_Handler
 .text.SysTick_Handler
                0x0000000008002b54        0xc ./Core/Src/stm32f4xx_it.o
                0x0000000008002b54                SysTick_Handler
 .text.DMA1_Stream0_IRQHandler
                0x0000000008002b60       0x14 ./Core/Src/stm32f4xx_it.o
                0x0000000008002b60                DMA1_Stream0_IRQHandler
 .text.DMA1_Stream2_IRQHandler
                0x0000000008002b74       0x14 ./Core/Src/stm32f4xx_it.o
                0x0000000008002b74                DMA1_Stream2_IRQHandler
 .text.DMA1_Stream4_IRQHandler
                0x0000000008002b88       0x14 ./Core/Src/stm32f4xx_it.o
                0x0000000008002b88                DMA1_Stream4_IRQHandler
 .text.DMA2_Stream0_IRQHandler
                0x0000000008002b9c       0x14 ./Core/Src/stm32f4xx_it.o
                0x0000000008002b9c                DMA2_Stream0_IRQHandler
 .text.OTG_FS_IRQHandler
                0x0000000008002bb0       0x14 ./Core/Src/stm32f4xx_it.o
                0x0000000008002bb0                OTG_FS_IRQHandler
 .text.HAL_I2C_MemRxCpltCallback
                0x0000000008002bc4       0x34 ./Core/Src/stm32f4xx_it.o
                0x0000000008002bc4                HAL_I2C_MemRxCpltCallback
 .text._read    0x0000000008002bf8       0x3a ./Core/Src/syscalls.o
                0x0000000008002bf8                _read
 .text._write   0x0000000008002c32       0x38 ./Core/Src/syscalls.o
                0x0000000008002c32                _write
 .text._close   0x0000000008002c6a       0x18 ./Core/Src/syscalls.o
                0x0000000008002c6a                _close
 .text._fstat   0x0000000008002c82       0x20 ./Core/Src/syscalls.o
                0x0000000008002c82                _fstat
 .text._isatty  0x0000000008002ca2       0x16 ./Core/Src/syscalls.o
                0x0000000008002ca2                _isatty
 .text._lseek   0x0000000008002cb8       0x1a ./Core/Src/syscalls.o
                0x0000000008002cb8                _lseek
 *fill*         0x0000000008002cd2        0x2 
 .text._sbrk    0x0000000008002cd4       0x6c ./Core/Src/sysmem.o
                0x0000000008002cd4                _sbrk
 .text.SystemInit
                0x0000000008002d40       0x24 ./Core/Src/system_stm32f4xx.o
                0x0000000008002d40                SystemInit
 .text.HAL_TIM_Base_MspInit
                0x0000000008002d64       0xb4 ./Core/Src/tim.o
                0x0000000008002d64                HAL_TIM_Base_MspInit
 .text.HAL_TIM_MspPostInit
                0x0000000008002e18       0x74 ./Core/Src/tim.o
                0x0000000008002e18                HAL_TIM_MspPostInit
 .text.TIM3_Init
                0x0000000008002e8c       0xec ./Core/Src/tim.o
                0x0000000008002e8c                TIM3_Init
 .text.Reset_Handler
                0x0000000008002f78       0x50 ./Core/Startup/startup_stm32f411ceux.o
                0x0000000008002f78                Reset_Handler
 .text.Default_Handler
                0x0000000008002fc8        0x2 ./Core/Startup/startup_stm32f411ceux.o
                0x0000000008002fc8                RTC_Alarm_IRQHandler
                0x0000000008002fc8                EXTI2_IRQHandler
                0x0000000008002fc8                SPI4_IRQHandler
                0x0000000008002fc8                TIM1_CC_IRQHandler
                0x0000000008002fc8                DMA2_Stream5_IRQHandler
                0x0000000008002fc8                DMA1_Stream5_IRQHandler
                0x0000000008002fc8                PVD_IRQHandler
                0x0000000008002fc8                SDIO_IRQHandler
                0x0000000008002fc8                TAMP_STAMP_IRQHandler
                0x0000000008002fc8                EXTI3_IRQHandler
                0x0000000008002fc8                TIM1_UP_TIM10_IRQHandler
                0x0000000008002fc8                I2C3_ER_IRQHandler
                0x0000000008002fc8                EXTI0_IRQHandler
                0x0000000008002fc8                I2C2_EV_IRQHandler
                0x0000000008002fc8                FPU_IRQHandler
                0x0000000008002fc8                DMA2_Stream2_IRQHandler
                0x0000000008002fc8                SPI1_IRQHandler
                0x0000000008002fc8                TIM1_BRK_TIM9_IRQHandler
                0x0000000008002fc8                DMA2_Stream3_IRQHandler
                0x0000000008002fc8                USART6_IRQHandler
                0x0000000008002fc8                TIM4_IRQHandler
                0x0000000008002fc8                I2C1_EV_IRQHandler
                0x0000000008002fc8                DMA1_Stream6_IRQHandler
                0x0000000008002fc8                DMA1_Stream1_IRQHandler
                0x0000000008002fc8                TIM3_IRQHandler
                0x0000000008002fc8                RCC_IRQHandler
                0x0000000008002fc8                Default_Handler
                0x0000000008002fc8                EXTI15_10_IRQHandler
                0x0000000008002fc8                ADC_IRQHandler
                0x0000000008002fc8                DMA1_Stream7_IRQHandler
                0x0000000008002fc8                SPI5_IRQHandler
                0x0000000008002fc8                TIM5_IRQHandler
                0x0000000008002fc8                DMA2_Stream7_IRQHandler
                0x0000000008002fc8                I2C3_EV_IRQHandler
                0x0000000008002fc8                EXTI9_5_IRQHandler
                0x0000000008002fc8                RTC_WKUP_IRQHandler
                0x0000000008002fc8                SPI2_IRQHandler
                0x0000000008002fc8                EXTI4_IRQHandler
                0x0000000008002fc8                WWDG_IRQHandler
                0x0000000008002fc8                TIM2_IRQHandler
                0x0000000008002fc8                OTG_FS_WKUP_IRQHandler
                0x0000000008002fc8                TIM1_TRG_COM_TIM11_IRQHandler
                0x0000000008002fc8                EXTI1_IRQHandler
                0x0000000008002fc8                USART2_IRQHandler
                0x0000000008002fc8                I2C2_ER_IRQHandler
                0x0000000008002fc8                DMA2_Stream1_IRQHandler
                0x0000000008002fc8                FLASH_IRQHandler
                0x0000000008002fc8                DMA2_Stream4_IRQHandler
                0x0000000008002fc8                USART1_IRQHandler
                0x0000000008002fc8                SPI3_IRQHandler
                0x0000000008002fc8                I2C1_ER_IRQHandler
                0x0000000008002fc8                DMA2_Stream6_IRQHandler
                0x0000000008002fc8                DMA1_Stream3_IRQHandler
 *fill*         0x0000000008002fca        0x2 
 .text.HAL_Init
                0x0000000008002fcc       0x44 ./Drivers/STM32F4xx_HAL_Driver/Src/stm32f4xx_hal.o
                0x0000000008002fcc                HAL_Init
 .text.HAL_InitTick
                0x0000000008003010       0x60 ./Drivers/STM32F4xx_HAL_Driver/Src/stm32f4xx_hal.o
                0x0000000008003010                HAL_InitTick
 .text.HAL_IncTick
                0x0000000008003070       0x28 ./Drivers/STM32F4xx_HAL_Driver/Src/stm32f4xx_hal.o
                0x0000000008003070                HAL_IncTick
 .text.HAL_GetTick
                0x0000000008003098       0x18 ./Drivers/STM32F4xx_HAL_Driver/Src/stm32f4xx_hal.o
                0x0000000008003098                HAL_GetTick
 .text.HAL_Delay
                0x00000000080030b0       0x48 ./Drivers/STM32F4xx_HAL_Driver/Src/stm32f4xx_hal.o
                0x00000000080030b0                HAL_Delay
 .text.HAL_ADC_Init
                0x00000000080030f8       0x86 ./Drivers/STM32F4xx_HAL_Driver/Src/stm32f4xx_hal_adc.o
                0x00000000080030f8                HAL_ADC_Init
 *fill*         0x000000000800317e        0x2 
 .text.HAL_ADC_Start_DMA
                0x0000000008003180      0x1e0 ./Drivers/STM32F4xx_HAL_Driver/Src/stm32f4xx_hal_adc.o
                0x0000000008003180                HAL_ADC_Start_DMA
 .text.HAL_ADC_Stop_DMA
                0x0000000008003360       0xb4 ./Drivers/STM32F4xx_HAL_Driver/Src/stm32f4xx_hal_adc.o
                0x0000000008003360                HAL_ADC_Stop_DMA
 .text.HAL_ADC_ConvCpltCallback
                0x0000000008003414       0x14 ./Drivers/STM32F4xx_HAL_Driver/Src/stm32f4xx_hal_adc.o
                0x0000000008003414                HAL_ADC_ConvCpltCallback
 .text.HAL_ADC_ConvHalfCpltCallback
                0x0000000008003428       0x14 ./Drivers/STM32F4xx_HAL_Driver/Src/stm32f4xx_hal_adc.o
                0x0000000008003428                HAL_ADC_ConvHalfCpltCallback
 .text.HAL_ADC_ErrorCallback
                0x000000000800343c       0x14 ./Drivers/STM32F4xx_HAL_Driver/Src/stm32f4xx_hal_adc.o
                0x000000000800343c                HAL_ADC_ErrorCallback
 .text.HAL_ADC_ConfigChannel
                0x0000000008003450      0x264 ./Drivers/STM32F4xx_HAL_Driver/Src/stm32f4xx_hal_adc.o
                0x0000000008003450                HAL_ADC_ConfigChannel
 .text.ADC_Init
                0x00000000080036b4      0x1f8 ./Drivers/STM32F4xx_HAL_Driver/Src/stm32f4xx_hal_adc.o
 .text.ADC_DMAConvCplt
                0x00000000080038ac       0xba ./Drivers/STM32F4xx_HAL_Driver/Src/stm32f4xx_hal_adc.o
 .text.ADC_DMAHalfConvCplt
                0x0000000008003966       0x1c ./Drivers/STM32F4xx_HAL_Driver/Src/stm32f4xx_hal_adc.o
 .text.ADC_DMAError
                0x0000000008003982       0x2e ./Drivers/STM32F4xx_HAL_Driver/Src/stm32f4xx_hal_adc.o
 .text.__NVIC_SetPriorityGrouping
                0x00000000080039b0       0x48 ./Drivers/STM32F4xx_HAL_Driver/Src/stm32f4xx_hal_cortex.o
 .text.__NVIC_GetPriorityGrouping
                0x00000000080039f8       0x1c ./Drivers/STM32F4xx_HAL_Driver/Src/stm32f4xx_hal_cortex.o
 .text.__NVIC_EnableIRQ
                0x0000000008003a14       0x3c ./Drivers/STM32F4xx_HAL_Driver/Src/stm32f4xx_hal_cortex.o
 .text.__NVIC_DisableIRQ
                0x0000000008003a50       0x48 ./Drivers/STM32F4xx_HAL_Driver/Src/stm32f4xx_hal_cortex.o
 .text.__NVIC_ClearPendingIRQ
                0x0000000008003a98       0x3c ./Drivers/STM32F4xx_HAL_Driver/Src/stm32f4xx_hal_cortex.o
 .text.__NVIC_SetPriority
                0x0000000008003ad4       0x54 ./Drivers/STM32F4xx_HAL_Driver/Src/stm32f4xx_hal_cortex.o
 .text.NVIC_EncodePriority
                0x0000000008003b28       0x66 ./Drivers/STM32F4xx_HAL_Driver/Src/stm32f4xx_hal_cortex.o
 *fill*         0x0000000008003b8e        0x2 
 .text.SysTick_Config
                0x0000000008003b90       0x44 ./Drivers/STM32F4xx_HAL_Driver/Src/stm32f4xx_hal_cortex.o
 .text.HAL_NVIC_SetPriorityGrouping
                0x0000000008003bd4       0x16 ./Drivers/STM32F4xx_HAL_Driver/Src/stm32f4xx_hal_cortex.o
                0x0000000008003bd4                HAL_NVIC_SetPriorityGrouping
 .text.HAL_NVIC_SetPriority
                0x0000000008003bea       0x38 ./Drivers/STM32F4xx_HAL_Driver/Src/stm32f4xx_hal_cortex.o
                0x0000000008003bea                HAL_NVIC_SetPriority
 .text.HAL_NVIC_EnableIRQ
                0x0000000008003c22       0x1c ./Drivers/STM32F4xx_HAL_Driver/Src/stm32f4xx_hal_cortex.o
                0x0000000008003c22                HAL_NVIC_EnableIRQ
 .text.HAL_NVIC_DisableIRQ
                0x0000000008003c3e       0x1c ./Drivers/STM32F4xx_HAL_Driver/Src/stm32f4xx_hal_cortex.o
                0x0000000008003c3e                HAL_NVIC_DisableIRQ
 .text.HAL_SYSTICK_Config
                0x0000000008003c5a       0x18 ./Drivers/STM32F4xx_HAL_Driver/Src/stm32f4xx_hal_cortex.o
                0x0000000008003c5a                HAL_SYSTICK_Config
 .text.HAL_NVIC_ClearPendingIRQ
                0x0000000008003c72       0x1c ./Drivers/STM32F4xx_HAL_Driver/Src/stm32f4xx_hal_cortex.o
                0x0000000008003c72                HAL_NVIC_ClearPendingIRQ
 *fill*         0x0000000008003c8e        0x2 
 .text.HAL_DMA_Init
                0x0000000008003c90      0x15c ./Drivers/STM32F4xx_HAL_Driver/Src/stm32f4xx_hal_dma.o
                0x0000000008003c90                HAL_DMA_Init
 .text.HAL_DMA_Start_IT
                0x0000000008003dec       0xb0 ./Drivers/STM32F4xx_HAL_Driver/Src/stm32f4xx_hal_dma.o
                0x0000000008003dec                HAL_DMA_Start_IT
 .text.HAL_DMA_Abort
                0x0000000008003e9c       0xe0 ./Drivers/STM32F4xx_HAL_Driver/Src/stm32f4xx_hal_dma.o
                0x0000000008003e9c                HAL_DMA_Abort
 .text.HAL_DMA_Abort_IT
                0x0000000008003f7c       0x44 ./Drivers/STM32F4xx_HAL_Driver/Src/stm32f4xx_hal_dma.o
                0x0000000008003f7c                HAL_DMA_Abort_IT
 .text.HAL_DMA_IRQHandler
                0x0000000008003fc0      0x314 ./Drivers/STM32F4xx_HAL_Driver/Src/stm32f4xx_hal_dma.o
                0x0000000008003fc0                HAL_DMA_IRQHandler
 .text.HAL_DMA_GetError
                0x00000000080042d4       0x18 ./Drivers/STM32F4xx_HAL_Driver/Src/stm32f4xx_hal_dma.o
                0x00000000080042d4                HAL_DMA_GetError
 .text.DMA_SetConfig
                0x00000000080042ec       0x5c ./Drivers/STM32F4xx_HAL_Driver/Src/stm32f4xx_hal_dma.o
 .text.DMA_CalcBaseAndBitshift
                0x0000000008004348       0x6c ./Drivers/STM32F4xx_HAL_Driver/Src/stm32f4xx_hal_dma.o
 .text.DMA_CheckFifoParam
                0x00000000080043b4       0xf8 ./Drivers/STM32F4xx_HAL_Driver/Src/stm32f4xx_hal_dma.o
 .text.HAL_GPIO_Init
                0x00000000080044ac      0x308 ./Drivers/STM32F4xx_HAL_Driver/Src/stm32f4xx_hal_gpio.o
                0x00000000080044ac                HAL_GPIO_Init
 .text.HAL_GPIO_DeInit
                0x00000000080047b4      0x1c8 ./Drivers/STM32F4xx_HAL_Driver/Src/stm32f4xx_hal_gpio.o
                0x00000000080047b4                HAL_GPIO_DeInit
 .text.HAL_GPIO_WritePin
                0x000000000800497c       0x32 ./Drivers/STM32F4xx_HAL_Driver/Src/stm32f4xx_hal_gpio.o
                0x000000000800497c                HAL_GPIO_WritePin
 *fill*         0x00000000080049ae        0x2 
 .text.HAL_I2C_Init
                0x00000000080049b0      0x288 ./Drivers/STM32F4xx_HAL_Driver/Src/stm32f4xx_hal_i2c.o
                0x00000000080049b0                HAL_I2C_Init
 .text.HAL_I2C_Mem_Write
                0x0000000008004c38      0x1f4 ./Drivers/STM32F4xx_HAL_Driver/Src/stm32f4xx_hal_i2c.o
                0x0000000008004c38                HAL_I2C_Mem_Write
 .text.HAL_I2C_Mem_Read_DMA
                0x0000000008004e2c      0x328 ./Drivers/STM32F4xx_HAL_Driver/Src/stm32f4xx_hal_i2c.o
                0x0000000008004e2c                HAL_I2C_Mem_Read_DMA
 .text.HAL_I2C_MasterRxCpltCallback
                0x0000000008005154       0x14 ./Drivers/STM32F4xx_HAL_Driver/Src/stm32f4xx_hal_i2c.o
                0x0000000008005154                HAL_I2C_MasterRxCpltCallback
 .text.HAL_I2C_SlaveTxCpltCallback
                0x0000000008005168       0x14 ./Drivers/STM32F4xx_HAL_Driver/Src/stm32f4xx_hal_i2c.o
                0x0000000008005168                HAL_I2C_SlaveTxCpltCallback
 .text.HAL_I2C_SlaveRxCpltCallback
                0x000000000800517c       0x14 ./Drivers/STM32F4xx_HAL_Driver/Src/stm32f4xx_hal_i2c.o
                0x000000000800517c                HAL_I2C_SlaveRxCpltCallback
 .text.HAL_I2C_ErrorCallback
                0x0000000008005190       0x14 ./Drivers/STM32F4xx_HAL_Driver/Src/stm32f4xx_hal_i2c.o
                0x0000000008005190                HAL_I2C_ErrorCallback
 .text.I2C_RequestMemoryWrite
                0x00000000080051a4      0x12c ./Drivers/STM32F4xx_HAL_Driver/Src/stm32f4xx_hal_i2c.o
 .text.I2C_RequestMemoryRead
                0x00000000080052d0      0x1d0 ./Drivers/STM32F4xx_HAL_Driver/Src/stm32f4xx_hal_i2c.o
 .text.I2C_DMAXferCplt
                0x00000000080054a0      0x1aa ./Drivers/STM32F4xx_HAL_Driver/Src/stm32f4xx_hal_i2c.o
 .text.I2C_DMAError
                0x000000000800564a       0x7a ./Drivers/STM32F4xx_HAL_Driver/Src/stm32f4xx_hal_i2c.o
 .text.I2C_WaitOnFlagUntilTimeout
                0x00000000080056c4       0xae ./Drivers/STM32F4xx_HAL_Driver/Src/stm32f4xx_hal_i2c.o
 .text.I2C_WaitOnMasterAddressFlagUntilTimeout
                0x0000000008005772       0xfe ./Drivers/STM32F4xx_HAL_Driver/Src/stm32f4xx_hal_i2c.o
 .text.I2C_WaitOnTXEFlagUntilTimeout
                0x0000000008005870       0x82 ./Drivers/STM32F4xx_HAL_Driver/Src/stm32f4xx_hal_i2c.o
 .text.I2C_WaitOnBTFFlagUntilTimeout
                0x00000000080058f2       0x82 ./Drivers/STM32F4xx_HAL_Driver/Src/stm32f4xx_hal_i2c.o
 .text.I2C_IsAcknowledgeFailed
                0x0000000008005974       0x5e ./Drivers/STM32F4xx_HAL_Driver/Src/stm32f4xx_hal_i2c.o
 .text.HAL_PCD_Init
                0x00000000080059d2      0x23a ./Drivers/STM32F4xx_HAL_Driver/Src/stm32f4xx_hal_pcd.o
                0x00000000080059d2                HAL_PCD_Init
 .text.HAL_PCD_Start
                0x0000000008005c0c       0x66 ./Drivers/STM32F4xx_HAL_Driver/Src/stm32f4xx_hal_pcd.o
                0x0000000008005c0c                HAL_PCD_Start
 .text.HAL_PCD_IRQHandler
                0x0000000008005c72      0x93e ./Drivers/STM32F4xx_HAL_Driver/Src/stm32f4xx_hal_pcd.o
                0x0000000008005c72                HAL_PCD_IRQHandler
 .text.HAL_PCD_SetAddress
                0x00000000080065b0       0x4a ./Drivers/STM32F4xx_HAL_Driver/Src/stm32f4xx_hal_pcd.o
                0x00000000080065b0                HAL_PCD_SetAddress
 .text.HAL_PCD_EP_Open
                0x00000000080065fa       0xd0 ./Drivers/STM32F4xx_HAL_Driver/Src/stm32f4xx_hal_pcd.o
                0x00000000080065fa                HAL_PCD_EP_Open
 .text.HAL_PCD_EP_Close
                0x00000000080066ca       0x94 ./Drivers/STM32F4xx_HAL_Driver/Src/stm32f4xx_hal_pcd.o
                0x00000000080066ca                HAL_PCD_EP_Close
 .text.HAL_PCD_EP_Receive
                0x000000000800675e       0x96 ./Drivers/STM32F4xx_HAL_Driver/Src/stm32f4xx_hal_pcd.o
                0x000000000800675e                HAL_PCD_EP_Receive
 .text.HAL_PCD_EP_Transmit
                0x00000000080067f4       0x94 ./Drivers/STM32F4xx_HAL_Driver/Src/stm32f4xx_hal_pcd.o
                0x00000000080067f4                HAL_PCD_EP_Transmit
 .text.HAL_PCD_EP_SetStall
                0x0000000008006888       0xc8 ./Drivers/STM32F4xx_HAL_Driver/Src/stm32f4xx_hal_pcd.o
                0x0000000008006888                HAL_PCD_EP_SetStall
 .text.HAL_PCD_EP_ClrStall
                0x0000000008006950       0xac ./Drivers/STM32F4xx_HAL_Driver/Src/stm32f4xx_hal_pcd.o
                0x0000000008006950                HAL_PCD_EP_ClrStall
 .text.HAL_PCD_EP_Abort
                0x00000000080069fc       0x62 ./Drivers/STM32F4xx_HAL_Driver/Src/stm32f4xx_hal_pcd.o
                0x00000000080069fc                HAL_PCD_EP_Abort
 .text.PCD_WriteEmptyTxFifo
                0x0000000008006a5e      0x11a ./Drivers/STM32F4xx_HAL_Driver/Src/stm32f4xx_hal_pcd.o
 .text.PCD_EP_OutXfrComplete_int
                0x0000000008006b78      0x1d0 ./Drivers/STM32F4xx_HAL_Driver/Src/stm32f4xx_hal_pcd.o
 .text.PCD_EP_OutSetupPacket_int
                0x0000000008006d48       0x8c ./Drivers/STM32F4xx_HAL_Driver/Src/stm32f4xx_hal_pcd.o
 .text.HAL_PCDEx_SetTxFiFo
                0x0000000008006dd4       0x8e ./Drivers/STM32F4xx_HAL_Driver/Src/stm32f4xx_hal_pcd_ex.o
                0x0000000008006dd4                HAL_PCDEx_SetTxFiFo
 .text.HAL_PCDEx_SetRxFiFo
                0x0000000008006e62       0x22 ./Drivers/STM32F4xx_HAL_Driver/Src/stm32f4xx_hal_pcd_ex.o
                0x0000000008006e62                HAL_PCDEx_SetRxFiFo
 .text.HAL_PCDEx_LPM_Callback
                0x0000000008006e84       0x18 ./Drivers/STM32F4xx_HAL_Driver/Src/stm32f4xx_hal_pcd_ex.o
                0x0000000008006e84                HAL_PCDEx_LPM_Callback
 .text.HAL_RCC_OscConfig
                0x0000000008006e9c      0x4f0 ./Drivers/STM32F4xx_HAL_Driver/Src/stm32f4xx_hal_rcc.o
                0x0000000008006e9c                HAL_RCC_OscConfig
 .text.HAL_RCC_ClockConfig
                0x000000000800738c      0x1cc ./Drivers/STM32F4xx_HAL_Driver/Src/stm32f4xx_hal_rcc.o
                0x000000000800738c                HAL_RCC_ClockConfig
 .text.HAL_RCC_GetSysClockFreq
                0x0000000008007558      0x18c ./Drivers/STM32F4xx_HAL_Driver/Src/stm32f4xx_hal_rcc.o
                0x0000000008007558                HAL_RCC_GetSysClockFreq
 .text.HAL_RCC_GetHCLKFreq
                0x00000000080076e4       0x18 ./Drivers/STM32F4xx_HAL_Driver/Src/stm32f4xx_hal_rcc.o
                0x00000000080076e4                HAL_RCC_GetHCLKFreq
 .text.HAL_RCC_GetPCLK1Freq
                0x00000000080076fc       0x28 ./Drivers/STM32F4xx_HAL_Driver/Src/stm32f4xx_hal_rcc.o
                0x00000000080076fc                HAL_RCC_GetPCLK1Freq
 .text.HAL_SPI_Init
                0x0000000008007724      0x112 ./Drivers/STM32F4xx_HAL_Driver/Src/stm32f4xx_hal_spi.o
                0x0000000008007724                HAL_SPI_Init
 .text.HAL_SPI_Transmit
                0x0000000008007836      0x278 ./Drivers/STM32F4xx_HAL_Driver/Src/stm32f4xx_hal_spi.o
                0x0000000008007836                HAL_SPI_Transmit
 .text.HAL_SPI_Receive
                0x0000000008007aae      0x222 ./Drivers/STM32F4xx_HAL_Driver/Src/stm32f4xx_hal_spi.o
                0x0000000008007aae                HAL_SPI_Receive
 .text.HAL_SPI_TransmitReceive
                0x0000000008007cd0      0x344 ./Drivers/STM32F4xx_HAL_Driver/Src/stm32f4xx_hal_spi.o
                0x0000000008007cd0                HAL_SPI_TransmitReceive
 .text.SPI_WaitFlagStateUntilTimeout
                0x0000000008008014      0x110 ./Drivers/STM32F4xx_HAL_Driver/Src/stm32f4xx_hal_spi.o
 .text.SPI_EndRxTransaction
                0x0000000008008124       0xca ./Drivers/STM32F4xx_HAL_Driver/Src/stm32f4xx_hal_spi.o
 *fill*         0x00000000080081ee        0x2 
 .text.SPI_EndRxTxTransaction
                0x00000000080081f0       0x84 ./Drivers/STM32F4xx_HAL_Driver/Src/stm32f4xx_hal_spi.o
 .text.HAL_TIM_Base_Init
                0x0000000008008274       0x9e ./Drivers/STM32F4xx_HAL_Driver/Src/stm32f4xx_hal_tim.o
                0x0000000008008274                HAL_TIM_Base_Init
 .text.HAL_TIM_PWM_Init
                0x0000000008008312       0x9e ./Drivers/STM32F4xx_HAL_Driver/Src/stm32f4xx_hal_tim.o
                0x0000000008008312                HAL_TIM_PWM_Init
 .text.HAL_TIM_PWM_MspInit
                0x00000000080083b0       0x14 ./Drivers/STM32F4xx_HAL_Driver/Src/stm32f4xx_hal_tim.o
                0x00000000080083b0                HAL_TIM_PWM_MspInit
 .text.HAL_TIM_PWM_Start_DMA
                0x00000000080083c4      0x360 ./Drivers/STM32F4xx_HAL_Driver/Src/stm32f4xx_hal_tim.o
                0x00000000080083c4                HAL_TIM_PWM_Start_DMA
 .text.HAL_TIM_PWM_Stop_DMA
                0x0000000008008724      0x18c ./Drivers/STM32F4xx_HAL_Driver/Src/stm32f4xx_hal_tim.o
                0x0000000008008724                HAL_TIM_PWM_Stop_DMA
 .text.HAL_TIM_PWM_ConfigChannel
                0x00000000080088b0      0x184 ./Drivers/STM32F4xx_HAL_Driver/Src/stm32f4xx_hal_tim.o
                0x00000000080088b0                HAL_TIM_PWM_ConfigChannel
 .text.HAL_TIM_ConfigClockSource
                0x0000000008008a34      0x18e ./Drivers/STM32F4xx_HAL_Driver/Src/stm32f4xx_hal_tim.o
                0x0000000008008a34                HAL_TIM_ConfigClockSource
 .text.HAL_TIM_PWM_PulseFinishedCallback
                0x0000000008008bc2       0x14 ./Drivers/STM32F4xx_HAL_Driver/Src/stm32f4xx_hal_tim.o
                0x0000000008008bc2                HAL_TIM_PWM_PulseFinishedCallback
 .text.HAL_TIM_PWM_PulseFinishedHalfCpltCallback
                0x0000000008008bd6       0x14 ./Drivers/STM32F4xx_HAL_Driver/Src/stm32f4xx_hal_tim.o
                0x0000000008008bd6                HAL_TIM_PWM_PulseFinishedHalfCpltCallback
 .text.HAL_TIM_ErrorCallback
                0x0000000008008bea       0x14 ./Drivers/STM32F4xx_HAL_Driver/Src/stm32f4xx_hal_tim.o
                0x0000000008008bea                HAL_TIM_ErrorCallback
 .text.TIM_DMAError
                0x0000000008008bfe       0x92 ./Drivers/STM32F4xx_HAL_Driver/Src/stm32f4xx_hal_tim.o
                0x0000000008008bfe                TIM_DMAError
 .text.TIM_DMADelayPulseCplt
                0x0000000008008c90       0xa8 ./Drivers/STM32F4xx_HAL_Driver/Src/stm32f4xx_hal_tim.o
 .text.TIM_DMADelayPulseHalfCplt
                0x0000000008008d38       0x68 ./Drivers/STM32F4xx_HAL_Driver/Src/stm32f4xx_hal_tim.o
                0x0000000008008d38                TIM_DMADelayPulseHalfCplt
 .text.TIM_Base_SetConfig
                0x0000000008008da0      0x100 ./Drivers/STM32F4xx_HAL_Driver/Src/stm32f4xx_hal_tim.o
                0x0000000008008da0                TIM_Base_SetConfig
 .text.TIM_OC1_SetConfig
                0x0000000008008ea0       0xcc ./Drivers/STM32F4xx_HAL_Driver/Src/stm32f4xx_hal_tim.o
 .text.TIM_OC2_SetConfig
                0x0000000008008f6c       0xd8 ./Drivers/STM32F4xx_HAL_Driver/Src/stm32f4xx_hal_tim.o
                0x0000000008008f6c                TIM_OC2_SetConfig
 .text.TIM_OC3_SetConfig
                0x0000000008009044       0xd4 ./Drivers/STM32F4xx_HAL_Driver/Src/stm32f4xx_hal_tim.o
 .text.TIM_OC4_SetConfig
                0x0000000008009118       0xa0 ./Drivers/STM32F4xx_HAL_Driver/Src/stm32f4xx_hal_tim.o
 .text.TIM_TI1_ConfigInputStage
                0x00000000080091b8       0x5e ./Drivers/STM32F4xx_HAL_Driver/Src/stm32f4xx_hal_tim.o
 .text.TIM_TI2_ConfigInputStage
                0x0000000008009216       0x60 ./Drivers/STM32F4xx_HAL_Driver/Src/stm32f4xx_hal_tim.o
 .text.TIM_ITRx_SetConfig
                0x0000000008009276       0x36 ./Drivers/STM32F4xx_HAL_Driver/Src/stm32f4xx_hal_tim.o
 .text.TIM_ETR_SetConfig
                0x00000000080092ac       0x40 ./Drivers/STM32F4xx_HAL_Driver/Src/stm32f4xx_hal_tim.o
                0x00000000080092ac                TIM_ETR_SetConfig
 .text.TIM_CCxChannelCmd
                0x00000000080092ec       0x4a ./Drivers/STM32F4xx_HAL_Driver/Src/stm32f4xx_hal_tim.o
                0x00000000080092ec                TIM_CCxChannelCmd
 *fill*         0x0000000008009336        0x2 
 .text.HAL_TIMEx_MasterConfigSynchronization
                0x0000000008009338       0xdc ./Drivers/STM32F4xx_HAL_Driver/Src/stm32f4xx_hal_tim_ex.o
                0x0000000008009338                HAL_TIMEx_MasterConfigSynchronization
 .text.HAL_UART_Transmit
                0x0000000008009414      0x124 ./Drivers/STM32F4xx_HAL_Driver/Src/stm32f4xx_hal_uart.o
                0x0000000008009414                HAL_UART_Transmit
 .text.UART_WaitOnFlagUntilTimeout
                0x0000000008009538       0xdc ./Drivers/STM32F4xx_HAL_Driver/Src/stm32f4xx_hal_uart.o
 .text.USB_CoreInit
                0x0000000008009614       0xc2 ./Drivers/STM32F4xx_HAL_Driver/Src/stm32f4xx_ll_usb.o
                0x0000000008009614                USB_CoreInit
 *fill*         0x00000000080096d6        0x2 
 .text.USB_SetTurnaroundTime
                0x00000000080096d8      0x144 ./Drivers/STM32F4xx_HAL_Driver/Src/stm32f4xx_ll_usb.o
                0x00000000080096d8                USB_SetTurnaroundTime
 .text.USB_EnableGlobalInt
                0x000000000800981c       0x22 ./Drivers/STM32F4xx_HAL_Driver/Src/stm32f4xx_ll_usb.o
                0x000000000800981c                USB_EnableGlobalInt
 .text.USB_DisableGlobalInt
                0x000000000800983e       0x22 ./Drivers/STM32F4xx_HAL_Driver/Src/stm32f4xx_ll_usb.o
                0x000000000800983e                USB_DisableGlobalInt
 .text.USB_SetCurrentMode
                0x0000000008009860       0x98 ./Drivers/STM32F4xx_HAL_Driver/Src/stm32f4xx_ll_usb.o
                0x0000000008009860                USB_SetCurrentMode
 .text.USB_DevInit
                0x00000000080098f8      0x2c8 ./Drivers/STM32F4xx_HAL_Driver/Src/stm32f4xx_ll_usb.o
                0x00000000080098f8                USB_DevInit
 .text.USB_FlushTxFifo
                0x0000000008009bc0       0x68 ./Drivers/STM32F4xx_HAL_Driver/Src/stm32f4xx_ll_usb.o
                0x0000000008009bc0                USB_FlushTxFifo
 .text.USB_FlushRxFifo
                0x0000000008009c28       0x60 ./Drivers/STM32F4xx_HAL_Driver/Src/stm32f4xx_ll_usb.o
                0x0000000008009c28                USB_FlushRxFifo
 .text.USB_SetDevSpeed
                0x0000000008009c88       0x32 ./Drivers/STM32F4xx_HAL_Driver/Src/stm32f4xx_ll_usb.o
                0x0000000008009c88                USB_SetDevSpeed
 .text.USB_GetDevSpeed
                0x0000000008009cba       0x4a ./Drivers/STM32F4xx_HAL_Driver/Src/stm32f4xx_ll_usb.o
                0x0000000008009cba                USB_GetDevSpeed
 .text.USB_ActivateEndpoint
                0x0000000008009d04      0x10e ./Drivers/STM32F4xx_HAL_Driver/Src/stm32f4xx_ll_usb.o
                0x0000000008009d04                USB_ActivateEndpoint
 *fill*         0x0000000008009e12        0x2 
 .text.USB_DeactivateEndpoint
                0x0000000008009e14      0x1b8 ./Drivers/STM32F4xx_HAL_Driver/Src/stm32f4xx_ll_usb.o
                0x0000000008009e14                USB_DeactivateEndpoint
 .text.USB_EPStartXfer
                0x0000000008009fcc      0x490 ./Drivers/STM32F4xx_HAL_Driver/Src/stm32f4xx_ll_usb.o
                0x0000000008009fcc                USB_EPStartXfer
 .text.USB_EP0StartXfer
                0x000000000800a45c      0x2b0 ./Drivers/STM32F4xx_HAL_Driver/Src/stm32f4xx_ll_usb.o
                0x000000000800a45c                USB_EP0StartXfer
 .text.USB_EPStopXfer
                0x000000000800a70c      0x154 ./Drivers/STM32F4xx_HAL_Driver/Src/stm32f4xx_ll_usb.o
                0x000000000800a70c                USB_EPStopXfer
 .text.USB_WritePacket
                0x000000000800a860       0x7c ./Drivers/STM32F4xx_HAL_Driver/Src/stm32f4xx_ll_usb.o
                0x000000000800a860                USB_WritePacket
 .text.USB_ReadPacket
                0x000000000800a8dc       0xb0 ./Drivers/STM32F4xx_HAL_Driver/Src/stm32f4xx_ll_usb.o
                0x000000000800a8dc                USB_ReadPacket
 .text.USB_EPSetStall
                0x000000000800a98c       0xdc ./Drivers/STM32F4xx_HAL_Driver/Src/stm32f4xx_ll_usb.o
                0x000000000800a98c                USB_EPSetStall
 .text.USB_EPClearStall
                0x000000000800aa68       0xcc ./Drivers/STM32F4xx_HAL_Driver/Src/stm32f4xx_ll_usb.o
                0x000000000800aa68                USB_EPClearStall
 .text.USB_SetDevAddress
                0x000000000800ab34       0x4c ./Drivers/STM32F4xx_HAL_Driver/Src/stm32f4xx_ll_usb.o
                0x000000000800ab34                USB_SetDevAddress
 .text.USB_DevConnect
                0x000000000800ab80       0x42 ./Drivers/STM32F4xx_HAL_Driver/Src/stm32f4xx_ll_usb.o
                0x000000000800ab80                USB_DevConnect
 .text.USB_DevDisconnect
                0x000000000800abc2       0x42 ./Drivers/STM32F4xx_HAL_Driver/Src/stm32f4xx_ll_usb.o
                0x000000000800abc2                USB_DevDisconnect
 .text.USB_ReadInterrupts
                0x000000000800ac04       0x26 ./Drivers/STM32F4xx_HAL_Driver/Src/stm32f4xx_ll_usb.o
                0x000000000800ac04                USB_ReadInterrupts
 .text.USB_ReadDevAllOutEpInterrupt
                0x000000000800ac2a       0x34 ./Drivers/STM32F4xx_HAL_Driver/Src/stm32f4xx_ll_usb.o
                0x000000000800ac2a                USB_ReadDevAllOutEpInterrupt
 .text.USB_ReadDevAllInEpInterrupt
                0x000000000800ac5e       0x34 ./Drivers/STM32F4xx_HAL_Driver/Src/stm32f4xx_ll_usb.o
                0x000000000800ac5e                USB_ReadDevAllInEpInterrupt
 .text.USB_ReadDevOutEPInterrupt
                0x000000000800ac92       0x3c ./Drivers/STM32F4xx_HAL_Driver/Src/stm32f4xx_ll_usb.o
                0x000000000800ac92                USB_ReadDevOutEPInterrupt
 .text.USB_ReadDevInEPInterrupt
                0x000000000800acce       0x5c ./Drivers/STM32F4xx_HAL_Driver/Src/stm32f4xx_ll_usb.o
                0x000000000800acce                USB_ReadDevInEPInterrupt
 .text.USB_GetMode
                0x000000000800ad2a       0x1c ./Drivers/STM32F4xx_HAL_Driver/Src/stm32f4xx_ll_usb.o
                0x000000000800ad2a                USB_GetMode
 .text.USB_ActivateSetup
                0x000000000800ad46       0x46 ./Drivers/STM32F4xx_HAL_Driver/Src/stm32f4xx_ll_usb.o
                0x000000000800ad46                USB_ActivateSetup
 .text.USB_EP0_OutStart
                0x000000000800ad8c       0xbc ./Drivers/STM32F4xx_HAL_Driver/Src/stm32f4xx_ll_usb.o
                0x000000000800ad8c                USB_EP0_OutStart
 .text.USB_CoreReset
                0x000000000800ae48       0x68 ./Drivers/STM32F4xx_HAL_Driver/Src/stm32f4xx_ll_usb.o
 .text.USBD_CUSTOM_HID_Init
                0x000000000800aeb0      0x154 ./Middlewares/ST/STM32_USB_Device_Library/Class/CustomHID/Src/usbd_customhid.o
 .text.USBD_CUSTOM_HID_DeInit
                0x000000000800b004       0xf4 ./Middlewares/ST/STM32_USB_Device_Library/Class/CustomHID/Src/usbd_customhid.o
 .text.USBD_CUSTOM_HID_Setup
                0x000000000800b0f8      0x234 ./Middlewares/ST/STM32_USB_Device_Library/Class/CustomHID/Src/usbd_customhid.o
 .text.USBD_CUSTOM_HID_GetFSCfgDesc
                0x000000000800b32c       0x64 ./Middlewares/ST/STM32_USB_Device_Library/Class/CustomHID/Src/usbd_customhid.o
 .text.USBD_CUSTOM_HID_GetHSCfgDesc
                0x000000000800b390       0x64 ./Middlewares/ST/STM32_USB_Device_Library/Class/CustomHID/Src/usbd_customhid.o
 .text.USBD_CUSTOM_HID_GetOtherSpeedCfgDesc
                0x000000000800b3f4       0x64 ./Middlewares/ST/STM32_USB_Device_Library/Class/CustomHID/Src/usbd_customhid.o
 .text.USBD_CUSTOM_HID_DataIn
                0x000000000800b458       0x2c ./Middlewares/ST/STM32_USB_Device_Library/Class/CustomHID/Src/usbd_customhid.o
 .text.USBD_CUSTOM_HID_DataOut
                0x000000000800b484       0x5a ./Middlewares/ST/STM32_USB_Device_Library/Class/CustomHID/Src/usbd_customhid.o
 *fill*         0x000000000800b4de        0x2 
 .text.USBD_CUSTOM_HID_ReceivePacket
                0x000000000800b4e0       0x4c ./Middlewares/ST/STM32_USB_Device_Library/Class/CustomHID/Src/usbd_customhid.o
                0x000000000800b4e0                USBD_CUSTOM_HID_ReceivePacket
 .text.USBD_CUSTOM_HID_EP0_RxReady
                0x000000000800b52c       0x58 ./Middlewares/ST/STM32_USB_Device_Library/Class/CustomHID/Src/usbd_customhid.o
 .text.USBD_CUSTOM_HID_GetDeviceQualifierDesc
                0x000000000800b584       0x20 ./Middlewares/ST/STM32_USB_Device_Library/Class/CustomHID/Src/usbd_customhid.o
 .text.USBD_CUSTOM_HID_RegisterInterface
                0x000000000800b5a4       0x34 ./Middlewares/ST/STM32_USB_Device_Library/Class/CustomHID/Src/usbd_customhid.o
                0x000000000800b5a4                USBD_CUSTOM_HID_RegisterInterface
 .text.USBD_Init
                0x000000000800b5d8       0x60 ./Middlewares/ST/STM32_USB_Device_Library/Core/Src/usbd_core.o
                0x000000000800b5d8                USBD_Init
 .text.USBD_RegisterClass
                0x000000000800b638       0x6c ./Middlewares/ST/STM32_USB_Device_Library/Core/Src/usbd_core.o
                0x000000000800b638                USBD_RegisterClass
 .text.USBD_Start
                0x000000000800b6a4       0x18 ./Middlewares/ST/STM32_USB_Device_Library/Core/Src/usbd_core.o
                0x000000000800b6a4                USBD_Start
 .text.USBD_RunTestMode
                0x000000000800b6bc       0x16 ./Middlewares/ST/STM32_USB_Device_Library/Core/Src/usbd_core.o
                0x000000000800b6bc                USBD_RunTestMode
 .text.USBD_SetClassConfig
                0x000000000800b6d2       0x38 ./Middlewares/ST/STM32_USB_Device_Library/Core/Src/usbd_core.o
                0x000000000800b6d2                USBD_SetClassConfig
 .text.USBD_ClrClassConfig
                0x000000000800b70a       0x34 ./Middlewares/ST/STM32_USB_Device_Library/Core/Src/usbd_core.o
                0x000000000800b70a                USBD_ClrClassConfig
 .text.USBD_LL_SetupStage
                0x000000000800b73e       0xaa ./Middlewares/ST/STM32_USB_Device_Library/Core/Src/usbd_core.o
                0x000000000800b73e                USBD_LL_SetupStage
 .text.USBD_LL_DataOutStage
                0x000000000800b7e8      0x166 ./Middlewares/ST/STM32_USB_Device_Library/Core/Src/usbd_core.o
                0x000000000800b7e8                USBD_LL_DataOutStage
 .text.USBD_LL_DataInStage
                0x000000000800b94e      0x164 ./Middlewares/ST/STM32_USB_Device_Library/Core/Src/usbd_core.o
                0x000000000800b94e                USBD_LL_DataInStage
 .text.USBD_LL_Reset
                0x000000000800bab2       0xa4 ./Middlewares/ST/STM32_USB_Device_Library/Core/Src/usbd_core.o
                0x000000000800bab2                USBD_LL_Reset
 .text.USBD_LL_SetSpeed
                0x000000000800bb56       0x20 ./Middlewares/ST/STM32_USB_Device_Library/Core/Src/usbd_core.o
                0x000000000800bb56                USBD_LL_SetSpeed
 .text.USBD_LL_Suspend
                0x000000000800bb76       0x2c ./Middlewares/ST/STM32_USB_Device_Library/Core/Src/usbd_core.o
                0x000000000800bb76                USBD_LL_Suspend
 .text.USBD_LL_Resume
                0x000000000800bba2       0x30 ./Middlewares/ST/STM32_USB_Device_Library/Core/Src/usbd_core.o
                0x000000000800bba2                USBD_LL_Resume
 .text.USBD_LL_SOF
                0x000000000800bbd2       0x40 ./Middlewares/ST/STM32_USB_Device_Library/Core/Src/usbd_core.o
                0x000000000800bbd2                USBD_LL_SOF
 .text.USBD_LL_IsoINIncomplete
                0x000000000800bc12       0x64 ./Middlewares/ST/STM32_USB_Device_Library/Core/Src/usbd_core.o
                0x000000000800bc12                USBD_LL_IsoINIncomplete
 .text.USBD_LL_IsoOUTIncomplete
                0x000000000800bc76       0x64 ./Middlewares/ST/STM32_USB_Device_Library/Core/Src/usbd_core.o
                0x000000000800bc76                USBD_LL_IsoOUTIncomplete
 .text.USBD_LL_DevConnected
                0x000000000800bcda       0x16 ./Middlewares/ST/STM32_USB_Device_Library/Core/Src/usbd_core.o
                0x000000000800bcda                USBD_LL_DevConnected
 .text.USBD_LL_DevDisconnected
                0x000000000800bcf0       0x46 ./Middlewares/ST/STM32_USB_Device_Library/Core/Src/usbd_core.o
                0x000000000800bcf0                USBD_LL_DevDisconnected
 .text.USBD_CoreFindIF
                0x000000000800bd36       0x1a ./Middlewares/ST/STM32_USB_Device_Library/Core/Src/usbd_core.o
                0x000000000800bd36                USBD_CoreFindIF
 .text.USBD_CoreFindEP
                0x000000000800bd50       0x1a ./Middlewares/ST/STM32_USB_Device_Library/Core/Src/usbd_core.o
                0x000000000800bd50                USBD_CoreFindEP
 .text.USBD_GetEpDesc
                0x000000000800bd6a       0x74 ./Middlewares/ST/STM32_USB_Device_Library/Core/Src/usbd_core.o
                0x000000000800bd6a                USBD_GetEpDesc
 .text.USBD_GetNextDesc
                0x000000000800bdde       0x3a ./Middlewares/ST/STM32_USB_Device_Library/Core/Src/usbd_core.o
                0x000000000800bdde                USBD_GetNextDesc
 .text.SWAPBYTE
                0x000000000800be18       0x3c ./Middlewares/ST/STM32_USB_Device_Library/Core/Src/usbd_ctlreq.o
 .text.USBD_StdDevReq
                0x000000000800be54       0xe4 ./Middlewares/ST/STM32_USB_Device_Library/Core/Src/usbd_ctlreq.o
                0x000000000800be54                USBD_StdDevReq
 .text.USBD_StdItfReq
                0x000000000800bf38       0xd8 ./Middlewares/ST/STM32_USB_Device_Library/Core/Src/usbd_ctlreq.o
                0x000000000800bf38                USBD_StdItfReq
 .text.USBD_StdEPReq
                0x000000000800c010      0x33a ./Middlewares/ST/STM32_USB_Device_Library/Core/Src/usbd_ctlreq.o
                0x000000000800c010                USBD_StdEPReq
 *fill*         0x000000000800c34a        0x2 
 .text.USBD_GetDescriptor
                0x000000000800c34c      0x2d4 ./Middlewares/ST/STM32_USB_Device_Library/Core/Src/usbd_ctlreq.o
 .text.USBD_SetAddress
                0x000000000800c620       0x88 ./Middlewares/ST/STM32_USB_Device_Library/Core/Src/usbd_ctlreq.o
 .text.USBD_SetConfig
                0x000000000800c6a8      0x154 ./Middlewares/ST/STM32_USB_Device_Library/Core/Src/usbd_ctlreq.o
 .text.USBD_GetConfig
                0x000000000800c7fc       0x6c ./Middlewares/ST/STM32_USB_Device_Library/Core/Src/usbd_ctlreq.o
 .text.USBD_GetStatus
                0x000000000800c868       0x68 ./Middlewares/ST/STM32_USB_Device_Library/Core/Src/usbd_ctlreq.o
 .text.USBD_SetFeature
                0x000000000800c8d0       0x52 ./Middlewares/ST/STM32_USB_Device_Library/Core/Src/usbd_ctlreq.o
 .text.USBD_ClrFeature
                0x000000000800c922       0x44 ./Middlewares/ST/STM32_USB_Device_Library/Core/Src/usbd_ctlreq.o
 .text.USBD_ParseSetupRequest
                0x000000000800c966       0x74 ./Middlewares/ST/STM32_USB_Device_Library/Core/Src/usbd_ctlreq.o
                0x000000000800c966                USBD_ParseSetupRequest
 .text.USBD_CtlError
                0x000000000800c9da       0x22 ./Middlewares/ST/STM32_USB_Device_Library/Core/Src/usbd_ctlreq.o
                0x000000000800c9da                USBD_CtlError
 .text.USBD_GetString
                0x000000000800c9fc       0x8c ./Middlewares/ST/STM32_USB_Device_Library/Core/Src/usbd_ctlreq.o
                0x000000000800c9fc                USBD_GetString
 .text.USBD_GetLen
                0x000000000800ca88       0x34 ./Middlewares/ST/STM32_USB_Device_Library/Core/Src/usbd_ctlreq.o
 .text.USBD_CtlSendData
                0x000000000800cabc       0x36 ./Middlewares/ST/STM32_USB_Device_Library/Core/Src/usbd_ioreq.o
                0x000000000800cabc                USBD_CtlSendData
 .text.USBD_CtlContinueSendData
                0x000000000800caf2       0x22 ./Middlewares/ST/STM32_USB_Device_Library/Core/Src/usbd_ioreq.o
                0x000000000800caf2                USBD_CtlContinueSendData
 .text.USBD_CtlPrepareRx
                0x000000000800cb14       0x3a ./Middlewares/ST/STM32_USB_Device_Library/Core/Src/usbd_ioreq.o
                0x000000000800cb14                USBD_CtlPrepareRx
 .text.USBD_CtlContinueRx
                0x000000000800cb4e       0x22 ./Middlewares/ST/STM32_USB_Device_Library/Core/Src/usbd_ioreq.o
                0x000000000800cb4e                USBD_CtlContinueRx
 .text.USBD_CtlSendStatus
                0x000000000800cb70       0x26 ./Middlewares/ST/STM32_USB_Device_Library/Core/Src/usbd_ioreq.o
                0x000000000800cb70                USBD_CtlSendStatus
 .text.USBD_CtlReceiveStatus
                0x000000000800cb96       0x26 ./Middlewares/ST/STM32_USB_Device_Library/Core/Src/usbd_ioreq.o
                0x000000000800cb96                USBD_CtlReceiveStatus
 .text.MX_USB_DEVICE_Init
                0x000000000800cbbc       0x60 ./USB_DEVICE/App/usb_device.o
                0x000000000800cbbc                MX_USB_DEVICE_Init
 .text.CUSTOM_HID_Init_FS
                0x000000000800cc1c       0x10 ./USB_DEVICE/App/usbd_custom_hid_if.o
 .text.CUSTOM_HID_DeInit_FS
                0x000000000800cc2c       0x10 ./USB_DEVICE/App/usbd_custom_hid_if.o
 .text.CUSTOM_HID_OutEvent_FS
                0x000000000800cc3c       0x30 ./USB_DEVICE/App/usbd_custom_hid_if.o
 .text.USBD_FS_DeviceDescriptor
                0x000000000800cc6c       0x24 ./USB_DEVICE/App/usbd_desc.o
                0x000000000800cc6c                USBD_FS_DeviceDescriptor
 .text.USBD_FS_LangIDStrDescriptor
                0x000000000800cc90       0x24 ./USB_DEVICE/App/usbd_desc.o
                0x000000000800cc90                USBD_FS_LangIDStrDescriptor
 .text.USBD_FS_ProductStrDescriptor
                0x000000000800ccb4       0x3c ./USB_DEVICE/App/usbd_desc.o
                0x000000000800ccb4                USBD_FS_ProductStrDescriptor
 .text.USBD_FS_ManufacturerStrDescriptor
                0x000000000800ccf0       0x28 ./USB_DEVICE/App/usbd_desc.o
                0x000000000800ccf0                USBD_FS_ManufacturerStrDescriptor
 .text.USBD_FS_SerialStrDescriptor
                0x000000000800cd18       0x24 ./USB_DEVICE/App/usbd_desc.o
                0x000000000800cd18                USBD_FS_SerialStrDescriptor
 .text.USBD_FS_ConfigStrDescriptor
                0x000000000800cd3c       0x3c ./USB_DEVICE/App/usbd_desc.o
                0x000000000800cd3c                USBD_FS_ConfigStrDescriptor
 .text.USBD_FS_InterfaceStrDescriptor
                0x000000000800cd78       0x3c ./USB_DEVICE/App/usbd_desc.o
                0x000000000800cd78                USBD_FS_InterfaceStrDescriptor
 .text.Get_SerialNum
                0x000000000800cdb4       0x58 ./USB_DEVICE/App/usbd_desc.o
 .text.IntToUnicode
                0x000000000800ce0c       0x7e ./USB_DEVICE/App/usbd_desc.o
 *fill*         0x000000000800ce8a        0x2 
 .text.HAL_PCD_MspInit
                0x000000000800ce8c       0xa8 ./USB_DEVICE/Target/usbd_conf.o
                0x000000000800ce8c                HAL_PCD_MspInit
 .text.HAL_PCD_SetupStageCallback
                0x000000000800cf34       0x24 ./USB_DEVICE/Target/usbd_conf.o
                0x000000000800cf34                HAL_PCD_SetupStageCallback
 .text.HAL_PCD_DataOutStageCallback
                0x000000000800cf58       0x36 ./USB_DEVICE/Target/usbd_conf.o
                0x000000000800cf58                HAL_PCD_DataOutStageCallback
 .text.HAL_PCD_DataInStageCallback
                0x000000000800cf8e       0x34 ./USB_DEVICE/Target/usbd_conf.o
                0x000000000800cf8e                HAL_PCD_DataInStageCallback
 .text.HAL_PCD_SOFCallback
                0x000000000800cfc2       0x1c ./USB_DEVICE/Target/usbd_conf.o
                0x000000000800cfc2                HAL_PCD_SOFCallback
 .text.HAL_PCD_ResetCallback
                0x000000000800cfde       0x3c ./USB_DEVICE/Target/usbd_conf.o
                0x000000000800cfde                HAL_PCD_ResetCallback
 *fill*         0x000000000800d01a        0x2 
 .text.HAL_PCD_SuspendCallback
                0x000000000800d01c       0x4c ./USB_DEVICE/Target/usbd_conf.o
                0x000000000800d01c                HAL_PCD_SuspendCallback
 .text.HAL_PCD_ResumeCallback
                0x000000000800d068       0x1c ./USB_DEVICE/Target/usbd_conf.o
                0x000000000800d068                HAL_PCD_ResumeCallback
 .text.HAL_PCD_ISOOUTIncompleteCallback
                0x000000000800d084       0x24 ./USB_DEVICE/Target/usbd_conf.o
                0x000000000800d084                HAL_PCD_ISOOUTIncompleteCallback
 .text.HAL_PCD_ISOINIncompleteCallback
                0x000000000800d0a8       0x24 ./USB_DEVICE/Target/usbd_conf.o
                0x000000000800d0a8                HAL_PCD_ISOINIncompleteCallback
 .text.HAL_PCD_ConnectCallback
                0x000000000800d0cc       0x1c ./USB_DEVICE/Target/usbd_conf.o
                0x000000000800d0cc                HAL_PCD_ConnectCallback
 .text.HAL_PCD_DisconnectCallback
                0x000000000800d0e8       0x1c ./USB_DEVICE/Target/usbd_conf.o
                0x000000000800d0e8                HAL_PCD_DisconnectCallback
 .text.USBD_LL_Init
                0x000000000800d104       0x98 ./USB_DEVICE/Target/usbd_conf.o
                0x000000000800d104                USBD_LL_Init
 .text.USBD_LL_Start
                0x000000000800d19c       0x36 ./USB_DEVICE/Target/usbd_conf.o
                0x000000000800d19c                USBD_LL_Start
 .text.USBD_LL_OpenEP
                0x000000000800d1d2       0x4c ./USB_DEVICE/Target/usbd_conf.o
                0x000000000800d1d2                USBD_LL_OpenEP
 .text.USBD_LL_CloseEP
                0x000000000800d21e       0x3e ./USB_DEVICE/Target/usbd_conf.o
                0x000000000800d21e                USBD_LL_CloseEP
 .text.USBD_LL_StallEP
                0x000000000800d25c       0x3e ./USB_DEVICE/Target/usbd_conf.o
                0x000000000800d25c                USBD_LL_StallEP
 .text.USBD_LL_ClearStallEP
                0x000000000800d29a       0x3e ./USB_DEVICE/Target/usbd_conf.o
                0x000000000800d29a                USBD_LL_ClearStallEP
 .text.USBD_LL_IsStallEP
                0x000000000800d2d8       0x58 ./USB_DEVICE/Target/usbd_conf.o
                0x000000000800d2d8                USBD_LL_IsStallEP
 .text.USBD_LL_SetUSBAddress
                0x000000000800d330       0x3e ./USB_DEVICE/Target/usbd_conf.o
                0x000000000800d330                USBD_LL_SetUSBAddress
 .text.USBD_LL_Transmit
                0x000000000800d36e       0x42 ./USB_DEVICE/Target/usbd_conf.o
                0x000000000800d36e                USBD_LL_Transmit
 .text.USBD_LL_PrepareReceive
                0x000000000800d3b0       0x42 ./USB_DEVICE/Target/usbd_conf.o
                0x000000000800d3b0                USBD_LL_PrepareReceive
 *fill*         0x000000000800d3f2        0x2 
 .text.USBD_static_malloc
                0x000000000800d3f4       0x1c ./USB_DEVICE/Target/usbd_conf.o
                0x000000000800d3f4                USBD_static_malloc
 .text.USBD_static_free
                0x000000000800d410       0x14 ./USB_DEVICE/Target/usbd_conf.o
                0x000000000800d410                USBD_static_free
 .text.USBD_Get_USB_Status
                0x000000000800d424       0x58 ./USB_DEVICE/Target/usbd_conf.o
                0x000000000800d424                USBD_Get_USB_Status
 .text.__errno  0x000000000800d47c        0xc c:/st/stm32cubeide_1.4.0/stm32cubeide/plugins/com.st.stm32cube.ide.mcu.externaltools.gnu-tools-for-stm32.10.3-2021.10.win32_1.0.0.202111181127/tools/bin/../lib/gcc/arm-none-eabi/10.3.1/../../../../arm-none-eabi/lib/thumb/v7e-m+fp/hard\libc_nano.a(lib_a-errno.o)
                0x000000000800d47c                __errno
 .text.__libc_init_array
                0x000000000800d488       0x48 c:/st/stm32cubeide_1.4.0/stm32cubeide/plugins/com.st.stm32cube.ide.mcu.externaltools.gnu-tools-for-stm32.10.3-2021.10.win32_1.0.0.202111181127/tools/bin/../lib/gcc/arm-none-eabi/10.3.1/../../../../arm-none-eabi/lib/thumb/v7e-m+fp/hard\libc_nano.a(lib_a-init.o)
                0x000000000800d488                __libc_init_array
 .text.memset   0x000000000800d4d0       0x10 c:/st/stm32cubeide_1.4.0/stm32cubeide/plugins/com.st.stm32cube.ide.mcu.externaltools.gnu-tools-for-stm32.10.3-2021.10.win32_1.0.0.202111181127/tools/bin/../lib/gcc/arm-none-eabi/10.3.1/../../../../arm-none-eabi/lib/thumb/v7e-m+fp/hard\libc_nano.a(lib_a-memset.o)
                0x000000000800d4d0                memset
 .text.__sfputc_r
                0x000000000800d4e0       0x2e c:/st/stm32cubeide_1.4.0/stm32cubeide/plugins/com.st.stm32cube.ide.mcu.externaltools.gnu-tools-for-stm32.10.3-2021.10.win32_1.0.0.202111181127/tools/bin/../lib/gcc/arm-none-eabi/10.3.1/../../../../arm-none-eabi/lib/thumb/v7e-m+fp/hard\libc_nano.a(lib_a-nano-vfprintf.o)
 .text.__sfputs_r
                0x000000000800d50e       0x24 c:/st/stm32cubeide_1.4.0/stm32cubeide/plugins/com.st.stm32cube.ide.mcu.externaltools.gnu-tools-for-stm32.10.3-2021.10.win32_1.0.0.202111181127/tools/bin/../lib/gcc/arm-none-eabi/10.3.1/../../../../arm-none-eabi/lib/thumb/v7e-m+fp/hard\libc_nano.a(lib_a-nano-vfprintf.o)
                0x000000000800d50e                __sfputs_r
 *fill*         0x000000000800d532        0x2 
 .text._vfprintf_r
                0x000000000800d534      0x260 c:/st/stm32cubeide_1.4.0/stm32cubeide/plugins/com.st.stm32cube.ide.mcu.externaltools.gnu-tools-for-stm32.10.3-2021.10.win32_1.0.0.202111181127/tools/bin/../lib/gcc/arm-none-eabi/10.3.1/../../../../arm-none-eabi/lib/thumb/v7e-m+fp/hard\libc_nano.a(lib_a-nano-vfprintf.o)
                0x000000000800d534                _vfprintf_r
                0x000000000800d534                _vfiprintf_r
 .text.vfprintf
                0x000000000800d794       0x14 c:/st/stm32cubeide_1.4.0/stm32cubeide/plugins/com.st.stm32cube.ide.mcu.externaltools.gnu-tools-for-stm32.10.3-2021.10.win32_1.0.0.202111181127/tools/bin/../lib/gcc/arm-none-eabi/10.3.1/../../../../arm-none-eabi/lib/thumb/v7e-m+fp/hard\libc_nano.a(lib_a-nano-vfprintf.o)
                0x000000000800d794                vfprintf
                0x000000000800d794                vfiprintf
 .text._printf_common
                0x000000000800d7a8       0xda c:/st/stm32cubeide_1.4.0/stm32cubeide/plugins/com.st.stm32cube.ide.mcu.externaltools.gnu-tools-for-stm32.10.3-2021.10.win32_1.0.0.202111181127/tools/bin/../lib/gcc/arm-none-eabi/10.3.1/../../../../arm-none-eabi/lib/thumb/v7e-m+fp/hard\libc_nano.a(lib_a-nano-vfprintf_i.o)
                0x000000000800d7a8                _printf_common
 *fill*         0x000000000800d882        0x2 
 .text._printf_i
                0x000000000800d884      0x24c c:/st/stm32cubeide_1.4.0/stm32cubeide/plugins/com.st.stm32cube.ide.mcu.externaltools.gnu-tools-for-stm32.10.3-2021.10.win32_1.0.0.202111181127/tools/bin/../lib/gcc/arm-none-eabi/10.3.1/../../../../arm-none-eabi/lib/thumb/v7e-m+fp/hard\libc_nano.a(lib_a-nano-vfprintf_i.o)
                0x000000000800d884                _printf_i
 .text.printf   0x000000000800dad0       0x30 c:/st/stm32cubeide_1.4.0/stm32cubeide/plugins/com.st.stm32cube.ide.mcu.externaltools.gnu-tools-for-stm32.10.3-2021.10.win32_1.0.0.202111181127/tools/bin/../lib/gcc/arm-none-eabi/10.3.1/../../../../arm-none-eabi/lib/thumb/v7e-m+fp/hard\libc_nano.a(lib_a-printf.o)
                0x000000000800dad0                iprintf
                0x000000000800dad0                printf
 .text.putchar  0x000000000800db00       0x2c c:/st/stm32cubeide_1.4.0/stm32cubeide/plugins/com.st.stm32cube.ide.mcu.externaltools.gnu-tools-for-stm32.10.3-2021.10.win32_1.0.0.202111181127/tools/bin/../lib/gcc/arm-none-eabi/10.3.1/../../../../arm-none-eabi/lib/thumb/v7e-m+fp/hard\libc_nano.a(lib_a-putchar.o)
                0x000000000800db00                putchar
 .text.__swbuf_r
                0x000000000800db2c       0xa4 c:/st/stm32cubeide_1.4.0/stm32cubeide/plugins/com.st.stm32cube.ide.mcu.externaltools.gnu-tools-for-stm32.10.3-2021.10.win32_1.0.0.202111181127/tools/bin/../lib/gcc/arm-none-eabi/10.3.1/../../../../arm-none-eabi/lib/thumb/v7e-m+fp/hard\libc_nano.a(lib_a-wbuf.o)
                0x000000000800db2c                __swbuf_r
 .text.__swsetup_r
                0x000000000800dbd0       0xdc c:/st/stm32cubeide_1.4.0/stm32cubeide/plugins/com.st.stm32cube.ide.mcu.externaltools.gnu-tools-for-stm32.10.3-2021.10.win32_1.0.0.202111181127/tools/bin/../lib/gcc/arm-none-eabi/10.3.1/../../../../arm-none-eabi/lib/thumb/v7e-m+fp/hard\libc_nano.a(lib_a-wsetup.o)
                0x000000000800dbd0                __swsetup_r
 .text.__sflush_r
                0x000000000800dcac      0x10c c:/st/stm32cubeide_1.4.0/stm32cubeide/plugins/com.st.stm32cube.ide.mcu.externaltools.gnu-tools-for-stm32.10.3-2021.10.win32_1.0.0.202111181127/tools/bin/../lib/gcc/arm-none-eabi/10.3.1/../../../../arm-none-eabi/lib/thumb/v7e-m+fp/hard\libc_nano.a(lib_a-fflush.o)
                0x000000000800dcac                __sflush_r
 .text._fflush_r
                0x000000000800ddb8       0x78 c:/st/stm32cubeide_1.4.0/stm32cubeide/plugins/com.st.stm32cube.ide.mcu.externaltools.gnu-tools-for-stm32.10.3-2021.10.win32_1.0.0.202111181127/tools/bin/../lib/gcc/arm-none-eabi/10.3.1/../../../../arm-none-eabi/lib/thumb/v7e-m+fp/hard\libc_nano.a(lib_a-fflush.o)
                0x000000000800ddb8                _fflush_r
 .text.std      0x000000000800de30       0x48 c:/st/stm32cubeide_1.4.0/stm32cubeide/plugins/com.st.stm32cube.ide.mcu.externaltools.gnu-tools-for-stm32.10.3-2021.10.win32_1.0.0.202111181127/tools/bin/../lib/gcc/arm-none-eabi/10.3.1/../../../../arm-none-eabi/lib/thumb/v7e-m+fp/hard\libc_nano.a(lib_a-findfp.o)
 .text._cleanup_r
                0x000000000800de78        0xc c:/st/stm32cubeide_1.4.0/stm32cubeide/plugins/com.st.stm32cube.ide.mcu.externaltools.gnu-tools-for-stm32.10.3-2021.10.win32_1.0.0.202111181127/tools/bin/../lib/gcc/arm-none-eabi/10.3.1/../../../../arm-none-eabi/lib/thumb/v7e-m+fp/hard\libc_nano.a(lib_a-findfp.o)
                0x000000000800de78                _cleanup_r
 .text.__sfmoreglue
                0x000000000800de84       0x2c c:/st/stm32cubeide_1.4.0/stm32cubeide/plugins/com.st.stm32cube.ide.mcu.externaltools.gnu-tools-for-stm32.10.3-2021.10.win32_1.0.0.202111181127/tools/bin/../lib/gcc/arm-none-eabi/10.3.1/../../../../arm-none-eabi/lib/thumb/v7e-m+fp/hard\libc_nano.a(lib_a-findfp.o)
                0x000000000800de84                __sfmoreglue
 .text.__sfp_lock_acquire
                0x000000000800deb0        0xc c:/st/stm32cubeide_1.4.0/stm32cubeide/plugins/com.st.stm32cube.ide.mcu.externaltools.gnu-tools-for-stm32.10.3-2021.10.win32_1.0.0.202111181127/tools/bin/../lib/gcc/arm-none-eabi/10.3.1/../../../../arm-none-eabi/lib/thumb/v7e-m+fp/hard\libc_nano.a(lib_a-findfp.o)
                0x000000000800deb0                __sfp_lock_acquire
 .text.__sfp_lock_release
                0x000000000800debc        0xc c:/st/stm32cubeide_1.4.0/stm32cubeide/plugins/com.st.stm32cube.ide.mcu.externaltools.gnu-tools-for-stm32.10.3-2021.10.win32_1.0.0.202111181127/tools/bin/../lib/gcc/arm-none-eabi/10.3.1/../../../../arm-none-eabi/lib/thumb/v7e-m+fp/hard\libc_nano.a(lib_a-findfp.o)
                0x000000000800debc                __sfp_lock_release
 .text.__sinit_lock_acquire
                0x000000000800dec8        0xc c:/st/stm32cubeide_1.4.0/stm32cubeide/plugins/com.st.stm32cube.ide.mcu.externaltools.gnu-tools-for-stm32.10.3-2021.10.win32_1.0.0.202111181127/tools/bin/../lib/gcc/arm-none-eabi/10.3.1/../../../../arm-none-eabi/lib/thumb/v7e-m+fp/hard\libc_nano.a(lib_a-findfp.o)
                0x000000000800dec8                __sinit_lock_acquire
 .text.__sinit_lock_release
                0x000000000800ded4        0xc c:/st/stm32cubeide_1.4.0/stm32cubeide/plugins/com.st.stm32cube.ide.mcu.externaltools.gnu-tools-for-stm32.10.3-2021.10.win32_1.0.0.202111181127/tools/bin/../lib/gcc/arm-none-eabi/10.3.1/../../../../arm-none-eabi/lib/thumb/v7e-m+fp/hard\libc_nano.a(lib_a-findfp.o)
                0x000000000800ded4                __sinit_lock_release
 .text.__sinit  0x000000000800dee0       0x70 c:/st/stm32cubeide_1.4.0/stm32cubeide/plugins/com.st.stm32cube.ide.mcu.externaltools.gnu-tools-for-stm32.10.3-2021.10.win32_1.0.0.202111181127/tools/bin/../lib/gcc/arm-none-eabi/10.3.1/../../../../arm-none-eabi/lib/thumb/v7e-m+fp/hard\libc_nano.a(lib_a-findfp.o)
                0x000000000800dee0                __sinit
 .text.__sfp    0x000000000800df50       0x8c c:/st/stm32cubeide_1.4.0/stm32cubeide/plugins/com.st.stm32cube.ide.mcu.externaltools.gnu-tools-for-stm32.10.3-2021.10.win32_1.0.0.202111181127/tools/bin/../lib/gcc/arm-none-eabi/10.3.1/../../../../arm-none-eabi/lib/thumb/v7e-m+fp/hard\libc_nano.a(lib_a-findfp.o)
                0x000000000800df50                __sfp
 .text._fwalk_reent
                0x000000000800dfdc       0x3e c:/st/stm32cubeide_1.4.0/stm32cubeide/plugins/com.st.stm32cube.ide.mcu.externaltools.gnu-tools-for-stm32.10.3-2021.10.win32_1.0.0.202111181127/tools/bin/../lib/gcc/arm-none-eabi/10.3.1/../../../../arm-none-eabi/lib/thumb/v7e-m+fp/hard\libc_nano.a(lib_a-fwalk.o)
                0x000000000800dfdc                _fwalk_reent
 .text.__retarget_lock_init_recursive
                0x000000000800e01a        0x2 c:/st/stm32cubeide_1.4.0/stm32cubeide/plugins/com.st.stm32cube.ide.mcu.externaltools.gnu-tools-for-stm32.10.3-2021.10.win32_1.0.0.202111181127/tools/bin/../lib/gcc/arm-none-eabi/10.3.1/../../../../arm-none-eabi/lib/thumb/v7e-m+fp/hard\libc_nano.a(lib_a-lock.o)
                0x000000000800e01a                __retarget_lock_init_recursive
 .text.__retarget_lock_acquire_recursive
                0x000000000800e01c        0x2 c:/st/stm32cubeide_1.4.0/stm32cubeide/plugins/com.st.stm32cube.ide.mcu.externaltools.gnu-tools-for-stm32.10.3-2021.10.win32_1.0.0.202111181127/tools/bin/../lib/gcc/arm-none-eabi/10.3.1/../../../../arm-none-eabi/lib/thumb/v7e-m+fp/hard\libc_nano.a(lib_a-lock.o)
                0x000000000800e01c                __retarget_lock_acquire_recursive
 .text.__retarget_lock_release_recursive
                0x000000000800e01e        0x2 c:/st/stm32cubeide_1.4.0/stm32cubeide/plugins/com.st.stm32cube.ide.mcu.externaltools.gnu-tools-for-stm32.10.3-2021.10.win32_1.0.0.202111181127/tools/bin/../lib/gcc/arm-none-eabi/10.3.1/../../../../arm-none-eabi/lib/thumb/v7e-m+fp/hard\libc_nano.a(lib_a-lock.o)
                0x000000000800e01e                __retarget_lock_release_recursive
 .text.__swhatbuf_r
                0x000000000800e020       0x4a c:/st/stm32cubeide_1.4.0/stm32cubeide/plugins/com.st.stm32cube.ide.mcu.externaltools.gnu-tools-for-stm32.10.3-2021.10.win32_1.0.0.202111181127/tools/bin/../lib/gcc/arm-none-eabi/10.3.1/../../../../arm-none-eabi/lib/thumb/v7e-m+fp/hard\libc_nano.a(lib_a-makebuf.o)
                0x000000000800e020                __swhatbuf_r
 *fill*         0x000000000800e06a        0x2 
 .text.__smakebuf_r
                0x000000000800e06c       0x80 c:/st/stm32cubeide_1.4.0/stm32cubeide/plugins/com.st.stm32cube.ide.mcu.externaltools.gnu-tools-for-stm32.10.3-2021.10.win32_1.0.0.202111181127/tools/bin/../lib/gcc/arm-none-eabi/10.3.1/../../../../arm-none-eabi/lib/thumb/v7e-m+fp/hard\libc_nano.a(lib_a-makebuf.o)
                0x000000000800e06c                __smakebuf_r
 .text._free_r  0x000000000800e0ec       0x98 c:/st/stm32cubeide_1.4.0/stm32cubeide/plugins/com.st.stm32cube.ide.mcu.externaltools.gnu-tools-for-stm32.10.3-2021.10.win32_1.0.0.202111181127/tools/bin/../lib/gcc/arm-none-eabi/10.3.1/../../../../arm-none-eabi/lib/thumb/v7e-m+fp/hard\libc_nano.a(lib_a-nano-freer.o)
                0x000000000800e0ec                _free_r
 .text.sbrk_aligned
                0x000000000800e184       0x40 c:/st/stm32cubeide_1.4.0/stm32cubeide/plugins/com.st.stm32cube.ide.mcu.externaltools.gnu-tools-for-stm32.10.3-2021.10.win32_1.0.0.202111181127/tools/bin/../lib/gcc/arm-none-eabi/10.3.1/../../../../arm-none-eabi/lib/thumb/v7e-m+fp/hard\libc_nano.a(lib_a-nano-mallocr.o)
 .text._malloc_r
                0x000000000800e1c4       0xe8 c:/st/stm32cubeide_1.4.0/stm32cubeide/plugins/com.st.stm32cube.ide.mcu.externaltools.gnu-tools-for-stm32.10.3-2021.10.win32_1.0.0.202111181127/tools/bin/../lib/gcc/arm-none-eabi/10.3.1/../../../../arm-none-eabi/lib/thumb/v7e-m+fp/hard\libc_nano.a(lib_a-nano-mallocr.o)
                0x000000000800e1c4                _malloc_r
 .text._putc_r  0x000000000800e2ac       0x90 c:/st/stm32cubeide_1.4.0/stm32cubeide/plugins/com.st.stm32cube.ide.mcu.externaltools.gnu-tools-for-stm32.10.3-2021.10.win32_1.0.0.202111181127/tools/bin/../lib/gcc/arm-none-eabi/10.3.1/../../../../arm-none-eabi/lib/thumb/v7e-m+fp/hard\libc_nano.a(lib_a-putc.o)
                0x000000000800e2ac                _putc_r
 .text._sbrk_r  0x000000000800e33c       0x20 c:/st/stm32cubeide_1.4.0/stm32cubeide/plugins/com.st.stm32cube.ide.mcu.externaltools.gnu-tools-for-stm32.10.3-2021.10.win32_1.0.0.202111181127/tools/bin/../lib/gcc/arm-none-eabi/10.3.1/../../../../arm-none-eabi/lib/thumb/v7e-m+fp/hard\libc_nano.a(lib_a-sbrkr.o)
                0x000000000800e33c                _sbrk_r
 .text.__sread  0x000000000800e35c       0x22 c:/st/stm32cubeide_1.4.0/stm32cubeide/plugins/com.st.stm32cube.ide.mcu.externaltools.gnu-tools-for-stm32.10.3-2021.10.win32_1.0.0.202111181127/tools/bin/../lib/gcc/arm-none-eabi/10.3.1/../../../../arm-none-eabi/lib/thumb/v7e-m+fp/hard\libc_nano.a(lib_a-stdio.o)
                0x000000000800e35c                __sread
 .text.__swrite
                0x000000000800e37e       0x38 c:/st/stm32cubeide_1.4.0/stm32cubeide/plugins/com.st.stm32cube.ide.mcu.externaltools.gnu-tools-for-stm32.10.3-2021.10.win32_1.0.0.202111181127/tools/bin/../lib/gcc/arm-none-eabi/10.3.1/../../../../arm-none-eabi/lib/thumb/v7e-m+fp/hard\libc_nano.a(lib_a-stdio.o)
                0x000000000800e37e                __swrite
 .text.__sseek  0x000000000800e3b6       0x24 c:/st/stm32cubeide_1.4.0/stm32cubeide/plugins/com.st.stm32cube.ide.mcu.externaltools.gnu-tools-for-stm32.10.3-2021.10.win32_1.0.0.202111181127/tools/bin/../lib/gcc/arm-none-eabi/10.3.1/../../../../arm-none-eabi/lib/thumb/v7e-m+fp/hard\libc_nano.a(lib_a-stdio.o)
                0x000000000800e3b6                __sseek
 .text.__sclose
                0x000000000800e3da        0x8 c:/st/stm32cubeide_1.4.0/stm32cubeide/plugins/com.st.stm32cube.ide.mcu.externaltools.gnu-tools-for-stm32.10.3-2021.10.win32_1.0.0.202111181127/tools/bin/../lib/gcc/arm-none-eabi/10.3.1/../../../../arm-none-eabi/lib/thumb/v7e-m+fp/hard\libc_nano.a(lib_a-stdio.o)
                0x000000000800e3da                __sclose
 *fill*         0x000000000800e3e2        0x2 
 .text._write_r
                0x000000000800e3e4       0x24 c:/st/stm32cubeide_1.4.0/stm32cubeide/plugins/com.st.stm32cube.ide.mcu.externaltools.gnu-tools-for-stm32.10.3-2021.10.win32_1.0.0.202111181127/tools/bin/../lib/gcc/arm-none-eabi/10.3.1/../../../../arm-none-eabi/lib/thumb/v7e-m+fp/hard\libc_nano.a(lib_a-writer.o)
                0x000000000800e3e4                _write_r
 .text._close_r
                0x000000000800e408       0x20 c:/st/stm32cubeide_1.4.0/stm32cubeide/plugins/com.st.stm32cube.ide.mcu.externaltools.gnu-tools-for-stm32.10.3-2021.10.win32_1.0.0.202111181127/tools/bin/../lib/gcc/arm-none-eabi/10.3.1/../../../../arm-none-eabi/lib/thumb/v7e-m+fp/hard\libc_nano.a(lib_a-closer.o)
                0x000000000800e408                _close_r
 .text._fstat_r
                0x000000000800e428       0x24 c:/st/stm32cubeide_1.4.0/stm32cubeide/plugins/com.st.stm32cube.ide.mcu.externaltools.gnu-tools-for-stm32.10.3-2021.10.win32_1.0.0.202111181127/tools/bin/../lib/gcc/arm-none-eabi/10.3.1/../../../../arm-none-eabi/lib/thumb/v7e-m+fp/hard\libc_nano.a(lib_a-fstatr.o)
                0x000000000800e428                _fstat_r
 .text._isatty_r
                0x000000000800e44c       0x20 c:/st/stm32cubeide_1.4.0/stm32cubeide/plugins/com.st.stm32cube.ide.mcu.externaltools.gnu-tools-for-stm32.10.3-2021.10.win32_1.0.0.202111181127/tools/bin/../lib/gcc/arm-none-eabi/10.3.1/../../../../arm-none-eabi/lib/thumb/v7e-m+fp/hard\libc_nano.a(lib_a-isattyr.o)
                0x000000000800e44c                _isatty_r
 .text._lseek_r
                0x000000000800e46c       0x24 c:/st/stm32cubeide_1.4.0/stm32cubeide/plugins/com.st.stm32cube.ide.mcu.externaltools.gnu-tools-for-stm32.10.3-2021.10.win32_1.0.0.202111181127/tools/bin/../lib/gcc/arm-none-eabi/10.3.1/../../../../arm-none-eabi/lib/thumb/v7e-m+fp/hard\libc_nano.a(lib_a-lseekr.o)
                0x000000000800e46c                _lseek_r
 .text.__malloc_lock
                0x000000000800e490        0xc c:/st/stm32cubeide_1.4.0/stm32cubeide/plugins/com.st.stm32cube.ide.mcu.externaltools.gnu-tools-for-stm32.10.3-2021.10.win32_1.0.0.202111181127/tools/bin/../lib/gcc/arm-none-eabi/10.3.1/../../../../arm-none-eabi/lib/thumb/v7e-m+fp/hard\libc_nano.a(lib_a-mlock.o)
                0x000000000800e490                __malloc_lock
 .text.__malloc_unlock
                0x000000000800e49c        0xc c:/st/stm32cubeide_1.4.0/stm32cubeide/plugins/com.st.stm32cube.ide.mcu.externaltools.gnu-tools-for-stm32.10.3-2021.10.win32_1.0.0.202111181127/tools/bin/../lib/gcc/arm-none-eabi/10.3.1/../../../../arm-none-eabi/lib/thumb/v7e-m+fp/hard\libc_nano.a(lib_a-mlock.o)
                0x000000000800e49c                __malloc_unlock
 .text._read_r  0x000000000800e4a8       0x24 c:/st/stm32cubeide_1.4.0/stm32cubeide/plugins/com.st.stm32cube.ide.mcu.externaltools.gnu-tools-for-stm32.10.3-2021.10.win32_1.0.0.202111181127/tools/bin/../lib/gcc/arm-none-eabi/10.3.1/../../../../arm-none-eabi/lib/thumb/v7e-m+fp/hard\libc_nano.a(lib_a-readr.o)
                0x000000000800e4a8                _read_r
 *(.glue_7)
 .glue_7        0x000000000800e4cc        0x0 linker stubs
 *(.glue_7t)
 .glue_7t       0x000000000800e4cc        0x0 linker stubs
 *(.eh_frame)
 .eh_frame      0x000000000800e4cc        0x0 c:/st/stm32cubeide_1.4.0/stm32cubeide/plugins/com.st.stm32cube.ide.mcu.externaltools.gnu-tools-for-stm32.10.3-2021.10.win32_1.0.0.202111181127/tools/bin/../lib/gcc/arm-none-eabi/10.3.1/thumb/v7e-m+fp/hard/crtbegin.o
 *(.init)
 .init          0x000000000800e4cc        0x4 c:/st/stm32cubeide_1.4.0/stm32cubeide/plugins/com.st.stm32cube.ide.mcu.externaltools.gnu-tools-for-stm32.10.3-2021.10.win32_1.0.0.202111181127/tools/bin/../lib/gcc/arm-none-eabi/10.3.1/thumb/v7e-m+fp/hard/crti.o
                0x000000000800e4cc                _init
 .init          0x000000000800e4d0        0x8 c:/st/stm32cubeide_1.4.0/stm32cubeide/plugins/com.st.stm32cube.ide.mcu.externaltools.gnu-tools-for-stm32.10.3-2021.10.win32_1.0.0.202111181127/tools/bin/../lib/gcc/arm-none-eabi/10.3.1/thumb/v7e-m+fp/hard/crtn.o
 *(.fini)
 .fini          0x000000000800e4d8        0x4 c:/st/stm32cubeide_1.4.0/stm32cubeide/plugins/com.st.stm32cube.ide.mcu.externaltools.gnu-tools-for-stm32.10.3-2021.10.win32_1.0.0.202111181127/tools/bin/../lib/gcc/arm-none-eabi/10.3.1/thumb/v7e-m+fp/hard/crti.o
                0x000000000800e4d8                _fini
 .fini          0x000000000800e4dc        0x8 c:/st/stm32cubeide_1.4.0/stm32cubeide/plugins/com.st.stm32cube.ide.mcu.externaltools.gnu-tools-for-stm32.10.3-2021.10.win32_1.0.0.202111181127/tools/bin/../lib/gcc/arm-none-eabi/10.3.1/thumb/v7e-m+fp/hard/crtn.o
                0x000000000800e4e4                . = ALIGN (0x4)
                0x000000000800e4e4                _etext = .

.vfp11_veneer   0x000000000800e4e4        0x0
 .vfp11_veneer  0x000000000800e4e4        0x0 linker stubs

.v4_bx          0x000000000800e4e4        0x0
 .v4_bx         0x000000000800e4e4        0x0 linker stubs

.iplt           0x000000000800e4e4        0x0
 .iplt          0x000000000800e4e4        0x0 c:/st/stm32cubeide_1.4.0/stm32cubeide/plugins/com.st.stm32cube.ide.mcu.externaltools.gnu-tools-for-stm32.10.3-2021.10.win32_1.0.0.202111181127/tools/bin/../lib/gcc/arm-none-eabi/10.3.1/thumb/v7e-m+fp/hard/crtbegin.o

.rodata         0x000000000800e4e4    0x221f0
                0x000000000800e4e4                . = ALIGN (0x4)
 *(.rodata)
 .rodata        0x000000000800e4e4      0x269 ./Core/Src/IC_Drivers/MCP23017.o
 *fill*         0x000000000800e74d        0x3 
 .rodata        0x000000000800e750       0x56 ./Core/Src/IC_Drivers/MCP23017_Hardware.o
 *fill*         0x000000000800e7a6        0x2 
 .rodata        0x000000000800e7a8       0xc2 ./Core/Src/log.o
 *fill*         0x000000000800e86a        0x2 
 .rodata        0x000000000800e86c       0x28 ./Core/Src/main.o
 .rodata        0x000000000800e894       0x5d ./USB_DEVICE/App/usbd_desc.o
 *(.rodata*)
 *fill*         0x000000000800e8f1        0x1 
 .rodata.MCP23017_AllPins
                0x000000000800e8f2        0x2 ./Core/Src/IC_Drivers/MCP23017.o
                0x000000000800e8f2                MCP23017_AllPins
 .rodata.MCP23017_NoPins
                0x000000000800e8f4        0x2 ./Core/Src/IC_Drivers/MCP23017.o
                0x000000000800e8f4                MCP23017_NoPins
 *fill*         0x000000000800e8f6        0x2 
 .rodata.MCP23017_IO1_Drv
                0x000000000800e8f8       0x14 ./Core/Src/IC_Drivers/MCP23017_Hardware.o
                0x000000000800e8f8                MCP23017_IO1_Drv
 .rodata.MCP23017_IO2_Drv
                0x000000000800e90c       0x14 ./Core/Src/IC_Drivers/MCP23017_Hardware.o
                0x000000000800e90c                MCP23017_IO2_Drv
 .rodata.MCP23017_IO3_Drv
                0x000000000800e920       0x14 ./Core/Src/IC_Drivers/MCP23017_Hardware.o
                0x000000000800e920                MCP23017_IO3_Drv
 .rodata.MCP23017_IO4_Drv
                0x000000000800e934       0x14 ./Core/Src/IC_Drivers/MCP23017_Hardware.o
                0x000000000800e934                MCP23017_IO4_Drv
 .rodata.address.7
                0x000000000800e948        0x1 ./Core/Src/IC_Drivers/MCP23017_Hardware.o
 .rodata.address.6
                0x000000000800e949        0x1 ./Core/Src/IC_Drivers/MCP23017_Hardware.o
 .rodata.address.5
                0x000000000800e94a        0x1 ./Core/Src/IC_Drivers/MCP23017_Hardware.o
 .rodata.address.4
                0x000000000800e94b        0x1 ./Core/Src/IC_Drivers/MCP23017_Hardware.o
 .rodata.address.3