Archive member included to satisfy reference by file (symbol)

c:/st/stm32cubeide_1.4.0/stm32cubeide/plugins/com.st.stm32cube.ide.mcu.externaltools.gnu-tools-for-stm32.10.3-2021.10.win32_1.0.0.202111181127/tools/bin/../lib/gcc/arm-none-eabi/10.3.1/../../../../arm-none-eabi/lib/thumb/v7e-m+fp/hard\libc_nano.a(lib_a-errno.o)
                              ./Core/Src/syscalls.o (__errno)
c:/st/stm32cubeide_1.4.0/stm32cubeide/plugins/com.st.stm32cube.ide.mcu.externaltools.gnu-tools-for-stm32.10.3-2021.10.win32_1.0.0.202111181127/tools/bin/../lib/gcc/arm-none-eabi/10.3.1/../../../../arm-none-eabi/lib/thumb/v7e-m+fp/hard\libc_nano.a(lib_a-exit.o)
                              c:/st/stm32cubeide_1.4.0/stm32cubeide/plugins/com.st.stm32cube.ide.mcu.externaltools.gnu-tools-for-stm32.10.3-2021.10.win32_1.0.0.202111181127/tools/bin/../lib/gcc/arm-none-eabi/10.3.1/../../../../arm-none-eabi/lib/thumb/v7e-m+fp/hard/crt0.o (exit)
c:/st/stm32cubeide_1.4.0/stm32cubeide/plugins/com.st.stm32cube.ide.mcu.externaltools.gnu-tools-for-stm32.10.3-2021.10.win32_1.0.0.202111181127/tools/bin/../lib/gcc/arm-none-eabi/10.3.1/../../../../arm-none-eabi/lib/thumb/v7e-m+fp/hard\libc_nano.a(lib_a-impure.o)
                              c:/st/stm32cubeide_1.4.0/stm32cubeide/plugins/com.st.stm32cube.ide.mcu.externaltools.gnu-tools-for-stm32.10.3-2021.10.win32_1.0.0.202111181127/tools/bin/../lib/gcc/arm-none-eabi/10.3.1/../../../../arm-none-eabi/lib/thumb/v7e-m+fp/hard\libc_nano.a(lib_a-exit.o) (_global_impure_ptr)
c:/st/stm32cubeide_1.4.0/stm32cubeide/plugins/com.st.stm32cube.ide.mcu.externaltools.gnu-tools-for-stm32.10.3-2021.10.win32_1.0.0.202111181127/tools/bin/../lib/gcc/arm-none-eabi/10.3.1/../../../../arm-none-eabi/lib/thumb/v7e-m+fp/hard\libc_nano.a(lib_a-init.o)
                              c:/st/stm32cubeide_1.4.0/stm32cubeide/plugins/com.st.stm32cube.ide.mcu.externaltools.gnu-tools-for-stm32.10.3-2021.10.win32_1.0.0.202111181127/tools/bin/../lib/gcc/arm-none-eabi/10.3.1/../../../../arm-none-eabi/lib/thumb/v7e-m+fp/hard/crt0.o (__libc_init_array)
c:/st/stm32cubeide_1.4.0/stm32cubeide/plugins/com.st.stm32cube.ide.mcu.externaltools.gnu-tools-for-stm32.10.3-2021.10.win32_1.0.0.202111181127/tools/bin/../lib/gcc/arm-none-eabi/10.3.1/../../../../arm-none-eabi/lib/thumb/v7e-m+fp/hard\libc_nano.a(lib_a-memset.o)
                              c:/st/stm32cubeide_1.4.0/stm32cubeide/plugins/com.st.stm32cube.ide.mcu.externaltools.gnu-tools-for-stm32.10.3-2021.10.win32_1.0.0.202111181127/tools/bin/../lib/gcc/arm-none-eabi/10.3.1/../../../../arm-none-eabi/lib/thumb/v7e-m+fp/hard/crt0.o (memset)
c:/st/stm32cubeide_1.4.0/stm32cubeide/plugins/com.st.stm32cube.ide.mcu.externaltools.gnu-tools-for-stm32.10.3-2021.10.win32_1.0.0.202111181127/tools/bin/../lib/gcc/arm-none-eabi/10.3.1/../../../../arm-none-eabi/lib/thumb/v7e-m+fp/hard\libc_nano.a(lib_a-nano-vfprintf.o)
                              ./Core/Src/log.o (vfprintf)
c:/st/stm32cubeide_1.4.0/stm32cubeide/plugins/com.st.stm32cube.ide.mcu.externaltools.gnu-tools-for-stm32.10.3-2021.10.win32_1.0.0.202111181127/tools/bin/../lib/gcc/arm-none-eabi/10.3.1/../../../../arm-none-eabi/lib/thumb/v7e-m+fp/hard\libc_nano.a(lib_a-nano-vfprintf_i.o)
                              c:/st/stm32cubeide_1.4.0/stm32cubeide/plugins/com.st.stm32cube.ide.mcu.externaltools.gnu-tools-for-stm32.10.3-2021.10.win32_1.0.0.202111181127/tools/bin/../lib/gcc/arm-none-eabi/10.3.1/../../../../arm-none-eabi/lib/thumb/v7e-m+fp/hard\libc_nano.a(lib_a-nano-vfprintf.o) (_printf_i)
c:/st/stm32cubeide_1.4.0/stm32cubeide/plugins/com.st.stm32cube.ide.mcu.externaltools.gnu-tools-for-stm32.10.3-2021.10.win32_1.0.0.202111181127/tools/bin/../lib/gcc/arm-none-eabi/10.3.1/../../../../arm-none-eabi/lib/thumb/v7e-m+fp/hard\libc_nano.a(lib_a-printf.o)
                              ./Core/Src/log.o (printf)
c:/st/stm32cubeide_1.4.0/stm32cubeide/plugins/com.st.stm32cube.ide.mcu.externaltools.gnu-tools-for-stm32.10.3-2021.10.win32_1.0.0.202111181127/tools/bin/../lib/gcc/arm-none-eabi/10.3.1/../../../../arm-none-eabi/lib/thumb/v7e-m+fp/hard\libc_nano.a(lib_a-putchar.o)
                              ./Core/Src/log.o (putchar)
c:/st/stm32cubeide_1.4.0/stm32cubeide/plugins/com.st.stm32cube.ide.mcu.externaltools.gnu-tools-for-stm32.10.3-2021.10.win32_1.0.0.202111181127/tools/bin/../lib/gcc/arm-none-eabi/10.3.1/../../../../arm-none-eabi/lib/thumb/v7e-m+fp/hard\libc_nano.a(lib_a-wbuf.o)
                              c:/st/stm32cubeide_1.4.0/stm32cubeide/plugins/com.st.stm32cube.ide.mcu.externaltools.gnu-tools-for-stm32.10.3-2021.10.win32_1.0.0.202111181127/tools/bin/../lib/gcc/arm-none-eabi/10.3.1/../../../../arm-none-eabi/lib/thumb/v7e-m+fp/hard\libc_nano.a(lib_a-nano-vfprintf.o) (__swbuf_r)
c:/st/stm32cubeide_1.4.0/stm32cubeide/plugins/com.st.stm32cube.ide.mcu.externaltools.gnu-tools-for-stm32.10.3-2021.10.win32_1.0.0.202111181127/tools/bin/../lib/gcc/arm-none-eabi/10.3.1/../../../../arm-none-eabi/lib/thumb/v7e-m+fp/hard\libc_nano.a(lib_a-wsetup.o)
[...]
Memory Configuration

Name             Origin             Length             Attributes
RAM              0x0000000020000000 0x0000000000020000 xrw
FLASH            0x0000000008000000 0x0000000000080000 xr
*default*        0x0000000000000000 0xffffffffffffffff

Linker script and memory map

LOAD c:/st/stm32cubeide_1.4.0/stm32cubeide/plugins/com.st.stm32cube.ide.mcu.externaltools.gnu-tools-for-stm32.10.3-2021.10.win32_1.0.0.202111181127/tools/bin/../lib/gcc/arm-none-eabi/10.3.1/thumb/v7e-m+fp/hard/crti.o
LOAD c:/st/stm32cubeide_1.4.0/stm32cubeide/plugins/com.st.stm32cube.ide.mcu.externaltools.gnu-tools-for-stm32.10.3-2021.10.win32_1.0.0.202111181127/tools/bin/../lib/gcc/arm-none-eabi/10.3.1/thumb/v7e-m+fp/hard/crtbegin.o
LOAD c:/st/stm32cubeide_1.4.0/stm32cubeide/plugins/com.st.stm32cube.ide.mcu.externaltools.gnu-tools-for-stm32.10.3-2021.10.win32_1.0.0.202111181127/tools/bin/../lib/gcc/arm-none-eabi/10.3.1/../../../../arm-none-eabi/lib/thumb/v7e-m+fp/hard/crt0.o
LOAD ./Core/Src/IC_Drivers/FT6206.o
LOAD ./Core/Src/IC_Drivers/FT6206_Hardware.o
LOAD ./Core/Src/IC_Drivers/ILI9341.o
LOAD ./Core/Src/IC_Drivers/ILI9341_Hardware.o
LOAD ./Core/Src/IC_Drivers/MCP23017.o
LOAD ./Core/Src/IC_Drivers/MCP23017_Hardware.o
LOAD ./Core/Src/KeyPad.o
LOAD ./Core/Src/KeyPadConfig.o
LOAD ./Core/Src/adc.o
LOAD ./Core/Src/dma.o
LOAD ./Core/Src/gpio.o
LOAD ./Core/Src/i2c.o
LOAD ./Core/Src/log.o
LOAD ./Core/Src/main.o
LOAD ./Core/Src/spi.o
LOAD ./Core/Src/stm32f4xx_hal_msp.o
LOAD ./Core/Src/stm32f4xx_it.o
LOAD ./Core/Src/syscalls.o
LOAD ./Core/Src/sysmem.o
LOAD ./Core/Src/system_stm32f4xx.o
LOAD ./Core/Src/tim.o
LOAD ./Core/Src/usart.o
LOAD ./Core/Src/KeyPadParts/Button.o
LOAD ./Core/Src/KeyPadParts/Button_Hardware.o
LOAD ./Core/Src/KeyPadParts/Joystick.o
LOAD ./Core/Src/KeyPadParts/Joystick_Hardware.o
LOAD ./Core/Src/KeyPadParts/SerialLED.o
LOAD ./Core/Src/KeyPadParts/SerialLED_Hardware.o
LOAD ./Core/Src/KeyPadParts/TouchButton.o
LOAD ./Core/Src/KeyPadParts/TouchButton_Hardware.o
LOAD ./Core/Src/art_assets/art.o
LOAD ./Core/Startup/startup_stm32f411ceux.o
LOAD ./Drivers/STM32F4xx_HAL_Driver/Src/stm32f4xx_hal.o
LOAD ./Drivers/STM32F4xx_HAL_Driver/Src/stm32f4xx_hal_adc.o
LOAD ./Drivers/STM32F4xx_HAL_Driver/Src/stm32f4xx_hal_adc_ex.o
LOAD ./Drivers/STM32F4xx_HAL_Driver/Src/stm32f4xx_hal_cortex.o
LOAD ./Drivers/STM32F4xx_HAL_Driver/Src/stm32f4xx_hal_dma.o
LOAD ./Drivers/STM32F4xx_HAL_Driver/Src/stm32f4xx_hal_dma_ex.o
LOAD ./Drivers/STM32F4xx_HAL_Driver/Src/stm32f4xx_hal_exti.o
LOAD ./Drivers/STM32F4xx_HAL_Driver/Src/stm32f4xx_hal_flash.o
LOAD ./Drivers/STM32F4xx_HAL_Driver/Src/stm32f4xx_hal_flash_ex.o
LOAD ./Drivers/STM32F4xx_HAL_Driver/Src/stm32f4xx_hal_flash_ramfunc.o
LOAD ./Drivers/STM32F4xx_HAL_Driver/Src/stm32f4xx_hal_gpio.o
LOAD ./Drivers/STM32F4xx_HAL_Driver/Src/stm32f4xx_hal_i2c.o
LOAD ./Drivers/STM32F4xx_HAL_Driver/Src/stm32f4xx_hal_i2c_ex.o
LOAD ./Drivers/STM32F4xx_HAL_Driver/Src/stm32f4xx_hal_pcd.o
LOAD ./Drivers/STM32F4xx_HAL_Driver/Src/stm32f4xx_hal_pcd_ex.o
LOAD ./Drivers/STM32F4xx_HAL_Driver/Src/stm32f4xx_hal_pwr.o
LOAD ./Drivers/STM32F4xx_HAL_Driver/Src/stm32f4xx_hal_pwr_ex.o
LOAD ./Drivers/STM32F4xx_HAL_Driver/Src/stm32f4xx_hal_rcc.o
LOAD ./Drivers/STM32F4xx_HAL_Driver/Src/stm32f4xx_hal_rcc_ex.o
LOAD ./Drivers/STM32F4xx_HAL_Driver/Src/stm32f4xx_hal_spi.o
LOAD ./Drivers/STM32F4xx_HAL_Driver/Src/stm32f4xx_hal_tim.o
LOAD ./Drivers/STM32F4xx_HAL_Driver/Src/stm32f4xx_hal_tim_ex.o
LOAD ./Drivers/STM32F4xx_HAL_Driver/Src/stm32f4xx_hal_uart.o
LOAD ./Drivers/STM32F4xx_HAL_Driver/Src/stm32f4xx_ll_adc.o
LOAD ./Drivers/STM32F4xx_HAL_Driver/Src/stm32f4xx_ll_usb.o
LOAD ./Middlewares/ST/STM32_USB_Device_Library/Class/CustomHID/Src/usbd_customhid.o
LOAD ./Middlewares/ST/STM32_USB_Device_Library/Core/Src/usbd_core.o
LOAD ./Middlewares/ST/STM32_USB_Device_Library/Core/Src/usbd_ctlreq.o
LOAD ./Middlewares/ST/STM32_USB_Device_Library/Core/Src/usbd_ioreq.o
LOAD ./USB_DEVICE/App/usb_device.o
LOAD ./USB_DEVICE/App/usbd_custom_hid_if.o
LOAD ./USB_DEVICE/App/usbd_desc.o
LOAD ./USB_DEVICE/Target/usbd_conf.o
START GROUP
LOAD c:/st/stm32cubeide_1.4.0/stm32cubeide/plugins/com.st.stm32cube.ide.mcu.externaltools.gnu-tools-for-stm32.10.3-2021.10.win32_1.0.0.202111181127/tools/bin/../lib/gcc/arm-none-eabi/10.3.1/../../../../arm-none-eabi/lib/thumb/v7e-m+fp/hard\libc_nano.a
LOAD c:/st/stm32cubeide_1.4.0/stm32cubeide/plugins/com.st.stm32cube.ide.mcu.externaltools.gnu-tools-for-stm32.10.3-2021.10.win32_1.0.0.202111181127/tools/bin/../lib/gcc/arm-none-eabi/10.3.1/../../../../arm-none-eabi/lib/thumb/v7e-m+fp/hard\libm.a
END GROUP
START GROUP
LOAD c:/st/stm32cubeide_1.4.0/stm32cubeide/plugins/com.st.stm32cube.ide.mcu.externaltools.gnu-tools-for-stm32.10.3-2021.10.win32_1.0.0.202111181127/tools/bin/../lib/gcc/arm-none-eabi/10.3.1/thumb/v7e-m+fp/hard\libgcc.a
LOAD c:/st/stm32cubeide_1.4.0/stm32cubeide/plugins/com.st.stm32cube.ide.mcu.externaltools.gnu-tools-for-stm32.10.3-2021.10.win32_1.0.0.202111181127/tools/bin/../lib/gcc/arm-none-eabi/10.3.1/../../../../arm-none-eabi/lib/thumb/v7e-m+fp/hard\libc_nano.a
END GROUP
START GROUP
LOAD c:/st/stm32cubeide_1.4.0/stm32cubeide/plugins/com.st.stm32cube.ide.mcu.externaltools.gnu-tools-for-stm32.10.3-2021.10.win32_1.0.0.202111181127/tools/bin/../lib/gcc/arm-none-eabi/10.3.1/thumb/v7e-m+fp/hard\libgcc.a
LOAD c:/st/stm32cubeide_1.4.0/stm32cubeide/plugins/com.st.stm32cube.ide.mcu.externaltools.gnu-tools-for-stm32.10.3-2021.10.win32_1.0.0.202111181127/tools/bin/../lib/gcc/arm-none-eabi/10.3.1/../../../../arm-none-eabi/lib/thumb/v7e-m+fp/hard\libc_nano.a
LOAD c:/st/stm32cubeide_1.4.0/stm32cubeide/plugins/com.st.stm32cube.ide.mcu.externaltools.gnu-tools-for-stm32.10.3-2021.10.win32_1.0.0.202111181127/tools/bin/../lib/gcc/arm-none-eabi/10.3.1/../../../../arm-none-eabi/lib/thumb/v7e-m+fp/hard\libnosys.a
END GROUP
START GROUP
LOAD c:/st/stm32cubeide_1.4.0/stm32cubeide/plugins/com.st.stm32cube.ide.mcu.externaltools.gnu-tools-for-stm32.10.3-2021.10.win32_1.0.0.202111181127/tools/bin/../lib/gcc/arm-none-eabi/10.3.1/thumb/v7e-m+fp/hard\libgcc.a
LOAD c:/st/stm32cubeide_1.4.0/stm32cubeide/plugins/com.st.stm32cube.ide.mcu.externaltools.gnu-tools-for-stm32.10.3-2021.10.win32_1.0.0.202111181127/tools/bin/../lib/gcc/arm-none-eabi/10.3.1/../../../../arm-none-eabi/lib/thumb/v7e-m+fp/hard\libc_nano.a
LOAD c:/st/stm32cubeide_1.4.0/stm32cubeide/plugins/com.st.stm32cube.ide.mcu.externaltools.gnu-tools-for-stm32.10.3-2021.10.win32_1.0.0.202111181127/tools/bin/../lib/gcc/arm-none-eabi/10.3.1/../../../../arm-none-eabi/lib/thumb/v7e-m+fp/hard\libnosys.a
END GROUP
LOAD c:/st/stm32cubeide_1.4.0/stm32cubeide/plugins/com.st.stm32cube.ide.mcu.externaltools.gnu-tools-for-stm32.10.3-2021.10.win32_1.0.0.202111181127/tools/bin/../lib/gcc/arm-none-eabi/10.3.1/thumb/v7e-m+fp/hard/crtend.o
LOAD c:/st/stm32cubeide_1.4.0/stm32cubeide/plugins/com.st.stm32cube.ide.mcu.externaltools.gnu-tools-for-stm32.10.3-2021.10.win32_1.0.0.202111181127/tools/bin/../lib/gcc/arm-none-eabi/10.3.1/thumb/v7e-m+fp/hard/crtn.o
                0x0000000020020000                _estack = (ORIGIN (RAM) + LENGTH (RAM))
                0x0000000000000200                _Min_Heap_Size = 0x200
                0x0000000000000400                _Min_Stack_Size = 0x400

.isr_vector     0x0000000008000000      0x198
                0x0000000008000000                . = ALIGN (0x4)
 *(.isr_vector)
 .isr_vector    0x0000000008000000      0x198 ./Core/Startup/startup_stm32f411ceux.o
                0x0000000008000000                g_pfnVectors
                0x0000000008000198                . = ALIGN (0x4)

.text           0x00000000080001a0     0xeba8
                0x00000000080001a0                . = ALIGN (0x4)
 *(.text)
 .text          0x00000000080001a0       0x40 c:/st/stm32cubeide_1.4.0/stm32cubeide/plugins/com.st.stm32cube.ide.mcu.externaltools.gnu-tools-for-stm32.10.3-2021.10.win32_1.0.0.202111181127/tools/bin/../lib/gcc/arm-none-eabi/10.3.1/thumb/v7e-m+fp/hard/crtbegin.o
 .text          0x00000000080001e0       0xa0 c:/st/stm32cubeide_1.4.0/stm32cubeide/plugins/com.st.stm32cube.ide.mcu.externaltools.gnu-tools-for-stm32.10.3-2021.10.win32_1.0.0.202111181127/tools/bin/../lib/gcc/arm-none-eabi/10.3.1/../../../../arm-none-eabi/lib/thumb/v7e-m+fp/hard\libc_nano.a(lib_a-memchr.o)
                0x00000000080001e0                memchr
 .text          0x0000000008000280       0x30 c:/st/stm32cubeide_1.4.0/stm32cubeide/plugins/com.st.stm32cube.ide.mcu.externaltools.gnu-tools-for-stm32.10.3-2021.10.win32_1.0.0.202111181127/tools/bin/../lib/gcc/arm-none-eabi/10.3.1/thumb/v7e-m+fp/hard\libgcc.a(_aeabi_uldivmod.o)
                0x0000000008000280                __aeabi_uldivmod
 .text          0x00000000080002b0      0x2d0 c:/st/stm32cubeide_1.4.0/stm32cubeide/plugins/com.st.stm32cube.ide.mcu.externaltools.gnu-tools-for-stm32.10.3-2021.10.win32_1.0.0.202111181127/tools/bin/../lib/gcc/arm-none-eabi/10.3.1/thumb/v7e-m+fp/hard\libgcc.a(_udivmoddi4.o)
                0x00000000080002b0                __udivmoddi4
 .text          0x0000000008000580        0x4 c:/st/stm32cubeide_1.4.0/stm32cubeide/plugins/com.st.stm32cube.ide.mcu.externaltools.gnu-tools-for-stm32.10.3-2021.10.win32_1.0.0.202111181127/tools/bin/../lib/gcc/arm-none-eabi/10.3.1/thumb/v7e-m+fp/hard\libgcc.a(_dvmd_tls.o)
                0x0000000008000580                __aeabi_idiv0
                0x0000000008000580                __aeabi_ldiv0
 *(.text*)
 .text.FT6206_Init
                0x0000000008000584       0x5c ./Core/Src/IC_Drivers/FT6206.o
                0x0000000008000584                FT6206_Init
 .text.FT6206_DeInit
                0x00000000080005e0       0x34 ./Core/Src/IC_Drivers/FT6206.o
                0x00000000080005e0                FT6206_DeInit
 .text.FT6206_ReadScreen
                0x0000000008000614       0x70 ./Core/Src/IC_Drivers/FT6206.o
                0x0000000008000614                FT6206_ReadScreen
 .text.FT6206_IO_Init
                0x0000000008000684       0x14 ./Core/Src/IC_Drivers/FT6206_Hardware.o
 .text.FT6206_IO_DeInit
                0x0000000008000698       0x14 ./Core/Src/IC_Drivers/FT6206_Hardware.o
 .text.FT6206_IO_Write
                0x00000000080006ac       0x48 ./Core/Src/IC_Drivers/FT6206_Hardware.o
 .text.FT6206_IO_Read
                0x00000000080006f4       0x44 ./Core/Src/IC_Drivers/FT6206_Hardware.o
 .text.FT6206_IO_ioctl
                0x0000000008000738       0x18 ./Core/Src/IC_Drivers/FT6206_Hardware.o
 .text.ILI9341_Init
                0x0000000008000750      0x292 ./Core/Src/IC_Drivers/ILI9341.o
                0x0000000008000750                ILI9341_Init
 .text.ILI9341_FillSceen
                0x00000000080009e2       0x5a ./Core/Src/IC_Drivers/ILI9341.o
                0x00000000080009e2                ILI9341_FillSceen
 .text.ILI9341_SetCoordinates
                0x0000000008000a3c       0x80 ./Core/Src/IC_Drivers/ILI9341.o
 .text.ILI9341_DisplayImage
                0x0000000008000abc       0x72 ./Core/Src/IC_Drivers/ILI9341.o
                0x0000000008000abc                ILI9341_DisplayImage
 .text.ILI9341_IO_Init
                0x0000000008000b2e       0x10 ./Core/Src/IC_Drivers/ILI9341_Hardware.o
 .text.ILI9341_IO_DeInit
                0x0000000008000b3e        0xc ./Core/Src/IC_Drivers/ILI9341_Hardware.o
 .text.ILI9341_IO_ioctl
                0x0000000008000b4a       0x36 ./Core/Src/IC_Drivers/ILI9341_Hardware.o
 .text.ILI9341_IO_WriteReg
                0x0000000008000b80      0x100 ./Core/Src/IC_Drivers/ILI9341_Hardware.o
 .text.ILI9341_IO_ReadReg
                0x0000000008000c80       0x70 ./Core/Src/IC_Drivers/ILI9341_Hardware.o
 .text.ILI9341_CSState
                0x0000000008000cf0       0x34 ./Core/Src/IC_Drivers/ILI9341_Hardware.o
 .text.ILI9341_DCRSState
                0x0000000008000d24       0x34 ./Core/Src/IC_Drivers/ILI9341_Hardware.o
 .text.MCP23017_Init
                0x0000000008000d58      0x11c ./Core/Src/IC_Drivers/MCP23017.o
                0x0000000008000d58                MCP23017_Init
 .text.MCP23017_DeInit
                0x0000000008000e74       0x34 ./Core/Src/IC_Drivers/MCP23017.o
                0x0000000008000e74                MCP23017_DeInit
 .text.MCP23017_Reset
                0x0000000008000ea8      0x104 ./Core/Src/IC_Drivers/MCP23017.o
                0x0000000008000ea8                MCP23017_Reset
 .text.MCP23017_ReadPins
                0x0000000008000fac       0x34 ./Core/Src/IC_Drivers/MCP23017.o
                0x0000000008000fac                MCP23017_ReadPins
 .text.MCP23017_IO_Init
                0x0000000008000fe0       0x14 ./Core/Src/IC_Drivers/MCP23017_Hardware.o
 .text.MCP23017_IO_DeInit
                0x0000000008000ff4       0x14 ./Core/Src/IC_Drivers/MCP23017_Hardware.o
 .text.MCP23017_IO_WriteReg
                0x0000000008001008       0x5c ./Core/Src/IC_Drivers/MCP23017_Hardware.o
 .text.MCP23017_IO_ReadReg
                0x0000000008001064       0x58 ./Core/Src/IC_Drivers/MCP23017_Hardware.o
 .text.MCP23017_IO_ioctl
                0x00000000080010bc       0x18 ./Core/Src/IC_Drivers/MCP23017_Hardware.o
 .text.MCP23017_IO1_WriteReg
                0x00000000080010d4       0x2c ./Core/Src/IC_Drivers/MCP23017_Hardware.o
 .text.MCP23017_IO1_ReadReg
                0x0000000008001100       0x2c ./Core/Src/IC_Drivers/MCP23017_Hardware.o
 .text.MCP23017_IO2_WriteReg
                0x000000000800112c       0x2c ./Core/Src/IC_Drivers/MCP23017_Hardware.o
 .text.MCP23017_IO2_ReadReg
                0x0000000008001158       0x2c ./Core/Src/IC_Drivers/MCP23017_Hardware.o
 .text.MCP23017_IO3_WriteReg
                0x0000000008001184       0x2c ./Core/Src/IC_Drivers/MCP23017_Hardware.o
 .text.MCP23017_IO3_ReadReg
                0x00000000080011b0       0x2c ./Core/Src/IC_Drivers/MCP23017_Hardware.o
 .text.MCP23017_IO4_WriteReg
                0x00000000080011dc       0x2c ./Core/Src/IC_Drivers/MCP23017_Hardware.o
 .text.MCP23017_IO4_ReadReg
                0x0000000008001208       0x2c ./Core/Src/IC_Drivers/MCP23017_Hardware.o
 .text.KeyPadInit
                0x0000000008001234       0x68 ./Core/Src/KeyPad.o
                0x0000000008001234                KeyPadInit
 .text.UpdateKeyPadTxBuffers
                0x000000000800129c      0x8c8 ./Core/Src/KeyPad.o
                0x000000000800129c                UpdateKeyPadTxBuffers
 .text.KeypadInitButtons
                0x0000000008001b64       0x68 ./Core/Src/KeyPad.o
 .text.KeypadInitJoystick
                0x0000000008001bcc       0xa8 ./Core/Src/KeyPad.o
 .text.KeypadInitLEDs
                0x0000000008001c74       0xb0 ./Core/Src/KeyPad.o
 .text.KeypadInitTouchButtons
                0x0000000008001d24       0xd0 ./Core/Src/KeyPad.o
 .text.HAL_ADC_MspInit
                0x0000000008001df4       0xf0 ./Core/Src/adc.o
                0x0000000008001df4                HAL_ADC_MspInit
 .text.ADC1_Init
                0x0000000008001ee4       0xc0 ./Core/Src/adc.o
                0x0000000008001ee4                ADC1_Init
 .text.I2C1_DMA_Init
                0x0000000008001fa4       0x40 ./Core/Src/dma.o
                0x0000000008001fa4                I2C1_DMA_Init
 .text.ADC_DMA_Init
                0x0000000008001fe4       0x38 ./Core/Src/dma.o
                0x0000000008001fe4                ADC_DMA_Init
 .text.TIM_DMA_Init
                0x000000000800201c       0x40 ./Core/Src/dma.o
                0x000000000800201c                TIM_DMA_Init
 .text.I2C2_DMA_Init
                0x000000000800205c       0x40 ./Core/Src/dma.o
                0x000000000800205c                I2C2_DMA_Init
 .text.I2C_GPIO_Init
                0x000000000800209c       0x34 ./Core/Src/gpio.o
                0x000000000800209c                I2C_GPIO_Init
 .text.ADC_GPIO_Init
                0x00000000080020d0       0x34 ./Core/Src/gpio.o
                0x00000000080020d0                ADC_GPIO_Init
 .text.TIM3_GPIO_Init
                0x0000000008002104       0x34 ./Core/Src/gpio.o
                0x0000000008002104                TIM3_GPIO_Init
 .text.ILI9341_GPIO_Init
                0x0000000008002138       0x84 ./Core/Src/gpio.o
                0x0000000008002138                ILI9341_GPIO_Init
 .text.ILI9341_GPIO_DeInit
                0x00000000080021bc       0x14 ./Core/Src/gpio.o
                0x00000000080021bc                ILI9341_GPIO_DeInit
 .text.HAL_I2C_MspInit
                0x00000000080021d0      0x1e0 ./Core/Src/i2c.o
                0x00000000080021d0                HAL_I2C_MspInit
 .text.I2C1_Init
                0x00000000080023b0       0x5c ./Core/Src/i2c.o
                0x00000000080023b0                I2C1_Init
 .text.I2C2_Init
                0x000000000800240c       0x5c ./Core/Src/i2c.o
                0x000000000800240c                I2C2_Init
 .text.__io_putchar
                0x0000000008002468       0x2c ./Core/Src/log.o
                0x0000000008002468                __io_putchar
 .text._log     0x0000000008002494       0xb4 ./Core/Src/log.o
                0x0000000008002494                _log
 .text.main     0x0000000008002548       0x1e ./Core/Src/main.o
                0x0000000008002548                main
 *fill*         0x0000000008002566        0x2 
 .text.SystemClock_Config
                0x0000000008002568       0xd0 ./Core/Src/main.o
                0x0000000008002568                SystemClock_Config
 .text.InitScreen
                0x0000000008002638      0x320 ./Core/Src/main.o
                0x0000000008002638                InitScreen
 .text.Error_Handler
                0x0000000008002958        0xa ./Core/Src/main.o
                0x0000000008002958                Error_Handler
 *fill*         0x0000000008002962        0x2 
 .text.HAL_SPI_MspInit
                0x0000000008002964       0x90 ./Core/Src/spi.o
                0x0000000008002964                HAL_SPI_MspInit
 .text.ILI9341_SPI_Init
                0x00000000080029f4       0x6c ./Core/Src/spi.o
                0x00000000080029f4                ILI9341_SPI_Init
 .text.HAL_MspInit
                0x0000000008002a60       0x50 ./Core/Src/stm32f4xx_hal_msp.o
                0x0000000008002a60                HAL_MspInit
 .text.NMI_Handler
                0x0000000008002ab0        0x6 ./Core/Src/stm32f4xx_it.o
                0x0000000008002ab0                NMI_Handler
 .text.HardFault_Handler
                0x0000000008002ab6        0x6 ./Core/Src/stm32f4xx_it.o
                0x0000000008002ab6                HardFault_Handler
 .text.MemManage_Handler
                0x0000000008002abc        0x6 ./Core/Src/stm32f4xx_it.o
                0x0000000008002abc                MemManage_Handler
 .text.BusFault_Handler
                0x0000000008002ac2        0x6 ./Core/Src/stm32f4xx_it.o
                0x0000000008002ac2                BusFault_Handler
 .text.UsageFault_Handler
                0x0000000008002ac8        0x6 ./Core/Src/stm32f4xx_it.o
                0x0000000008002ac8                UsageFault_Handler
 .text.SVC_Handler
                0x0000000008002ace        0xe ./Core/Src/stm32f4xx_it.o
                0x0000000008002ace                SVC_Handler
 .text.DebugMon_Handler
                0x0000000008002adc        0xe ./Core/Src/stm32f4xx_it.o
                0x0000000008002adc                DebugMon_Handler
 .text.PendSV_Handler
                0x0000000008002aea        0xe ./Core/Src/stm32f4xx_it.o
                0x0000000008002aea                PendSV_Handler
 .text.SysTick_Handler
                0x0000000008002af8        0xc ./Core/Src/stm32f4xx_it.o
                0x0000000008002af8                SysTick_Handler
 .text.DMA1_Stream0_IRQHandler
                0x0000000008002b04       0x14 ./Core/Src/stm32f4xx_it.o
                0x0000000008002b04                DMA1_Stream0_IRQHandler
 .text.DMA1_Stream2_IRQHandler
                0x0000000008002b18       0x14 ./Core/Src/stm32f4xx_it.o
                0x0000000008002b18                DMA1_Stream2_IRQHandler
 .text.DMA1_Stream4_IRQHandler
                0x0000000008002b2c       0x14 ./Core/Src/stm32f4xx_it.o
                0x0000000008002b2c                DMA1_Stream4_IRQHandler
 .text.DMA2_Stream0_IRQHandler
                0x0000000008002b40       0x14 ./Core/Src/stm32f4xx_it.o
                0x0000000008002b40                DMA2_Stream0_IRQHandler
 .text.OTG_FS_IRQHandler
                0x0000000008002b54       0x14 ./Core/Src/stm32f4xx_it.o
                0x0000000008002b54                OTG_FS_IRQHandler
 .text.HAL_I2C_MemRxCpltCallback
                0x0000000008002b68       0x34 ./Core/Src/stm32f4xx_it.o
                0x0000000008002b68                HAL_I2C_MemRxCpltCallback
 .text._read    0x0000000008002b9c       0x3a ./Core/Src/syscalls.o
                0x0000000008002b9c                _read
 .text._write   0x0000000008002bd6       0x38 ./Core/Src/syscalls.o
                0x0000000008002bd6                _write
 .text._close   0x0000000008002c0e       0x18 ./Core/Src/syscalls.o
                0x0000000008002c0e                _close
 .text._fstat   0x0000000008002c26       0x20 ./Core/Src/syscalls.o
                0x0000000008002c26                _fstat
 .text._isatty  0x0000000008002c46       0x16 ./Core/Src/syscalls.o
                0x0000000008002c46                _isatty
 .text._lseek   0x0000000008002c5c       0x1a ./Core/Src/syscalls.o
                0x0000000008002c5c                _lseek
 *fill*         0x0000000008002c76        0x2 
 .text._sbrk    0x0000000008002c78       0x6c ./Core/Src/sysmem.o
                0x0000000008002c78                _sbrk
 .text.SystemInit
                0x0000000008002ce4       0x24 ./Core/Src/system_stm32f4xx.o
                0x0000000008002ce4                SystemInit
 .text.HAL_TIM_Base_MspInit
                0x0000000008002d08       0xb4 ./Core/Src/tim.o
                0x0000000008002d08                HAL_TIM_Base_MspInit
 .text.HAL_TIM_MspPostInit
                0x0000000008002dbc       0x74 ./Core/Src/tim.o
                0x0000000008002dbc                HAL_TIM_MspPostInit
 .text.TIM3_Init
                0x0000000008002e30       0xec ./Core/Src/tim.o
                0x0000000008002e30                TIM3_Init
 .text.ButtonInit
                0x0000000008002f1c       0x5e ./Core/Src/KeyPadParts/Button.o
                0x0000000008002f1c                ButtonInit
 .text.ButtonRead
                0x0000000008002f7a       0x3a ./Core/Src/KeyPadParts/Button.o
                0x0000000008002f7a                ButtonRead
 .text.Button_IO_init
                0x0000000008002fb4       0xe0 ./Core/Src/KeyPadParts/Button_Hardware.o
 .text.Button_IO_deinit
                0x0000000008003094       0x44 ./Core/Src/KeyPadParts/Button_Hardware.o
 .text.Button_IO_Read
                0x00000000080030d8       0x5c ./Core/Src/KeyPadParts/Button_Hardware.o
 .text.ButtonIRQCallback
                0x0000000008003134       0x38 ./Core/Src/KeyPadParts/Button_Hardware.o
                0x0000000008003134                ButtonIRQCallback
 .text.JoystickInit
                0x000000000800316c       0xbc ./Core/Src/KeyPadParts/Joystick.o
                0x000000000800316c                JoystickInit
 .text.JoystickRead
                0x0000000008003228       0x7e ./Core/Src/KeyPadParts/Joystick.o
                0x0000000008003228                JoystickRead
 *fill*         0x00000000080032a6        0x2 
 .text.JoystickIOInit
                0x00000000080032a8       0x28 ./Core/Src/KeyPadParts/Joystick_Hardware.o
 .text.JoystickIODeInit
                0x00000000080032d0       0x20 ./Core/Src/KeyPadParts/Joystick_Hardware.o
 .text.JoystickIORead
                0x00000000080032f0      0x1d8 ./Core/Src/KeyPadParts/Joystick_Hardware.o
 .text.SerialLEDInit
                0x00000000080034c8       0x68 ./Core/Src/KeyPadParts/SerialLED.o
                0x00000000080034c8                SerialLEDInit
 .text.SerialLED_IO_Init
                0x0000000008003530       0x50 ./Core/Src/KeyPadParts/SerialLED_Hardware.o
 .text.SerialLED_IO_DeInit
                0x0000000008003580       0x14 ./Core/Src/KeyPadParts/SerialLED_Hardware.o
 .text.SerialLED_IO_Write
                0x0000000008003594       0xec ./Core/Src/KeyPadParts/SerialLED_Hardware.o
 .text.TouchButtonInit
                0x0000000008003680       0x46 ./Core/Src/KeyPadParts/TouchButton.o
                0x0000000008003680                TouchButtonInit
 .text.TouchButtonRead
                0x00000000080036c6       0x3c ./Core/Src/KeyPadParts/TouchButton.o
                0x00000000080036c6                TouchButtonRead
 *fill*         0x0000000008003702        0x2 
 .text.TouchButton_IO_Init
                0x0000000008003704       0x40 ./Core/Src/KeyPadParts/TouchButton_Hardware.o
 .text.TouchButton_IO_DeInit
                0x0000000008003744       0x24 ./Core/Src/KeyPadParts/TouchButton_Hardware.o
 .text.TouchButton_IO_Read
                0x0000000008003768       0x60 ./Core/Src/KeyPadParts/TouchButton_Hardware.o
 .text.TouchScreenIRQCallback
                0x00000000080037c8       0x14 ./Core/Src/KeyPadParts/TouchButton_Hardware.o
                0x00000000080037c8                TouchScreenIRQCallback
 .text.Reset_Handler
                0x00000000080037dc       0x50 ./Core/Startup/startup_stm32f411ceux.o
                0x00000000080037dc                Reset_Handler
 .text.Default_Handler
                0x000000000800382c        0x2 ./Core/Startup/startup_stm32f411ceux.o
                0x000000000800382c                RTC_Alarm_IRQHandler
                0x000000000800382c                EXTI2_IRQHandler
                0x000000000800382c                SPI4_IRQHandler
                0x000000000800382c                TIM1_CC_IRQHandler
                0x000000000800382c                DMA2_Stream5_IRQHandler
                0x000000000800382c                DMA1_Stream5_IRQHandler
                0x000000000800382c                PVD_IRQHandler
                0x000000000800382c                SDIO_IRQHandler
                0x000000000800382c                TAMP_STAMP_IRQHandler
                0x000000000800382c                EXTI3_IRQHandler
                0x000000000800382c                TIM1_UP_TIM10_IRQHandler
                0x000000000800382c                I2C3_ER_IRQHandler
                0x000000000800382c                EXTI0_IRQHandler
                0x000000000800382c                I2C2_EV_IRQHandler
                0x000000000800382c                FPU_IRQHandler
                0x000000000800382c                DMA2_Stream2_IRQHandler
                0x000000000800382c                SPI1_IRQHandler
                0x000000000800382c                TIM1_BRK_TIM9_IRQHandler
                0x000000000800382c                DMA2_Stream3_IRQHandler
                0x000000000800382c                USART6_IRQHandler
                0x000000000800382c                TIM4_IRQHandler
                0x000000000800382c                I2C1_EV_IRQHandler
                0x000000000800382c                DMA1_Stream6_IRQHandler
                0x000000000800382c                DMA1_Stream1_IRQHandler
                0x000000000800382c                TIM3_IRQHandler
                0x000000000800382c                RCC_IRQHandler
                0x000000000800382c                Default_Handler
                0x000000000800382c                EXTI15_10_IRQHandler
                0x000000000800382c                ADC_IRQHandler
                0x000000000800382c                DMA1_Stream7_IRQHandler
                0x000000000800382c                SPI5_IRQHandler
                0x000000000800382c                TIM5_IRQHandler
                0x000000000800382c                DMA2_Stream7_IRQHandler
                0x000000000800382c                I2C3_EV_IRQHandler
                0x000000000800382c                EXTI9_5_IRQHandler
                0x000000000800382c                RTC_WKUP_IRQHandler
                0x000000000800382c                SPI2_IRQHandler
                0x000000000800382c                EXTI4_IRQHandler
                0x000000000800382c                WWDG_IRQHandler
                0x000000000800382c                TIM2_IRQHandler
                0x000000000800382c                OTG_FS_WKUP_IRQHandler
                0x000000000800382c                TIM1_TRG_COM_TIM11_IRQHandler
                0x000000000800382c                EXTI1_IRQHandler
                0x000000000800382c                USART2_IRQHandler
                0x000000000800382c                I2C2_ER_IRQHandler
                0x000000000800382c                DMA2_Stream1_IRQHandler
                0x000000000800382c                FLASH_IRQHandler
                0x000000000800382c                DMA2_Stream4_IRQHandler
                0x000000000800382c                USART1_IRQHandler
                0x000000000800382c                SPI3_IRQHandler
                0x000000000800382c                I2C1_ER_IRQHandler
                0x000000000800382c                DMA2_Stream6_IRQHandler
                0x000000000800382c                DMA1_Stream3_IRQHandler
 *fill*         0x000000000800382e        0x2 
 .text.HAL_Init
                0x0000000008003830       0x44 ./Drivers/STM32F4xx_HAL_Driver/Src/stm32f4xx_hal.o
                0x0000000008003830                HAL_Init
 .text.HAL_InitTick
                0x0000000008003874       0x60 ./Drivers/STM32F4xx_HAL_Driver/Src/stm32f4xx_hal.o
                0x0000000008003874                HAL_InitTick
 .text.HAL_IncTick
                0x00000000080038d4       0x28 ./Drivers/STM32F4xx_HAL_Driver/Src/stm32f4xx_hal.o
                0x00000000080038d4                HAL_IncTick
 .text.HAL_GetTick
                0x00000000080038fc       0x18 ./Drivers/STM32F4xx_HAL_Driver/Src/stm32f4xx_hal.o
                0x00000000080038fc                HAL_GetTick
 .text.HAL_Delay
                0x0000000008003914       0x48 ./Drivers/STM32F4xx_HAL_Driver/Src/stm32f4xx_hal.o
                0x0000000008003914                HAL_Delay
 .text.HAL_ADC_Init
                0x000000000800395c       0x86 ./Drivers/STM32F4xx_HAL_Driver/Src/stm32f4xx_hal_adc.o
                0x000000000800395c                HAL_ADC_Init
 *fill*         0x00000000080039e2        0x2 
 .text.HAL_ADC_Start_DMA
                0x00000000080039e4      0x1e0 ./Drivers/STM32F4xx_HAL_Driver/Src/stm32f4xx_hal_adc.o
                0x00000000080039e4                HAL_ADC_Start_DMA
 .text.HAL_ADC_Stop_DMA
                0x0000000008003bc4       0xb4 ./Drivers/STM32F4xx_HAL_Driver/Src/stm32f4xx_hal_adc.o
                0x0000000008003bc4                HAL_ADC_Stop_DMA
 .text.HAL_ADC_ConvCpltCallback
                0x0000000008003c78       0x14 ./Drivers/STM32F4xx_HAL_Driver/Src/stm32f4xx_hal_adc.o
                0x0000000008003c78                HAL_ADC_ConvCpltCallback
 .text.HAL_ADC_ConvHalfCpltCallback
                0x0000000008003c8c       0x14 ./Drivers/STM32F4xx_HAL_Driver/Src/stm32f4xx_hal_adc.o
                0x0000000008003c8c                HAL_ADC_ConvHalfCpltCallback
 .text.HAL_ADC_ErrorCallback
                0x0000000008003ca0       0x14 ./Drivers/STM32F4xx_HAL_Driver/Src/stm32f4xx_hal_adc.o
                0x0000000008003ca0                HAL_ADC_ErrorCallback
 .text.HAL_ADC_ConfigChannel
                0x0000000008003cb4      0x264 ./Drivers/STM32F4xx_HAL_Driver/Src/stm32f4xx_hal_adc.o
                0x0000000008003cb4                HAL_ADC_ConfigChannel
 .text.ADC_Init
                0x0000000008003f18      0x1f8 ./Drivers/STM32F4xx_HAL_Driver/Src/stm32f4xx_hal_adc.o
 .text.ADC_DMAConvCplt
                0x0000000008004110       0xba ./Drivers/STM32F4xx_HAL_Driver/Src/stm32f4xx_hal_adc.o
 .text.ADC_DMAHalfConvCplt
                0x00000000080041ca       0x1c ./Drivers/STM32F4xx_HAL_Driver/Src/stm32f4xx_hal_adc.o
 .text.ADC_DMAError
                0x00000000080041e6       0x2e ./Drivers/STM32F4xx_HAL_Driver/Src/stm32f4xx_hal_adc.o
 .text.__NVIC_SetPriorityGrouping
                0x0000000008004214       0x48 ./Drivers/STM32F4xx_HAL_Driver/Src/stm32f4xx_hal_cortex.o
 .text.__NVIC_GetPriorityGrouping
                0x000000000800425c       0x1c ./Drivers/STM32F4xx_HAL_Driver/Src/stm32f4xx_hal_cortex.o
 .text.__NVIC_EnableIRQ
                0x0000000008004278       0x3c ./Drivers/STM32F4xx_HAL_Driver/Src/stm32f4xx_hal_cortex.o
 .text.__NVIC_DisableIRQ
                0x00000000080042b4       0x48 ./Drivers/STM32F4xx_HAL_Driver/Src/stm32f4xx_hal_cortex.o
 .text.__NVIC_ClearPendingIRQ
                0x00000000080042fc       0x3c ./Drivers/STM32F4xx_HAL_Driver/Src/stm32f4xx_hal_cortex.o
 .text.__NVIC_SetPriority
                0x0000000008004338       0x54 ./Drivers/STM32F4xx_HAL_Driver/Src/stm32f4xx_hal_cortex.o
 .text.NVIC_EncodePriority
                0x000000000800438c       0x66 ./Drivers/STM32F4xx_HAL_Driver/Src/stm32f4xx_hal_cortex.o
 *fill*         0x00000000080043f2        0x2 
 .text.SysTick_Config
                0x00000000080043f4       0x44 ./Drivers/STM32F4xx_HAL_Driver/Src/stm32f4xx_hal_cortex.o
 .text.HAL_NVIC_SetPriorityGrouping
                0x0000000008004438       0x16 ./Drivers/STM32F4xx_HAL_Driver/Src/stm32f4xx_hal_cortex.o
                0x0000000008004438                HAL_NVIC_SetPriorityGrouping
 .text.HAL_NVIC_SetPriority
                0x000000000800444e       0x38 ./Drivers/STM32F4xx_HAL_Driver/Src/stm32f4xx_hal_cortex.o
                0x000000000800444e                HAL_NVIC_SetPriority
 .text.HAL_NVIC_EnableIRQ
                0x0000000008004486       0x1c ./Drivers/STM32F4xx_HAL_Driver/Src/stm32f4xx_hal_cortex.o
                0x0000000008004486                HAL_NVIC_EnableIRQ
 .text.HAL_NVIC_DisableIRQ
                0x00000000080044a2       0x1c ./Drivers/STM32F4xx_HAL_Driver/Src/stm32f4xx_hal_cortex.o
                0x00000000080044a2                HAL_NVIC_DisableIRQ
 .text.HAL_SYSTICK_Config
                0x00000000080044be       0x18 ./Drivers/STM32F4xx_HAL_Driver/Src/stm32f4xx_hal_cortex.o
                0x00000000080044be                HAL_SYSTICK_Config
 .text.HAL_NVIC_ClearPendingIRQ
                0x00000000080044d6       0x1c ./Drivers/STM32F4xx_HAL_Driver/Src/stm32f4xx_hal_cortex.o
                0x00000000080044d6                HAL_NVIC_ClearPendingIRQ
 *fill*         0x00000000080044f2        0x2 
 .text.HAL_DMA_Init
                0x00000000080044f4      0x15c ./Drivers/STM32F4xx_HAL_Driver/Src/stm32f4xx_hal_dma.o
                0x00000000080044f4                HAL_DMA_Init
 .text.HAL_DMA_Start_IT
                0x0000000008004650       0xb0 ./Drivers/STM32F4xx_HAL_Driver/Src/stm32f4xx_hal_dma.o
                0x0000000008004650                HAL_DMA_Start_IT
 .text.HAL_DMA_Abort
                0x0000000008004700       0xe0 ./Drivers/STM32F4xx_HAL_Driver/Src/stm32f4xx_hal_dma.o
                0x0000000008004700                HAL_DMA_Abort
 .text.HAL_DMA_Abort_IT
                0x00000000080047e0       0x44 ./Drivers/STM32F4xx_HAL_Driver/Src/stm32f4xx_hal_dma.o
                0x00000000080047e0                HAL_DMA_Abort_IT
 .text.HAL_DMA_IRQHandler
                0x0000000008004824      0x314 ./Drivers/STM32F4xx_HAL_Driver/Src/stm32f4xx_hal_dma.o
                0x0000000008004824                HAL_DMA_IRQHandler
 .text.HAL_DMA_GetError
                0x0000000008004b38       0x18 ./Drivers/STM32F4xx_HAL_Driver/Src/stm32f4xx_hal_dma.o
                0x0000000008004b38                HAL_DMA_GetError
 .text.DMA_SetConfig
                0x0000000008004b50       0x5c ./Drivers/STM32F4xx_HAL_Driver/Src/stm32f4xx_hal_dma.o
 .text.DMA_CalcBaseAndBitshift
                0x0000000008004bac       0x6c ./Drivers/STM32F4xx_HAL_Driver/Src/stm32f4xx_hal_dma.o
 .text.DMA_CheckFifoParam
                0x0000000008004c18       0xf8 ./Drivers/STM32F4xx_HAL_Driver/Src/stm32f4xx_hal_dma.o
 .text.HAL_GPIO_Init
                0x0000000008004d10      0x308 ./Drivers/STM32F4xx_HAL_Driver/Src/stm32f4xx_hal_gpio.o
                0x0000000008004d10                HAL_GPIO_Init
 .text.HAL_GPIO_DeInit
                0x0000000008005018      0x1c8 ./Drivers/STM32F4xx_HAL_Driver/Src/stm32f4xx_hal_gpio.o
                0x0000000008005018                HAL_GPIO_DeInit
 .text.HAL_GPIO_WritePin
                0x00000000080051e0       0x32 ./Drivers/STM32F4xx_HAL_Driver/Src/stm32f4xx_hal_gpio.o
                0x00000000080051e0                HAL_GPIO_WritePin
 *fill*         0x0000000008005212        0x2 
 .text.HAL_I2C_Init
                0x0000000008005214      0x288 ./Drivers/STM32F4xx_HAL_Driver/Src/stm32f4xx_hal_i2c.o
                0x0000000008005214                HAL_I2C_Init
 .text.HAL_I2C_Mem_Write
                0x000000000800549c      0x1f4 ./Drivers/STM32F4xx_HAL_Driver/Src/stm32f4xx_hal_i2c.o
                0x000000000800549c                HAL_I2C_Mem_Write
 .text.HAL_I2C_Mem_Read_DMA
                0x0000000008005690      0x328 ./Drivers/STM32F4xx_HAL_Driver/Src/stm32f4xx_hal_i2c.o
                0x0000000008005690                HAL_I2C_Mem_Read_DMA
 .text.HAL_I2C_MasterRxCpltCallback
                0x00000000080059b8       0x14 ./Drivers/STM32F4xx_HAL_Driver/Src/stm32f4xx_hal_i2c.o
                0x00000000080059b8                HAL_I2C_MasterRxCpltCallback
 .text.HAL_I2C_SlaveTxCpltCallback
                0x00000000080059cc       0x14 ./Drivers/STM32F4xx_HAL_Driver/Src/stm32f4xx_hal_i2c.o
                0x00000000080059cc                HAL_I2C_SlaveTxCpltCallback
 .text.HAL_I2C_SlaveRxCpltCallback
                0x00000000080059e0       0x14 ./Drivers/STM32F4xx_HAL_Driver/Src/stm32f4xx_hal_i2c.o
                0x00000000080059e0                HAL_I2C_SlaveRxCpltCallback
 .text.HAL_I2C_ErrorCallback
                0x00000000080059f4       0x14 ./Drivers/STM32F4xx_HAL_Driver/Src/stm32f4xx_hal_i2c.o
                0x00000000080059f4                HAL_I2C_ErrorCallback
 .text.I2C_RequestMemoryWrite
                0x0000000008005a08      0x12c ./Drivers/STM32F4xx_HAL_Driver/Src/stm32f4xx_hal_i2c.o
 .text.I2C_RequestMemoryRead
                0x0000000008005b34      0x1d0 ./Drivers/STM32F4xx_HAL_Driver/Src/stm32f4xx_hal_i2c.o
 .text.I2C_DMAXferCplt
                0x0000000008005d04      0x1aa ./Drivers/STM32F4xx_HAL_Driver/Src/stm32f4xx_hal_i2c.o
 .text.I2C_DMAError
                0x0000000008005eae       0x7a ./Drivers/STM32F4xx_HAL_Driver/Src/stm32f4xx_hal_i2c.o
 .text.I2C_WaitOnFlagUntilTimeout
                0x0000000008005f28       0xae ./Drivers/STM32F4xx_HAL_Driver/Src/stm32f4xx_hal_i2c.o
 .text.I2C_WaitOnMasterAddressFlagUntilTimeout
                0x0000000008005fd6       0xfe ./Drivers/STM32F4xx_HAL_Driver/Src/stm32f4xx_hal_i2c.o
 .text.I2C_WaitOnTXEFlagUntilTimeout
                0x00000000080060d4       0x82 ./Drivers/STM32F4xx_HAL_Driver/Src/stm32f4xx_hal_i2c.o
 .text.I2C_WaitOnBTFFlagUntilTimeout
                0x0000000008006156       0x82 ./Drivers/STM32F4xx_HAL_Driver/Src/stm32f4xx_hal_i2c.o
 .text.I2C_IsAcknowledgeFailed
                0x00000000080061d8       0x5e ./Drivers/STM32F4xx_HAL_Driver/Src/stm32f4xx_hal_i2c.o
 .text.HAL_PCD_Init
                0x0000000008006236      0x23a ./Drivers/STM32F4xx_HAL_Driver/Src/stm32f4xx_hal_pcd.o
                0x0000000008006236                HAL_PCD_Init
 .text.HAL_PCD_Start
                0x0000000008006470       0x66 ./Drivers/STM32F4xx_HAL_Driver/Src/stm32f4xx_hal_pcd.o
                0x0000000008006470                HAL_PCD_Start
 .text.HAL_PCD_IRQHandler
                0x00000000080064d6      0x93e ./Drivers/STM32F4xx_HAL_Driver/Src/stm32f4xx_hal_pcd.o
                0x00000000080064d6                HAL_PCD_IRQHandler
 .text.HAL_PCD_SetAddress
                0x0000000008006e14       0x4a ./Drivers/STM32F4xx_HAL_Driver/Src/stm32f4xx_hal_pcd.o
                0x0000000008006e14                HAL_PCD_SetAddress
 .text.HAL_PCD_EP_Open
                0x0000000008006e5e       0xd0 ./Drivers/STM32F4xx_HAL_Driver/Src/stm32f4xx_hal_pcd.o
                0x0000000008006e5e                HAL_PCD_EP_Open
 .text.HAL_PCD_EP_Close
                0x0000000008006f2e       0x94 ./Drivers/STM32F4xx_HAL_Driver/Src/stm32f4xx_hal_pcd.o
                0x0000000008006f2e                HAL_PCD_EP_Close
 .text.HAL_PCD_EP_Receive
                0x0000000008006fc2       0x96 ./Drivers/STM32F4xx_HAL_Driver/Src/stm32f4xx_hal_pcd.o
                0x0000000008006fc2                HAL_PCD_EP_Receive
 .text.HAL_PCD_EP_Transmit
                0x0000000008007058       0x94 ./Drivers/STM32F4xx_HAL_Driver/Src/stm32f4xx_hal_pcd.o
                0x0000000008007058                HAL_PCD_EP_Transmit
 .text.HAL_PCD_EP_SetStall
                0x00000000080070ec       0xc8 ./Drivers/STM32F4xx_HAL_Driver/Src/stm32f4xx_hal_pcd.o
                0x00000000080070ec                HAL_PCD_EP_SetStall
 .text.HAL_PCD_EP_ClrStall
                0x00000000080071b4       0xac ./Drivers/STM32F4xx_HAL_Driver/Src/stm32f4xx_hal_pcd.o
                0x00000000080071b4                HAL_PCD_EP_ClrStall
 .text.HAL_PCD_EP_Abort
                0x0000000008007260       0x62 ./Drivers/STM32F4xx_HAL_Driver/Src/stm32f4xx_hal_pcd.o
                0x0000000008007260                HAL_PCD_EP_Abort
 .text.PCD_WriteEmptyTxFifo
                0x00000000080072c2      0x11a ./Drivers/STM32F4xx_HAL_Driver/Src/stm32f4xx_hal_pcd.o
 .text.PCD_EP_OutXfrComplete_int
                0x00000000080073dc      0x1d0 ./Drivers/STM32F4xx_HAL_Driver/Src/stm32f4xx_hal_pcd.o
 .text.PCD_EP_OutSetupPacket_int
                0x00000000080075ac       0x8c ./Drivers/STM32F4xx_HAL_Driver/Src/stm32f4xx_hal_pcd.o
 .text.HAL_PCDEx_SetTxFiFo
                0x0000000008007638       0x8e ./Drivers/STM32F4xx_HAL_Driver/Src/stm32f4xx_hal_pcd_ex.o
                0x0000000008007638                HAL_PCDEx_SetTxFiFo
 .text.HAL_PCDEx_SetRxFiFo
                0x00000000080076c6       0x22 ./Drivers/STM32F4xx_HAL_Driver/Src/stm32f4xx_hal_pcd_ex.o
                0x00000000080076c6                HAL_PCDEx_SetRxFiFo
 .text.HAL_PCDEx_LPM_Callback
                0x00000000080076e8       0x18 ./Drivers/STM32F4xx_HAL_Driver/Src/stm32f4xx_hal_pcd_ex.o
                0x00000000080076e8                HAL_PCDEx_LPM_Callback
 .text.HAL_RCC_OscConfig
                0x0000000008007700      0x4f0 ./Drivers/STM32F4xx_HAL_Driver/Src/stm32f4xx_hal_rcc.o
                0x0000000008007700                HAL_RCC_OscConfig
 .text.HAL_RCC_ClockConfig
                0x0000000008007bf0      0x1cc ./Drivers/STM32F4xx_HAL_Driver/Src/stm32f4xx_hal_rcc.o
                0x0000000008007bf0                HAL_RCC_ClockConfig
 .text.HAL_RCC_GetSysClockFreq
                0x0000000008007dbc      0x18c ./Drivers/STM32F4xx_HAL_Driver/Src/stm32f4xx_hal_rcc.o
                0x0000000008007dbc                HAL_RCC_GetSysClockFreq
 .text.HAL_RCC_GetHCLKFreq
                0x0000000008007f48       0x18 ./Drivers/STM32F4xx_HAL_Driver/Src/stm32f4xx_hal_rcc.o
                0x0000000008007f48                HAL_RCC_GetHCLKFreq
 .text.HAL_RCC_GetPCLK1Freq
                0x0000000008007f60       0x28 ./Drivers/STM32F4xx_HAL_Driver/Src/stm32f4xx_hal_rcc.o
                0x0000000008007f60                HAL_RCC_GetPCLK1Freq
 .text.HAL_SPI_Init
                0x0000000008007f88      0x112 ./Drivers/STM32F4xx_HAL_Driver/Src/stm32f4xx_hal_spi.o
                0x0000000008007f88                HAL_SPI_Init
 .text.HAL_SPI_Transmit
                0x000000000800809a      0x278 ./Drivers/STM32F4xx_HAL_Driver/Src/stm32f4xx_hal_spi.o
                0x000000000800809a                HAL_SPI_Transmit
 .text.HAL_SPI_Receive
                0x0000000008008312      0x222 ./Drivers/STM32F4xx_HAL_Driver/Src/stm32f4xx_hal_spi.o
                0x0000000008008312                HAL_SPI_Receive
 .text.HAL_SPI_TransmitReceive
                0x0000000008008534      0x344 ./Drivers/STM32F4xx_HAL_Driver/Src/stm32f4xx_hal_spi.o
                0x0000000008008534                HAL_SPI_TransmitReceive
 .text.SPI_WaitFlagStateUntilTimeout
                0x0000000008008878      0x110 ./Drivers/STM32F4xx_HAL_Driver/Src/stm32f4xx_hal_spi.o
 .text.SPI_EndRxTransaction
                0x0000000008008988       0xca ./Drivers/STM32F4xx_HAL_Driver/Src/stm32f4xx_hal_spi.o
 *fill*         0x0000000008008a52        0x2 
 .text.SPI_EndRxTxTransaction
                0x0000000008008a54       0x84 ./Drivers/STM32F4xx_HAL_Driver/Src/stm32f4xx_hal_spi.o
 .text.HAL_TIM_Base_Init
                0x0000000008008ad8       0x9e ./Drivers/STM32F4xx_HAL_Driver/Src/stm32f4xx_hal_tim.o
                0x0000000008008ad8                HAL_TIM_Base_Init
 .text.HAL_TIM_PWM_Init
                0x0000000008008b76       0x9e ./Drivers/STM32F4xx_HAL_Driver/Src/stm32f4xx_hal_tim.o
                0x0000000008008b76                HAL_TIM_PWM_Init
 .text.HAL_TIM_PWM_MspInit
                0x0000000008008c14       0x14 ./Drivers/STM32F4xx_HAL_Driver/Src/stm32f4xx_hal_tim.o
                0x0000000008008c14                HAL_TIM_PWM_MspInit
 .text.HAL_TIM_PWM_Start_DMA
                0x0000000008008c28      0x360 ./Drivers/STM32F4xx_HAL_Driver/Src/stm32f4xx_hal_tim.o
                0x0000000008008c28                HAL_TIM_PWM_Start_DMA
 .text.HAL_TIM_PWM_Stop_DMA
                0x0000000008008f88      0x18c ./Drivers/STM32F4xx_HAL_Driver/Src/stm32f4xx_hal_tim.o
                0x0000000008008f88                HAL_TIM_PWM_Stop_DMA
 .text.HAL_TIM_PWM_ConfigChannel
                0x0000000008009114      0x184 ./Drivers/STM32F4xx_HAL_Driver/Src/stm32f4xx_hal_tim.o
                0x0000000008009114                HAL_TIM_PWM_ConfigChannel
 .text.HAL_TIM_ConfigClockSource
                0x0000000008009298      0x18e ./Drivers/STM32F4xx_HAL_Driver/Src/stm32f4xx_hal_tim.o
                0x0000000008009298                HAL_TIM_ConfigClockSource
 .text.HAL_TIM_PWM_PulseFinishedCallback
                0x0000000008009426       0x14 ./Drivers/STM32F4xx_HAL_Driver/Src/stm32f4xx_hal_tim.o
                0x0000000008009426                HAL_TIM_PWM_PulseFinishedCallback
 .text.HAL_TIM_PWM_PulseFinishedHalfCpltCallback
                0x000000000800943a       0x14 ./Drivers/STM32F4xx_HAL_Driver/Src/stm32f4xx_hal_tim.o
                0x000000000800943a                HAL_TIM_PWM_PulseFinishedHalfCpltCallback
 .text.HAL_TIM_ErrorCallback
                0x000000000800944e       0x14 ./Drivers/STM32F4xx_HAL_Driver/Src/stm32f4xx_hal_tim.o
                0x000000000800944e                HAL_TIM_ErrorCallback
 .text.TIM_DMAError
                0x0000000008009462       0x92 ./Drivers/STM32F4xx_HAL_Driver/Src/stm32f4xx_hal_tim.o
                0x0000000008009462                TIM_DMAError
 .text.TIM_DMADelayPulseCplt
                0x00000000080094f4       0xa8 ./Drivers/STM32F4xx_HAL_Driver/Src/stm32f4xx_hal_tim.o
 .text.TIM_DMADelayPulseHalfCplt
                0x000000000800959c       0x68 ./Drivers/STM32F4xx_HAL_Driver/Src/stm32f4xx_hal_tim.o
                0x000000000800959c                TIM_DMADelayPulseHalfCplt
 .text.TIM_Base_SetConfig
                0x0000000008009604      0x100 ./Drivers/STM32F4xx_HAL_Driver/Src/stm32f4xx_hal_tim.o
                0x0000000008009604                TIM_Base_SetConfig
 .text.TIM_OC1_SetConfig
                0x0000000008009704       0xcc ./Drivers/STM32F4xx_HAL_Driver/Src/stm32f4xx_hal_tim.o
 .text.TIM_OC2_SetConfig
                0x00000000080097d0       0xd8 ./Drivers/STM32F4xx_HAL_Driver/Src/stm32f4xx_hal_tim.o
                0x00000000080097d0                TIM_OC2_SetConfig
 .text.TIM_OC3_SetConfig
                0x00000000080098a8       0xd4 ./Drivers/STM32F4xx_HAL_Driver/Src/stm32f4xx_hal_tim.o
 .text.TIM_OC4_SetConfig
                0x000000000800997c       0xa0 ./Drivers/STM32F4xx_HAL_Driver/Src/stm32f4xx_hal_tim.o
 .text.TIM_TI1_ConfigInputStage
                0x0000000008009a1c       0x5e ./Drivers/STM32F4xx_HAL_Driver/Src/stm32f4xx_hal_tim.o
 .text.TIM_TI2_ConfigInputStage
                0x0000000008009a7a       0x60 ./Drivers/STM32F4xx_HAL_Driver/Src/stm32f4xx_hal_tim.o
 .text.TIM_ITRx_SetConfig
                0x0000000008009ada       0x36 ./Drivers/STM32F4xx_HAL_Driver/Src/stm32f4xx_hal_tim.o
 .text.TIM_ETR_SetConfig
                0x0000000008009b10       0x40 ./Drivers/STM32F4xx_HAL_Driver/Src/stm32f4xx_hal_tim.o
                0x0000000008009b10                TIM_ETR_SetConfig
 .text.TIM_CCxChannelCmd
                0x0000000008009b50       0x4a ./Drivers/STM32F4xx_HAL_Driver/Src/stm32f4xx_hal_tim.o
                0x0000000008009b50                TIM_CCxChannelCmd
 *fill*         0x0000000008009b9a        0x2 
 .text.HAL_TIMEx_MasterConfigSynchronization
                0x0000000008009b9c       0xdc ./Drivers/STM32F4xx_HAL_Driver/Src/stm32f4xx_hal_tim_ex.o
                0x0000000008009b9c                HAL_TIMEx_MasterConfigSynchronization
 .text.HAL_UART_Transmit
                0x0000000008009c78      0x124 ./Drivers/STM32F4xx_HAL_Driver/Src/stm32f4xx_hal_uart.o
                0x0000000008009c78                HAL_UART_Transmit
 .text.UART_WaitOnFlagUntilTimeout
                0x0000000008009d9c       0xdc ./Drivers/STM32F4xx_HAL_Driver/Src/stm32f4xx_hal_uart.o
 .text.USB_CoreInit
                0x0000000008009e78       0xc2 ./Drivers/STM32F4xx_HAL_Driver/Src/stm32f4xx_ll_usb.o
                0x0000000008009e78                USB_CoreInit
 *fill*         0x0000000008009f3a        0x2 
 .text.USB_SetTurnaroundTime
                0x0000000008009f3c      0x144 ./Drivers/STM32F4xx_HAL_Driver/Src/stm32f4xx_ll_usb.o
                0x0000000008009f3c                USB_SetTurnaroundTime
 .text.USB_EnableGlobalInt
                0x000000000800a080       0x22 ./Drivers/STM32F4xx_HAL_Driver/Src/stm32f4xx_ll_usb.o
                0x000000000800a080                USB_EnableGlobalInt
 .text.USB_DisableGlobalInt
                0x000000000800a0a2       0x22 ./Drivers/STM32F4xx_HAL_Driver/Src/stm32f4xx_ll_usb.o
                0x000000000800a0a2                USB_DisableGlobalInt
 .text.USB_SetCurrentMode
                0x000000000800a0c4       0x98 ./Drivers/STM32F4xx_HAL_Driver/Src/stm32f4xx_ll_usb.o
                0x000000000800a0c4                USB_SetCurrentMode
 .text.USB_DevInit
                0x000000000800a15c      0x2c8 ./Drivers/STM32F4xx_HAL_Driver/Src/stm32f4xx_ll_usb.o
                0x000000000800a15c                USB_DevInit
 .text.USB_FlushTxFifo
                0x000000000800a424       0x68 ./Drivers/STM32F4xx_HAL_Driver/Src/stm32f4xx_ll_usb.o
                0x000000000800a424                USB_FlushTxFifo
 .text.USB_FlushRxFifo
                0x000000000800a48c       0x60 ./Drivers/STM32F4xx_HAL_Driver/Src/stm32f4xx_ll_usb.o
                0x000000000800a48c                USB_FlushRxFifo
 .text.USB_SetDevSpeed
                0x000000000800a4ec       0x32 ./Drivers/STM32F4xx_HAL_Driver/Src/stm32f4xx_ll_usb.o
                0x000000000800a4ec                USB_SetDevSpeed
 .text.USB_GetDevSpeed
                0x000000000800a51e       0x4a ./Drivers/STM32F4xx_HAL_Driver/Src/stm32f4xx_ll_usb.o
                0x000000000800a51e                USB_GetDevSpeed
 .text.USB_ActivateEndpoint
                0x000000000800a568      0x10e ./Drivers/STM32F4xx_HAL_Driver/Src/stm32f4xx_ll_usb.o
                0x000000000800a568                USB_ActivateEndpoint
 *fill*         0x000000000800a676        0x2 
 .text.USB_DeactivateEndpoint
                0x000000000800a678      0x1b8 ./Drivers/STM32F4xx_HAL_Driver/Src/stm32f4xx_ll_usb.o
                0x000000000800a678                USB_DeactivateEndpoint
 .text.USB_EPStartXfer
                0x000000000800a830      0x490 ./Drivers/STM32F4xx_HAL_Driver/Src/stm32f4xx_ll_usb.o
                0x000000000800a830                USB_EPStartXfer
 .text.USB_EP0StartXfer
                0x000000000800acc0      0x2b0 ./Drivers/STM32F4xx_HAL_Driver/Src/stm32f4xx_ll_usb.o
                0x000000000800acc0                USB_EP0StartXfer
 .text.USB_EPStopXfer
                0x000000000800af70      0x154 ./Drivers/STM32F4xx_HAL_Driver/Src/stm32f4xx_ll_usb.o
                0x000000000800af70                USB_EPStopXfer
 .text.USB_WritePacket
                0x000000000800b0c4       0x7c ./Drivers/STM32F4xx_HAL_Driver/Src/stm32f4xx_ll_usb.o
                0x000000000800b0c4                USB_WritePacket
 .text.USB_ReadPacket
                0x000000000800b140       0xb0 ./Drivers/STM32F4xx_HAL_Driver/Src/stm32f4xx_ll_usb.o
                0x000000000800b140                USB_ReadPacket
 .text.USB_EPSetStall
                0x000000000800b1f0       0xdc ./Drivers/STM32F4xx_HAL_Driver/Src/stm32f4xx_ll_usb.o
                0x000000000800b1f0                USB_EPSetStall
 .text.USB_EPClearStall
                0x000000000800b2cc       0xcc ./Drivers/STM32F4xx_HAL_Driver/Src/stm32f4xx_ll_usb.o
                0x000000000800b2cc                USB_EPClearStall
 .text.USB_SetDevAddress
                0x000000000800b398       0x4c ./Drivers/STM32F4xx_HAL_Driver/Src/stm32f4xx_ll_usb.o
                0x000000000800b398                USB_SetDevAddress
 .text.USB_DevConnect
                0x000000000800b3e4       0x42 ./Drivers/STM32F4xx_HAL_Driver/Src/stm32f4xx_ll_usb.o
                0x000000000800b3e4                USB_DevConnect
 .text.USB_DevDisconnect
                0x000000000800b426       0x42 ./Drivers/STM32F4xx_HAL_Driver/Src/stm32f4xx_ll_usb.o
                0x000000000800b426                USB_DevDisconnect
 .text.USB_ReadInterrupts
                0x000000000800b468       0x26 ./Drivers/STM32F4xx_HAL_Driver/Src/stm32f4xx_ll_usb.o
                0x000000000800b468                USB_ReadInterrupts
 .text.USB_ReadDevAllOutEpInterrupt
                0x000000000800b48e       0x34 ./Drivers/STM32F4xx_HAL_Driver/Src/stm32f4xx_ll_usb.o
                0x000000000800b48e                USB_ReadDevAllOutEpInterrupt
 .text.USB_ReadDevAllInEpInterrupt
                0x000000000800b4c2       0x34 ./Drivers/STM32F4xx_HAL_Driver/Src/stm32f4xx_ll_usb.o
                0x000000000800b4c2                USB_ReadDevAllInEpInterrupt
 .text.USB_ReadDevOutEPInterrupt
                0x000000000800b4f6       0x3c ./Drivers/STM32F4xx_HAL_Driver/Src/stm32f4xx_ll_usb.o
                0x000000000800b4f6                USB_ReadDevOutEPInterrupt
 .text.USB_ReadDevInEPInterrupt
                0x000000000800b532       0x5c ./Drivers/STM32F4xx_HAL_Driver/Src/stm32f4xx_ll_usb.o
                0x000000000800b532                USB_ReadDevInEPInterrupt
 .text.USB_GetMode
                0x000000000800b58e       0x1c ./Drivers/STM32F4xx_HAL_Driver/Src/stm32f4xx_ll_usb.o
                0x000000000800b58e                USB_GetMode
 .text.USB_ActivateSetup
                0x000000000800b5aa       0x46 ./Drivers/STM32F4xx_HAL_Driver/Src/stm32f4xx_ll_usb.o
                0x000000000800b5aa                USB_ActivateSetup
 .text.USB_EP0_OutStart
                0x000000000800b5f0       0xbc ./Drivers/STM32F4xx_HAL_Driver/Src/stm32f4xx_ll_usb.o
                0x000000000800b5f0                USB_EP0_OutStart
 .text.USB_CoreReset
                0x000000000800b6ac       0x68 ./Drivers/STM32F4xx_HAL_Driver/Src/stm32f4xx_ll_usb.o
 .text.USBD_CUSTOM_HID_Init
                0x000000000800b714      0x154 ./Middlewares/ST/STM32_USB_Device_Library/Class/CustomHID/Src/usbd_customhid.o
 .text.USBD_CUSTOM_HID_DeInit
                0x000000000800b868       0xf4 ./Middlewares/ST/STM32_USB_Device_Library/Class/CustomHID/Src/usbd_customhid.o
 .text.USBD_CUSTOM_HID_Setup
                0x000000000800b95c      0x234 ./Middlewares/ST/STM32_USB_Device_Library/Class/CustomHID/Src/usbd_customhid.o
 .text.USBD_CUSTOM_HID_GetFSCfgDesc
                0x000000000800bb90       0x64 ./Middlewares/ST/STM32_USB_Device_Library/Class/CustomHID/Src/usbd_customhid.o
 .text.USBD_CUSTOM_HID_GetHSCfgDesc
                0x000000000800bbf4       0x64 ./Middlewares/ST/STM32_USB_Device_Library/Class/CustomHID/Src/usbd_customhid.o
 .text.USBD_CUSTOM_HID_GetOtherSpeedCfgDesc
                0x000000000800bc58       0x64 ./Middlewares/ST/STM32_USB_Device_Library/Class/CustomHID/Src/usbd_customhid.o
 .text.USBD_CUSTOM_HID_DataIn
                0x000000000800bcbc       0x2c ./Middlewares/ST/STM32_USB_Device_Library/Class/CustomHID/Src/usbd_customhid.o
 .text.USBD_CUSTOM_HID_DataOut
                0x000000000800bce8       0x5a ./Middlewares/ST/STM32_USB_Device_Library/Class/CustomHID/Src/usbd_customhid.o
 *fill*         0x000000000800bd42        0x2 
 .text.USBD_CUSTOM_HID_ReceivePacket
                0x000000000800bd44       0x4c ./Middlewares/ST/STM32_USB_Device_Library/Class/CustomHID/Src/usbd_customhid.o
                0x000000000800bd44                USBD_CUSTOM_HID_ReceivePacket
 .text.USBD_CUSTOM_HID_EP0_RxReady
                0x000000000800bd90       0x58 ./Middlewares/ST/STM32_USB_Device_Library/Class/CustomHID/Src/usbd_customhid.o
 .text.USBD_CUSTOM_HID_GetDeviceQualifierDesc
                0x000000000800bde8       0x20 ./Middlewares/ST/STM32_USB_Device_Library/Class/CustomHID/Src/usbd_customhid.o
 .text.USBD_CUSTOM_HID_RegisterInterface
                0x000000000800be08       0x34 ./Middlewares/ST/STM32_USB_Device_Library/Class/CustomHID/Src/usbd_customhid.o
                0x000000000800be08                USBD_CUSTOM_HID_RegisterInterface
 .text.USBD_Init
                0x000000000800be3c       0x60 ./Middlewares/ST/STM32_USB_Device_Library/Core/Src/usbd_core.o
                0x000000000800be3c                USBD_Init
 .text.USBD_RegisterClass
                0x000000000800be9c       0x6c ./Middlewares/ST/STM32_USB_Device_Library/Core/Src/usbd_core.o
                0x000000000800be9c                USBD_RegisterClass
 .text.USBD_Start
                0x000000000800bf08       0x18 ./Middlewares/ST/STM32_USB_Device_Library/Core/Src/usbd_core.o
                0x000000000800bf08                USBD_Start
 .text.USBD_RunTestMode
                0x000000000800bf20       0x16 ./Middlewares/ST/STM32_USB_Device_Library/Core/Src/usbd_core.o
                0x000000000800bf20                USBD_RunTestMode
 .text.USBD_SetClassConfig
                0x000000000800bf36       0x38 ./Middlewares/ST/STM32_USB_Device_Library/Core/Src/usbd_core.o
                0x000000000800bf36                USBD_SetClassConfig
 .text.USBD_ClrClassConfig
                0x000000000800bf6e       0x34 ./Middlewares/ST/STM32_USB_Device_Library/Core/Src/usbd_core.o
                0x000000000800bf6e                USBD_ClrClassConfig
 .text.USBD_LL_SetupStage
                0x000000000800bfa2       0xaa ./Middlewares/ST/STM32_USB_Device_Library/Core/Src/usbd_core.o
                0x000000000800bfa2                USBD_LL_SetupStage
 .text.USBD_LL_DataOutStage
                0x000000000800c04c      0x166 ./Middlewares/ST/STM32_USB_Device_Library/Core/Src/usbd_core.o
                0x000000000800c04c                USBD_LL_DataOutStage
 .text.USBD_LL_DataInStage
                0x000000000800c1b2      0x164 ./Middlewares/ST/STM32_USB_Device_Library/Core/Src/usbd_core.o
                0x000000000800c1b2                USBD_LL_DataInStage
 .text.USBD_LL_Reset
                0x000000000800c316       0xa4 ./Middlewares/ST/STM32_USB_Device_Library/Core/Src/usbd_core.o
                0x000000000800c316                USBD_LL_Reset
 .text.USBD_LL_SetSpeed
                0x000000000800c3ba       0x20 ./Middlewares/ST/STM32_USB_Device_Library/Core/Src/usbd_core.o
                0x000000000800c3ba                USBD_LL_SetSpeed
 .text.USBD_LL_Suspend
                0x000000000800c3da       0x2c ./Middlewares/ST/STM32_USB_Device_Library/Core/Src/usbd_core.o
                0x000000000800c3da                USBD_LL_Suspend
 .text.USBD_LL_Resume
                0x000000000800c406       0x30 ./Middlewares/ST/STM32_USB_Device_Library/Core/Src/usbd_core.o
                0x000000000800c406                USBD_LL_Resume
 .text.USBD_LL_SOF
                0x000000000800c436       0x40 ./Middlewares/ST/STM32_USB_Device_Library/Core/Src/usbd_core.o
                0x000000000800c436                USBD_LL_SOF
 .text.USBD_LL_IsoINIncomplete
                0x000000000800c476       0x64 ./Middlewares/ST/STM32_USB_Device_Library/Core/Src/usbd_core.o
                0x000000000800c476                USBD_LL_IsoINIncomplete
 .text.USBD_LL_IsoOUTIncomplete
                0x000000000800c4da       0x64 ./Middlewares/ST/STM32_USB_Device_Library/Core/Src/usbd_core.o
                0x000000000800c4da                USBD_LL_IsoOUTIncomplete
 .text.USBD_LL_DevConnected
                0x000000000800c53e       0x16 ./Middlewares/ST/STM32_USB_Device_Library/Core/Src/usbd_core.o
                0x000000000800c53e                USBD_LL_DevConnected
 .text.USBD_LL_DevDisconnected
                0x000000000800c554       0x46 ./Middlewares/ST/STM32_USB_Device_Library/Core/Src/usbd_core.o
                0x000000000800c554                USBD_LL_DevDisconnected
 .text.USBD_CoreFindIF
                0x000000000800c59a       0x1a ./Middlewares/ST/STM32_USB_Device_Library/Core/Src/usbd_core.o
                0x000000000800c59a                USBD_CoreFindIF
 .text.USBD_CoreFindEP
                0x000000000800c5b4       0x1a ./Middlewares/ST/STM32_USB_Device_Library/Core/Src/usbd_core.o
                0x000000000800c5b4                USBD_CoreFindEP
 .text.USBD_GetEpDesc
                0x000000000800c5ce       0x74 ./Middlewares/ST/STM32_USB_Device_Library/Core/Src/usbd_core.o
                0x000000000800c5ce                USBD_GetEpDesc
 .text.USBD_GetNextDesc
                0x000000000800c642       0x3a ./Middlewares/ST/STM32_USB_Device_Library/Core/Src/usbd_core.o
                0x000000000800c642                USBD_GetNextDesc
 .text.SWAPBYTE
                0x000000000800c67c       0x3c ./Middlewares/ST/STM32_USB_Device_Library/Core/Src/usbd_ctlreq.o
 .text.USBD_StdDevReq
                0x000000000800c6b8       0xe4 ./Middlewares/ST/STM32_USB_Device_Library/Core/Src/usbd_ctlreq.o
                0x000000000800c6b8                USBD_StdDevReq
 .text.USBD_StdItfReq
                0x000000000800c79c       0xd8 ./Middlewares/ST/STM32_USB_Device_Library/Core/Src/usbd_ctlreq.o
                0x000000000800c79c                USBD_StdItfReq
 .text.USBD_StdEPReq
                0x000000000800c874      0x33a ./Middlewares/ST/STM32_USB_Device_Library/Core/Src/usbd_ctlreq.o
                0x000000000800c874                USBD_StdEPReq
 *fill*         0x000000000800cbae        0x2 
 .text.USBD_GetDescriptor
                0x000000000800cbb0      0x2d4 ./Middlewares/ST/STM32_USB_Device_Library/Core/Src/usbd_ctlreq.o
 .text.USBD_SetAddress
                0x000000000800ce84       0x88 ./Middlewares/ST/STM32_USB_Device_Library/Core/Src/usbd_ctlreq.o
 .text.USBD_SetConfig
                0x000000000800cf0c      0x154 ./Middlewares/ST/STM32_USB_Device_Library/Core/Src/usbd_ctlreq.o
 .text.USBD_GetConfig
                0x000000000800d060       0x6c ./Middlewares/ST/STM32_USB_Device_Library/Core/Src/usbd_ctlreq.o
 .text.USBD_GetStatus
                0x000000000800d0cc       0x68 ./Middlewares/ST/STM32_USB_Device_Library/Core/Src/usbd_ctlreq.o
 .text.USBD_SetFeature
                0x000000000800d134       0x52 ./Middlewares/ST/STM32_USB_Device_Library/Core/Src/usbd_ctlreq.o
 .text.USBD_ClrFeature
                0x000000000800d186       0x44 ./Middlewares/ST/STM32_USB_Device_Library/Core/Src/usbd_ctlreq.o
 .text.USBD_ParseSetupRequest
                0x000000000800d1ca       0x74 ./Middlewares/ST/STM32_USB_Device_Library/Core/Src/usbd_ctlreq.o
                0x000000000800d1ca                USBD_ParseSetupRequest
 .text.USBD_CtlError
                0x000000000800d23e       0x22 ./Middlewares/ST/STM32_USB_Device_Library/Core/Src/usbd_ctlreq.o
                0x000000000800d23e                USBD_CtlError
 .text.USBD_GetString
                0x000000000800d260       0x8c ./Middlewares/ST/STM32_USB_Device_Library/Core/Src/usbd_ctlreq.o
                0x000000000800d260                USBD_GetString
 .text.USBD_GetLen
                0x000000000800d2ec       0x34 ./Middlewares/ST/STM32_USB_Device_Library/Core/Src/usbd_ctlreq.o
 .text.USBD_CtlSendData
                0x000000000800d320       0x36 ./Middlewares/ST/STM32_USB_Device_Library/Core/Src/usbd_ioreq.o
                0x000000000800d320                USBD_CtlSendData
 .text.USBD_CtlContinueSendData
                0x000000000800d356       0x22 ./Middlewares/ST/STM32_USB_Device_Library/Core/Src/usbd_ioreq.o
                0x000000000800d356                USBD_CtlContinueSendData
 .text.USBD_CtlPrepareRx
                0x000000000800d378       0x3a ./Middlewares/ST/STM32_USB_Device_Library/Core/Src/usbd_ioreq.o
                0x000000000800d378                USBD_CtlPrepareRx
 .text.USBD_CtlContinueRx
                0x000000000800d3b2       0x22 ./Middlewares/ST/STM32_USB_Device_Library/Core/Src/usbd_ioreq.o
                0x000000000800d3b2                USBD_CtlContinueRx
 .text.USBD_CtlSendStatus
                0x000000000800d3d4       0x26 ./Middlewares/ST/STM32_USB_Device_Library/Core/Src/usbd_ioreq.o
                0x000000000800d3d4                USBD_CtlSendStatus
 .text.USBD_CtlReceiveStatus
                0x000000000800d3fa       0x26 ./Middlewares/ST/STM32_USB_Device_Library/Core/Src/usbd_ioreq.o
                0x000000000800d3fa                USBD_CtlReceiveStatus
 .text.MX_USB_DEVICE_Init
                0x000000000800d420       0x60 ./USB_DEVICE/App/usb_device.o
                0x000000000800d420                MX_USB_DEVICE_Init
 .text.CUSTOM_HID_Init_FS
                0x000000000800d480       0x10 ./USB_DEVICE/App/usbd_custom_hid_if.o
 .text.CUSTOM_HID_DeInit_FS
                0x000000000800d490       0x10 ./USB_DEVICE/App/usbd_custom_hid_if.o
 .text.CUSTOM_HID_OutEvent_FS
                0x000000000800d4a0       0x30 ./USB_DEVICE/App/usbd_custom_hid_if.o
 .text.USBD_FS_DeviceDescriptor
                0x000000000800d4d0       0x24 ./USB_DEVICE/App/usbd_desc.o
                0x000000000800d4d0                USBD_FS_DeviceDescriptor
 .text.USBD_FS_LangIDStrDescriptor
                0x000000000800d4f4       0x24 ./USB_DEVICE/App/usbd_desc.o
                0x000000000800d4f4                USBD_FS_LangIDStrDescriptor
 .text.USBD_FS_ProductStrDescriptor
                0x000000000800d518       0x3c ./USB_DEVICE/App/usbd_desc.o
                0x000000000800d518                USBD_FS_ProductStrDescriptor
 .text.USBD_FS_ManufacturerStrDescriptor
                0x000000000800d554       0x28 ./USB_DEVICE/App/usbd_desc.o
                0x000000000800d554                USBD_FS_ManufacturerStrDescriptor
 .text.USBD_FS_SerialStrDescriptor
                0x000000000800d57c       0x24 ./USB_DEVICE/App/usbd_desc.o
                0x000000000800d57c                USBD_FS_SerialStrDescriptor
 .text.USBD_FS_ConfigStrDescriptor
                0x000000000800d5a0       0x3c ./USB_DEVICE/App/usbd_desc.o
                0x000000000800d5a0                USBD_FS_ConfigStrDescriptor
 .text.USBD_FS_InterfaceStrDescriptor
                0x000000000800d5dc       0x3c ./USB_DEVICE/App/usbd_desc.o
                0x000000000800d5dc                USBD_FS_InterfaceStrDescriptor
 .text.Get_SerialNum
                0x000000000800d618       0x58 ./USB_DEVICE/App/usbd_desc.o
 .text.IntToUnicode
                0x000000000800d670       0x7e ./USB_DEVICE/App/usbd_desc.o
 *fill*         0x000000000800d6ee        0x2 
 .text.HAL_PCD_MspInit
                0x000000000800d6f0       0xa8 ./USB_DEVICE/Target/usbd_conf.o
                0x000000000800d6f0                HAL_PCD_MspInit
 .text.HAL_PCD_SetupStageCallback
                0x000000000800d798       0x24 ./USB_DEVICE/Target/usbd_conf.o
                0x000000000800d798                HAL_PCD_SetupStageCallback
 .text.HAL_PCD_DataOutStageCallback
                0x000000000800d7bc       0x36 ./USB_DEVICE/Target/usbd_conf.o
                0x000000000800d7bc                HAL_PCD_DataOutStageCallback
 .text.HAL_PCD_DataInStageCallback
                0x000000000800d7f2       0x34 ./USB_DEVICE/Target/usbd_conf.o
                0x000000000800d7f2                HAL_PCD_DataInStageCallback
 .text.HAL_PCD_SOFCallback
                0x000000000800d826       0x1c ./USB_DEVICE/Target/usbd_conf.o
                0x000000000800d826                HAL_PCD_SOFCallback
 .text.HAL_PCD_ResetCallback
                0x000000000800d842       0x3c ./USB_DEVICE/Target/usbd_conf.o
                0x000000000800d842                HAL_PCD_ResetCallback
 *fill*         0x000000000800d87e        0x2 
 .text.HAL_PCD_SuspendCallback
                0x000000000800d880       0x4c ./USB_DEVICE/Target/usbd_conf.o
                0x000000000800d880                HAL_PCD_SuspendCallback
 .text.HAL_PCD_ResumeCallback
                0x000000000800d8cc       0x1c ./USB_DEVICE/Target/usbd_conf.o
                0x000000000800d8cc                HAL_PCD_ResumeCallback
 .text.HAL_PCD_ISOOUTIncompleteCallback
                0x000000000800d8e8       0x24 ./USB_DEVICE/Target/usbd_conf.o
                0x000000000800d8e8                HAL_PCD_ISOOUTIncompleteCallback
 .text.HAL_PCD_ISOINIncompleteCallback
                0x000000000800d90c       0x24 ./USB_DEVICE/Target/usbd_conf.o
                0x000000000800d90c                HAL_PCD_ISOINIncompleteCallback
 .text.HAL_PCD_ConnectCallback
                0x000000000800d930       0x1c ./USB_DEVICE/Target/usbd_conf.o
                0x000000000800d930                HAL_PCD_ConnectCallback
 .text.HAL_PCD_DisconnectCallback
                0x000000000800d94c       0x1c ./USB_DEVICE/Target/usbd_conf.o
                0x000000000800d94c                HAL_PCD_DisconnectCallback
 .text.USBD_LL_Init
                0x000000000800d968       0x98 ./USB_DEVICE/Target/usbd_conf.o
                0x000000000800d968                USBD_LL_Init
 .text.USBD_LL_Start
                0x000000000800da00       0x36 ./USB_DEVICE/Target/usbd_conf.o
                0x000000000800da00                USBD_LL_Start
 .text.USBD_LL_OpenEP
                0x000000000800da36       0x4c ./USB_DEVICE/Target/usbd_conf.o
                0x000000000800da36                USBD_LL_OpenEP
 .text.USBD_LL_CloseEP
                0x000000000800da82       0x3e ./USB_DEVICE/Target/usbd_conf.o
                0x000000000800da82                USBD_LL_CloseEP
 .text.USBD_LL_StallEP
                0x000000000800dac0       0x3e ./USB_DEVICE/Target/usbd_conf.o
                0x000000000800dac0                USBD_LL_StallEP
 .text.USBD_LL_ClearStallEP
                0x000000000800dafe       0x3e ./USB_DEVICE/Target/usbd_conf.o
                0x000000000800dafe                USBD_LL_ClearStallEP
 .text.USBD_LL_IsStallEP
                0x000000000800db3c       0x58 ./USB_DEVICE/Target/usbd_conf.o
                0x000000000800db3c                USBD_LL_IsStallEP
 .text.USBD_LL_SetUSBAddress
                0x000000000800db94       0x3e ./USB_DEVICE/Target/usbd_conf.o
                0x000000000800db94                USBD_LL_SetUSBAddress
 .text.USBD_LL_Transmit
                0x000000000800dbd2       0x42 ./USB_DEVICE/Target/usbd_conf.o
                0x000000000800dbd2                USBD_LL_Transmit
 .text.USBD_LL_PrepareReceive
                0x000000000800dc14       0x42 ./USB_DEVICE/Target/usbd_conf.o
                0x000000000800dc14                USBD_LL_PrepareReceive
 *fill*         0x000000000800dc56        0x2 
 .text.USBD_static_malloc
                0x000000000800dc58       0x1c ./USB_DEVICE/Target/usbd_conf.o
                0x000000000800dc58                USBD_static_malloc
 .text.USBD_static_free
                0x000000000800dc74       0x14 ./USB_DEVICE/Target/usbd_conf.o
                0x000000000800dc74                USBD_static_free
 .text.USBD_Get_USB_Status
                0x000000000800dc88       0x58 ./USB_DEVICE/Target/usbd_conf.o
                0x000000000800dc88                USBD_Get_USB_Status
 .text.__errno  0x000000000800dce0        0xc c:/st/stm32cubeide_1.4.0/stm32cubeide/plugins/com.st.stm32cube.ide.mcu.externaltools.gnu-tools-for-stm32.10.3-2021.10.win32_1.0.0.202111181127/tools/bin/../lib/gcc/arm-none-eabi/10.3.1/../../../../arm-none-eabi/lib/thumb/v7e-m+fp/hard\libc_nano.a(lib_a-errno.o)
                0x000000000800dce0                __errno
 .text.__libc_init_array
                0x000000000800dcec       0x48 c:/st/stm32cubeide_1.4.0/stm32cubeide/plugins/com.st.stm32cube.ide.mcu.externaltools.gnu-tools-for-stm32.10.3-2021.10.win32_1.0.0.202111181127/tools/bin/../lib/gcc/arm-none-eabi/10.3.1/../../../../arm-none-eabi/lib/thumb/v7e-m+fp/hard\libc_nano.a(lib_a-init.o)
                0x000000000800dcec                __libc_init_array
 .text.memset   0x000000000800dd34       0x10 c:/st/stm32cubeide_1.4.0/stm32cubeide/plugins/com.st.stm32cube.ide.mcu.externaltools.gnu-tools-for-stm32.10.3-2021.10.win32_1.0.0.202111181127/tools/bin/../lib/gcc/arm-none-eabi/10.3.1/../../../../arm-none-eabi/lib/thumb/v7e-m+fp/hard\libc_nano.a(lib_a-memset.o)
                0x000000000800dd34                memset
 .text.__sfputc_r
                0x000000000800dd44       0x2e c:/st/stm32cubeide_1.4.0/stm32cubeide/plugins/com.st.stm32cube.ide.mcu.externaltools.gnu-tools-for-stm32.10.3-2021.10.win32_1.0.0.202111181127/tools/bin/../lib/gcc/arm-none-eabi/10.3.1/../../../../arm-none-eabi/lib/thumb/v7e-m+fp/hard\libc_nano.a(lib_a-nano-vfprintf.o)
 .text.__sfputs_r
                0x000000000800dd72       0x24 c:/st/stm32cubeide_1.4.0/stm32cubeide/plugins/com.st.stm32cube.ide.mcu.externaltools.gnu-tools-for-stm32.10.3-2021.10.win32_1.0.0.202111181127/tools/bin/../lib/gcc/arm-none-eabi/10.3.1/../../../../arm-none-eabi/lib/thumb/v7e-m+fp/hard\libc_nano.a(lib_a-nano-vfprintf.o)
                0x000000000800dd72                __sfputs_r
 *fill*         0x000000000800dd96        0x2 
 .text._vfprintf_r
                0x000000000800dd98      0x260 c:/st/stm32cubeide_1.4.0/stm32cubeide/plugins/com.st.stm32cube.ide.mcu.externaltools.gnu-tools-for-stm32.10.3-2021.10.win32_1.0.0.202111181127/tools/bin/../lib/gcc/arm-none-eabi/10.3.1/../../../../arm-none-eabi/lib/thumb/v7e-m+fp/hard\libc_nano.a(lib_a-nano-vfprintf.o)
                0x000000000800dd98                _vfprintf_r
                0x000000000800dd98                _vfiprintf_r
 .text.vfprintf
                0x000000000800dff8       0x14 c:/st/stm32cubeide_1.4.0/stm32cubeide/plugins/com.st.stm32cube.ide.mcu.externaltools.gnu-tools-for-stm32.10.3-2021.10.win32_1.0.0.202111181127/tools/bin/../lib/gcc/arm-none-eabi/10.3.1/../../../../arm-none-eabi/lib/thumb/v7e-m+fp/hard\libc_nano.a(lib_a-nano-vfprintf.o)
                0x000000000800dff8                vfprintf
                0x000000000800dff8                vfiprintf
 .text._printf_common
                0x000000000800e00c       0xda c:/st/stm32cubeide_1.4.0/stm32cubeide/plugins/com.st.stm32cube.ide.mcu.externaltools.gnu-tools-for-stm32.10.3-2021.10.win32_1.0.0.202111181127/tools/bin/../lib/gcc/arm-none-eabi/10.3.1/../../../../arm-none-eabi/lib/thumb/v7e-m+fp/hard\libc_nano.a(lib_a-nano-vfprintf_i.o)
                0x000000000800e00c                _printf_common
 *fill*         0x000000000800e0e6        0x2 
 .text._printf_i
                0x000000000800e0e8      0x24c c:/st/stm32cubeide_1.4.0/stm32cubeide/plugins/com.st.stm32cube.ide.mcu.externaltools.gnu-tools-for-stm32.10.3-2021.10.win32_1.0.0.202111181127/tools/bin/../lib/gcc/arm-none-eabi/10.3.1/../../../../arm-none-eabi/lib/thumb/v7e-m+fp/hard\libc_nano.a(lib_a-nano-vfprintf_i.o)
                0x000000000800e0e8                _printf_i
 .text.printf   0x000000000800e334       0x30 c:/st/stm32cubeide_1.4.0/stm32cubeide/plugins/com.st.stm32cube.ide.mcu.externaltools.gnu-tools-for-stm32.10.3-2021.10.win32_1.0.0.202111181127/tools/bin/../lib/gcc/arm-none-eabi/10.3.1/../../../../arm-none-eabi/lib/thumb/v7e-m+fp/hard\libc_nano.a(lib_a-printf.o)
                0x000000000800e334                iprintf
                0x000000000800e334                printf
 .text.putchar  0x000000000800e364       0x2c c:/st/stm32cubeide_1.4.0/stm32cubeide/plugins/com.st.stm32cube.ide.mcu.externaltools.gnu-tools-for-stm32.10.3-2021.10.win32_1.0.0.202111181127/tools/bin/../lib/gcc/arm-none-eabi/10.3.1/../../../../arm-none-eabi/lib/thumb/v7e-m+fp/hard\libc_nano.a(lib_a-putchar.o)
                0x000000000800e364                putchar
 .text.__swbuf_r
                0x000000000800e390       0xa4 c:/st/stm32cubeide_1.4.0/stm32cubeide/plugins/com.st.stm32cube.ide.mcu.externaltools.gnu-tools-for-stm32.10.3-2021.10.win32_1.0.0.202111181127/tools/bin/../lib/gcc/arm-none-eabi/10.3.1/../../../../arm-none-eabi/lib/thumb/v7e-m+fp/hard\libc_nano.a(lib_a-wbuf.o)
                0x000000000800e390                __swbuf_r
 .text.__swsetup_r
                0x000000000800e434       0xdc c:/st/stm32cubeide_1.4.0/stm32cubeide/plugins/com.st.stm32cube.ide.mcu.externaltools.gnu-tools-for-stm32.10.3-2021.10.win32_1.0.0.202111181127/tools/bin/../lib/gcc/arm-none-eabi/10.3.1/../../../../arm-none-eabi/lib/thumb/v7e-m+fp/hard\libc_nano.a(lib_a-wsetup.o)
                0x000000000800e434                __swsetup_r
 .text.__sflush_r
                0x000000000800e510      0x10c c:/st/stm32cubeide_1.4.0/stm32cubeide/plugins/com.st.stm32cube.ide.mcu.externaltools.gnu-tools-for-stm32.10.3-2021.10.win32_1.0.0.202111181127/tools/bin/../lib/gcc/arm-none-eabi/10.3.1/../../../../arm-none-eabi/lib/thumb/v7e-m+fp/hard\libc_nano.a(lib_a-fflush.o)
                0x000000000800e510                __sflush_r
 .text._fflush_r
                0x000000000800e61c       0x78 c:/st/stm32cubeide_1.4.0/stm32cubeide/plugins/com.st.stm32cube.ide.mcu.externaltools.gnu-tools-for-stm32.10.3-2021.10.win32_1.0.0.202111181127/tools/bin/../lib/gcc/arm-none-eabi/10.3.1/../../../../arm-none-eabi/lib/thumb/v7e-m+fp/hard\libc_nano.a(lib_a-fflush.o)
                0x000000000800e61c                _fflush_r
 .text.std      0x000000000800e694       0x48 c:/st/stm32cubeide_1.4.0/stm32cubeide/plugins/com.st.stm32cube.ide.mcu.externaltools.gnu-tools-for-stm32.10.3-2021.10.win32_1.0.0.202111181127/tools/bin/../lib/gcc/arm-none-eabi/10.3.1/../../../../arm-none-eabi/lib/thumb/v7e-m+fp/hard\libc_nano.a(lib_a-findfp.o)
 .text._cleanup_r
                0x000000000800e6dc        0xc c:/st/stm32cubeide_1.4.0/stm32cubeide/plugins/com.st.stm32cube.ide.mcu.externaltools.gnu-tools-for-stm32.10.3-2021.10.win32_1.0.0.202111181127/tools/bin/../lib/gcc/arm-none-eabi/10.3.1/../../../../arm-none-eabi/lib/thumb/v7e-m+fp/hard\libc_nano.a(lib_a-findfp.o)
                0x000000000800e6dc                _cleanup_r
 .text.__sfmoreglue
                0x000000000800e6e8       0x2c c:/st/stm32cubeide_1.4.0/stm32cubeide/plugins/com.st.stm32cube.ide.mcu.externaltools.gnu-tools-for-stm32.10.3-2021.10.win32_1.0.0.202111181127/tools/bin/../lib/gcc/arm-none-eabi/10.3.1/../../../../arm-none-eabi/lib/thumb/v7e-m+fp/hard\libc_nano.a(lib_a-findfp.o)
                0x000000000800e6e8                __sfmoreglue
 .text.__sfp_lock_acquire
                0x000000000800e714        0xc c:/st/stm32cubeide_1.4.0/stm32cubeide/plugins/com.st.stm32cube.ide.mcu.externaltools.gnu-tools-for-stm32.10.3-2021.10.win32_1.0.0.202111181127/tools/bin/../lib/gcc/arm-none-eabi/10.3.1/../../../../arm-none-eabi/lib/thumb/v7e-m+fp/hard\libc_nano.a(lib_a-findfp.o)
                0x000000000800e714                __sfp_lock_acquire
 .text.__sfp_lock_release
                0x000000000800e720        0xc c:/st/stm32cubeide_1.4.0/stm32cubeide/plugins/com.st.stm32cube.ide.mcu.externaltools.gnu-tools-for-stm32.10.3-2021.10.win32_1.0.0.202111181127/tools/bin/../lib/gcc/arm-none-eabi/10.3.1/../../../../arm-none-eabi/lib/thumb/v7e-m+fp/hard\libc_nano.a(lib_a-findfp.o)
                0x000000000800e720                __sfp_lock_release
 .text.__sinit_lock_acquire
                0x000000000800e72c        0xc c:/st/stm32cubeide_1.4.0/stm32cubeide/plugins/com.st.stm32cube.ide.mcu.externaltools.gnu-tools-for-stm32.10.3-2021.10.win32_1.0.0.202111181127/tools/bin/../lib/gcc/arm-none-eabi/10.3.1/../../../../arm-none-eabi/lib/thumb/v7e-m+fp/hard\libc_nano.a(lib_a-findfp.o)
                0x000000000800e72c                __sinit_lock_acquire
 .text.__sinit_lock_release
                0x000000000800e738        0xc c:/st/stm32cubeide_1.4.0/stm32cubeide/plugins/com.st.stm32cube.ide.mcu.externaltools.gnu-tools-for-stm32.10.3-2021.10.win32_1.0.0.202111181127/tools/bin/../lib/gcc/arm-none-eabi/10.3.1/../../../../arm-none-eabi/lib/thumb/v7e-m+fp/hard\libc_nano.a(lib_a-findfp.o)
                0x000000000800e738                __sinit_lock_release
 .text.__sinit  0x000000000800e744       0x70 c:/st/stm32cubeide_1.4.0/stm32cubeide/plugins/com.st.stm32cube.ide.mcu.externaltools.gnu-tools-for-stm32.10.3-2021.10.win32_1.0.0.202111181127/tools/bin/../lib/gcc/arm-none-eabi/10.3.1/../../../../arm-none-eabi/lib/thumb/v7e-m+fp/hard\libc_nano.a(lib_a-findfp.o)
                0x000000000800e744                __sinit
 .text.__sfp    0x000000000800e7b4       0x8c c:/st/stm32cubeide_1.4.0/stm32cubeide/plugins/com.st.stm32cube.ide.mcu.externaltools.gnu-tools-for-stm32.10.3-2021.10.win32_1.0.0.202111181127/tools/bin/../lib/gcc/arm-none-eabi/10.3.1/../../../../arm-none-eabi/lib/thumb/v7e-m+fp/hard\libc_nano.a(lib_a-findfp.o)
                0x000000000800e7b4                __sfp
 .text._fwalk_reent
                0x000000000800e840       0x3e c:/st/stm32cubeide_1.4.0/stm32cubeide/plugins/com.st.stm32cube.ide.mcu.externaltools.gnu-tools-for-stm32.10.3-2021.10.win32_1.0.0.202111181127/tools/bin/../lib/gcc/arm-none-eabi/10.3.1/../../../../arm-none-eabi/lib/thumb/v7e-m+fp/hard\libc_nano.a(lib_a-fwalk.o)
                0x000000000800e840                _fwalk_reent
 .text.__retarget_lock_init_recursive
                0x000000000800e87e        0x2 c:/st/stm32cubeide_1.4.0/stm32cubeide/plugins/com.st.stm32cube.ide.mcu.externaltools.gnu-tools-for-stm32.10.3-2021.10.win32_1.0.0.202111181127/tools/bin/../lib/gcc/arm-none-eabi/10.3.1/../../../../arm-none-eabi/lib/thumb/v7e-m+fp/hard\libc_nano.a(lib_a-lock.o)
                0x000000000800e87e                __retarget_lock_init_recursive
 .text.__retarget_lock_acquire_recursive
                0x000000000800e880        0x2 c:/st/stm32cubeide_1.4.0/stm32cubeide/plugins/com.st.stm32cube.ide.mcu.externaltools.gnu-tools-for-stm32.10.3-2021.10.win32_1.0.0.202111181127/tools/bin/../lib/gcc/arm-none-eabi/10.3.1/../../../../arm-none-eabi/lib/thumb/v7e-m+fp/hard\libc_nano.a(lib_a-lock.o)
                0x000000000800e880                __retarget_lock_acquire_recursive
 .text.__retarget_lock_release_recursive
                0x000000000800e882        0x2 c:/st/stm32cubeide_1.4.0/stm32cubeide/plugins/com.st.stm32cube.ide.mcu.externaltools.gnu-tools-for-stm32.10.3-2021.10.win32_1.0.0.202111181127/tools/bin/../lib/gcc/arm-none-eabi/10.3.1/../../../../arm-none-eabi/lib/thumb/v7e-m+fp/hard\libc_nano.a(lib_a-lock.o)
                0x000000000800e882                __retarget_lock_release_recursive
 .text.__swhatbuf_r
                0x000000000800e884       0x4a c:/st/stm32cubeide_1.4.0/stm32cubeide/plugins/com.st.stm32cube.ide.mcu.externaltools.gnu-tools-for-stm32.10.3-2021.10.win32_1.0.0.202111181127/tools/bin/../lib/gcc/arm-none-eabi/10.3.1/../../../../arm-none-eabi/lib/thumb/v7e-m+fp/hard\libc_nano.a(lib_a-makebuf.o)
                0x000000000800e884                __swhatbuf_r
 *fill*         0x000000000800e8ce        0x2 
 .text.__smakebuf_r
                0x000000000800e8d0       0x80 c:/st/stm32cubeide_1.4.0/stm32cubeide/plugins/com.st.stm32cube.ide.mcu.externaltools.gnu-tools-for-stm32.10.3-2021.10.win32_1.0.0.202111181127/tools/bin/../lib/gcc/arm-none-eabi/10.3.1/../../../../arm-none-eabi/lib/thumb/v7e-m+fp/hard\libc_nano.a(lib_a-makebuf.o)
                0x000000000800e8d0                __smakebuf_r
 .text._free_r  0x000000000800e950       0x98 c:/st/stm32cubeide_1.4.0/stm32cubeide/plugins/com.st.stm32cube.ide.mcu.externaltools.gnu-tools-for-stm32.10.3-2021.10.win32_1.0.0.202111181127/tools/bin/../lib/gcc/arm-none-eabi/10.3.1/../../../../arm-none-eabi/lib/thumb/v7e-m+fp/hard\libc_nano.a(lib_a-nano-freer.o)
                0x000000000800e950                _free_r
 .text.sbrk_aligned
                0x000000000800e9e8       0x40 c:/st/stm32cubeide_1.4.0/stm32cubeide/plugins/com.st.stm32cube.ide.mcu.externaltools.gnu-tools-for-stm32.10.3-2021.10.win32_1.0.0.202111181127/tools/bin/../lib/gcc/arm-none-eabi/10.3.1/../../../../arm-none-eabi/lib/thumb/v7e-m+fp/hard\libc_nano.a(lib_a-nano-mallocr.o)
 .text._malloc_r
                0x000000000800ea28       0xe8 c:/st/stm32cubeide_1.4.0/stm32cubeide/plugins/com.st.stm32cube.ide.mcu.externaltools.gnu-tools-for-stm32.10.3-2021.10.win32_1.0.0.202111181127/tools/bin/../lib/gcc/arm-none-eabi/10.3.1/../../../../arm-none-eabi/lib/thumb/v7e-m+fp/hard\libc_nano.a(lib_a-nano-mallocr.o)
                0x000000000800ea28                _malloc_r
 .text._putc_r  0x000000000800eb10       0x90 c:/st/stm32cubeide_1.4.0/stm32cubeide/plugins/com.st.stm32cube.ide.mcu.externaltools.gnu-tools-for-stm32.10.3-2021.10.win32_1.0.0.202111181127/tools/bin/../lib/gcc/arm-none-eabi/10.3.1/../../../../arm-none-eabi/lib/thumb/v7e-m+fp/hard\libc_nano.a(lib_a-putc.o)
                0x000000000800eb10                _putc_r
 .text._sbrk_r  0x000000000800eba0       0x20 c:/st/stm32cubeide_1.4.0/stm32cubeide/plugins/com.st.stm32cube.ide.mcu.externaltools.gnu-tools-for-stm32.10.3-2021.10.win32_1.0.0.202111181127/tools/bin/../lib/gcc/arm-none-eabi/10.3.1/../../../../arm-none-eabi/lib/thumb/v7e-m+fp/hard\libc_nano.a(lib_a-sbrkr.o)
                0x000000000800eba0                _sbrk_r
 .text.__sread  0x000000000800ebc0       0x22 c:/st/stm32cubeide_1.4.0/stm32cubeide/plugins/com.st.stm32cube.ide.mcu.externaltools.gnu-tools-for-stm32.10.3-2021.10.win32_1.0.0.202111181127/tools/bin/../lib/gcc/arm-none-eabi/10.3.1/../../../../arm-none-eabi/lib/thumb/v7e-m+fp/hard\libc_nano.a(lib_a-stdio.o)
                0x000000000800ebc0                __sread
 .text.__swrite
                0x000000000800ebe2       0x38 c:/st/stm32cubeide_1.4.0/stm32cubeide/plugins/com.st.stm32cube.ide.mcu.externaltools.gnu-tools-for-stm32.10.3-2021.10.win32_1.0.0.202111181127/tools/bin/../lib/gcc/arm-none-eabi/10.3.1/../../../../arm-none-eabi/lib/thumb/v7e-m+fp/hard\libc_nano.a(lib_a-stdio.o)
                0x000000000800ebe2                __swrite
 .text.__sseek  0x000000000800ec1a       0x24 c:/st/stm32cubeide_1.4.0/stm32cubeide/plugins/com.st.stm32cube.ide.mcu.externaltools.gnu-tools-for-stm32.10.3-2021.10.win32_1.0.0.202111181127/tools/bin/../lib/gcc/arm-none-eabi/10.3.1/../../../../arm-none-eabi/lib/thumb/v7e-m+fp/hard\libc_nano.a(lib_a-stdio.o)
                0x000000000800ec1a                __sseek
 .text.__sclose
                0x000000000800ec3e        0x8 c:/st/stm32cubeide_1.4.0/stm32cubeide/plugins/com.st.stm32cube.ide.mcu.externaltools.gnu-tools-for-stm32.10.3-2021.10.win32_1.0.0.202111181127/tools/bin/../lib/gcc/arm-none-eabi/10.3.1/../../../../arm-none-eabi/lib/thumb/v7e-m+fp/hard\libc_nano.a(lib_a-stdio.o)
                0x000000000800ec3e                __sclose
 *fill*         0x000000000800ec46        0x2 
 .text._write_r
                0x000000000800ec48       0x24 c:/st/stm32cubeide_1.4.0/stm32cubeide/plugins/com.st.stm32cube.ide.mcu.externaltools.gnu-tools-for-stm32.10.3-2021.10.win32_1.0.0.202111181127/tools/bin/../lib/gcc/arm-none-eabi/10.3.1/../../../../arm-none-eabi/lib/thumb/v7e-m+fp/hard\libc_nano.a(lib_a-writer.o)
                0x000000000800ec48                _write_r
 .text._close_r
                0x000000000800ec6c       0x20 c:/st/stm32cubeide_1.4.0/stm32cubeide/plugins/com.st.stm32cube.ide.mcu.externaltools.gnu-tools-for-stm32.10.3-2021.10.win32_1.0.0.202111181127/tools/bin/../lib/gcc/arm-none-eabi/10.3.1/../../../../arm-none-eabi/lib/thumb/v7e-m+fp/hard\libc_nano.a(lib_a-closer.o)
                0x000000000800ec6c                _close_r
 .text._fstat_r
                0x000000000800ec8c       0x24 c:/st/stm32cubeide_1.4.0/stm32cubeide/plugins/com.st.stm32cube.ide.mcu.externaltools.gnu-tools-for-stm32.10.3-2021.10.win32_1.0.0.202111181127/tools/bin/../lib/gcc/arm-none-eabi/10.3.1/../../../../arm-none-eabi/lib/thumb/v7e-m+fp/hard\libc_nano.a(lib_a-fstatr.o)
                0x000000000800ec8c                _fstat_r
 .text._isatty_r
                0x000000000800ecb0       0x20 c:/st/stm32cubeide_1.4.0/stm32cubeide/plugins/com.st.stm32cube.ide.mcu.externaltools.gnu-tools-for-stm32.10.3-2021.10.win32_1.0.0.202111181127/tools/bin/../lib/gcc/arm-none-eabi/10.3.1/../../../../arm-none-eabi/lib/thumb/v7e-m+fp/hard\libc_nano.a(lib_a-isattyr.o)
                0x000000000800ecb0                _isatty_r
 .text._lseek_r
                0x000000000800ecd0       0x24 c:/st/stm32cubeide_1.4.0/stm32cubeide/plugins/com.st.stm32cube.ide.mcu.externaltools.gnu-tools-for-stm32.10.3-2021.10.win32_1.0.0.202111181127/tools/bin/../lib/gcc/arm-none-eabi/10.3.1/../../../../arm-none-eabi/lib/thumb/v7e-m+fp/hard\libc_nano.a(lib_a-lseekr.o)
                0x000000000800ecd0                _lseek_r
 .text.__malloc_lock
                0x000000000800ecf4        0xc c:/st/stm32cubeide_1.4.0/stm32cubeide/plugins/com.st.stm32cube.ide.mcu.externaltools.gnu-tools-for-stm32.10.3-2021.10.win32_1.0.0.202111181127/tools/bin/../lib/gcc/arm-none-eabi/10.3.1/../../../../arm-none-eabi/lib/thumb/v7e-m+fp/hard\libc_nano.a(lib_a-mlock.o)
                0x000000000800ecf4                __malloc_lock
 .text.__malloc_unlock
                0x000000000800ed00        0xc c:/st/stm32cubeide_1.4.0/stm32cubeide/plugins/com.st.stm32cube.ide.mcu.externaltools.gnu-tools-for-stm32.10.3-2021.10.win32_1.0.0.202111181127/tools/bin/../lib/gcc/arm-none-eabi/10.3.1/../../../../arm-none-eabi/lib/thumb/v7e-m+fp/hard\libc_nano.a(lib_a-mlock.o)
                0x000000000800ed00                __malloc_unlock
 .text._read_r  0x000000000800ed0c       0x24 c:/st/stm32cubeide_1.4.0/stm32cubeide/plugins/com.st.stm32cube.ide.mcu.externaltools.gnu-tools-for-stm32.10.3-2021.10.win32_1.0.0.202111181127/tools/bin/../lib/gcc/arm-none-eabi/10.3.1/../../../../arm-none-eabi/lib/thumb/v7e-m+fp/hard\libc_nano.a(lib_a-readr.o)
                0x000000000800ed0c                _read_r
 *(.glue_7)
 .glue_7        0x000000000800ed30        0x0 linker stubs
 *(.glue_7t)
 .glue_7t       0x000000000800ed30        0x0 linker stubs
 *(.eh_frame)
 .eh_frame      0x000000000800ed30        0x0 c:/st/stm32cubeide_1.4.0/stm32cubeide/plugins/com.st.stm32cube.ide.mcu.externaltools.gnu-tools-for-stm32.10.3-2021.10.win32_1.0.0.202111181127/tools/bin/../lib/gcc/arm-none-eabi/10.3.1/thumb/v7e-m+fp/hard/crtbegin.o
 *(.init)
 .init          0x000000000800ed30        0x4 c:/st/stm32cubeide_1.4.0/stm32cubeide/plugins/com.st.stm32cube.ide.mcu.externaltools.gnu-tools-for-stm32.10.3-2021.10.win32_1.0.0.202111181127/tools/bin/../lib/gcc/arm-none-eabi/10.3.1/thumb/v7e-m+fp/hard/crti.o
                0x000000000800ed30                _init
 .init          0x000000000800ed34        0x8 c:/st/stm32cubeide_1.4.0/stm32cubeide/plugins/com.st.stm32cube.ide.mcu.externaltools.gnu-tools-for-stm32.10.3-2021.10.win32_1.0.0.202111181127/tools/bin/../lib/gcc/arm-none-eabi/10.3.1/thumb/v7e-m+fp/hard/crtn.o
 *(.fini)
 .fini          0x000000000800ed3c        0x4 c:/st/stm32cubeide_1.4.0/stm32cubeide/plugins/com.st.stm32cube.ide.mcu.externaltools.gnu-tools-for-stm32.10.3-2021.10.win32_1.0.0.202111181127/tools/bin/../lib/gcc/arm-none-eabi/10.3.1/thumb/v7e-m+fp/hard/crti.o
                0x000000000800ed3c                _fini
 .fini          0x000000000800ed40        0x8 c:/st/stm32cubeide_1.4.0/stm32cubeide/plugins/com.st.stm32cube.ide.mcu.externaltools.gnu-tools-for-stm32.10.3-2021.10.win32_1.0.0.202111181127/tools/bin/../lib/gcc/arm-none-eabi/10.3.1/thumb/v7e-m+fp/hard/crtn.o
                0x000000000800ed48                . = ALIGN (0x4)
                0x000000000800ed48                _etext = .

.vfp11_veneer   0x000000000800ed48        0x0
 .vfp11_veneer  0x000000000800ed48        0x0 linker stubs

.v4_bx          0x000000000800ed48        0x0
 .v4_bx         0x000000000800ed48        0x0 linker stubs

.iplt           0x000000000800ed48        0x0
 .iplt          0x000000000800ed48        0x0 c:/st/stm32cubeide_1.4.0/stm32cubeide/plugins/com.st.stm32cube.ide.mcu.externaltools.gnu-tools-for-stm32.10.3-2021.10.win32_1.0.0.202111181127/tools/bin/../lib/gcc/arm-none-eabi/10.3.1/thumb/v7e-m+fp/hard/crtbegin.o

.rodata         0x000000000800ed48    0x221e4
                0x000000000800ed48                . = ALIGN (0x4)
 *(.rodata)
 .rodata        0x000000000800ed48      0x269 ./Core/Src/IC_Drivers/MCP23017.o
 *fill*         0x000000000800efb1        0x3 
 .rodata        0x000000000800efb4       0x56 ./Core/Src/IC_Drivers/MCP23017_Hardware.o
 *fill*         0x000000000800f00a        0x2 
 .rodata        0x000000000800f00c       0xc2 ./Core/Src/log.o
 *fill*         0x000000000800f0ce        0x2 
 .rodata        0x000000000800f0d0       0x1c ./Core/Src/main.o
 .rodata        0x000000000800f0ec       0x5d ./USB_DEVICE/App/usbd_desc.o
 *(.rodata*)
 *fill*         0x000000000800f149        0x1 
 .rodata.MCP23017_AllPins
                0x000000000800f14a        0x2 ./Core/Src/IC_Drivers/MCP23017.o
                0x000000000800f14a                MCP23017_AllPins
 .rodata.MCP23017_NoPins
                0x000000000800f14c        0x2 ./Core/Src/IC_Drivers/MCP23017.o
                0x000000000800f14c                MCP23017_NoPins
 *fill*         0x000000000800f14e        0x2 
 .rodata.MCP23017_IO1_Drv
                0x000000000800f150       0x14 ./Core/Src/IC_Drivers/MCP23017_Hardware.o
                0x000000000800f150                MCP23017_IO1_Drv
 .rodata.MCP23017_IO2_Drv
                0x000000000800f164       0x14 ./Core/Src/IC_Drivers/MCP23017_Hardware.o
                0x000000000800f164                MCP23017_IO2_Drv
 .rodata.MCP23017_IO3_Drv
                0x000000000800f178       0x14 ./Core/Src/IC_Drivers/MCP23017_Hardware.o
                0x000000000800f178                MCP23017_IO3_Drv
 .rodata.MCP23017_IO4_Drv
                0x000000000800f18c       0x14 ./Core/Src/IC_Drivers/MCP23017_Hardware.o
                0x000000000800f18c                MCP23017_IO4_Drv
 .rodata.address.7
                0x000000000800f1a0        0x1 ./Core/Src/IC_Drivers/MCP23017_Hardware.o
 .rodata.address.6
                0x000000000800f1a1        0x1 ./Core/Src/IC_Drivers/MCP23017_Hardware.o
 .rodata.address.5
                0x000000000800f1a2        0x1 ./Core/Src/IC_Drivers/MCP23017_Hardware.o
 .rodata.address.4