../Core/Src/IC_Drivers/ILI9341_Hardware.c:25:13:ILI9341_IO_Init	8	static
../Core/Src/IC_Drivers/ILI9341_Hardware.c:37:13:ILI9341_IO_DeInit	8	static
../Core/Src/IC_Drivers/ILI9341_Hardware.c:48:25:ILI9341_IO_ioctl	16	static
../Core/Src/IC_Drivers/ILI9341_Hardware.c:68:25:ILI9341_IO_WriteReg	32	static
../Core/Src/IC_Drivers/ILI9341_Hardware.c:113:25:ILI9341_IO_ReadReg	24	static
../Core/Src/IC_Drivers/ILI9341_Hardware.c:137:13:ILI9341_CSState	16	static
../Core/Src/IC_Drivers/ILI9341_Hardware.c:152:13:ILI9341_DCRSState	16	static
