../Core/Src/IC_Drivers/MCP23017_Hardware.c:33:13:MCP23017_IO_Init	8	static
../Core/Src/IC_Drivers/MCP23017_Hardware.c:46:13:MCP23017_IO_DeInit	8	static
../Core/Src/IC_Drivers/MCP23017_Hardware.c:58:26:MCP23017_IO_WriteReg	32	static
../Core/Src/IC_Drivers/MCP23017_Hardware.c:73:26:MCP23017_IO_ReadReg	24	static
../Core/Src/IC_Drivers/MCP23017_Hardware.c:90:16:MCP23017_IO_ioctl	16	static
../Core/Src/IC_Drivers/MCP23017_Hardware.c:101:26:MCP23017_IO1_WriteReg	16	static
../Core/Src/IC_Drivers/MCP23017_Hardware.c:113:26:MCP23017_IO1_ReadReg	16	static
../Core/Src/IC_Drivers/MCP23017_Hardware.c:125:26:MCP23017_IO2_WriteReg	16	static
../Core/Src/IC_Drivers/MCP23017_Hardware.c:137:26:MCP23017_IO2_ReadReg	16	static
../Core/Src/IC_Drivers/MCP23017_Hardware.c:149:26:MCP23017_IO3_WriteReg	16	static
../Core/Src/IC_Drivers/MCP23017_Hardware.c:161:26:MCP23017_IO3_ReadReg	16	static
../Core/Src/IC_Drivers/MCP23017_Hardware.c:173:26:MCP23017_IO4_WriteReg	16	static
../Core/Src/IC_Drivers/MCP23017_Hardware.c:185:26:MCP23017_IO4_ReadReg	16	static
